Archive member included because of file (symbol)

E:\LED_DMX512\K64_SD_DMX_MASTER\09_MQXLite\kernel\libkernel.a(int.o)
                              ./09_MQXLite/psp/cortex_m/int_xcpt.o (_int_get_exception_handler)
E:\LED_DMX512\K64_SD_DMX_MASTER\09_MQXLite\kernel\libkernel.a(lwevent.o)
                              ./09_MQXLite/app/03_task_main.o (_lwevent_create)
E:\LED_DMX512\K64_SD_DMX_MASTER\09_MQXLite\kernel\libkernel.a(mqx_utils.o)
                              ./09_MQXLite/psp/cortex_m/int_xcpt.o (_mqx_fatal_error)
E:\LED_DMX512\K64_SD_DMX_MASTER\09_MQXLite\kernel\libkernel.a(mqxlite.o)
                              E:\LED_DMX512\K64_SD_DMX_MASTER\09_MQXLite\kernel\libkernel.a(lwevent.o) (_mqx_zero_tick_struct)
E:\LED_DMX512\K64_SD_DMX_MASTER\09_MQXLite\kernel\libkernel.a(qu_test.o)
                              E:\LED_DMX512\K64_SD_DMX_MASTER\09_MQXLite\kernel\libkernel.a(lwevent.o) (_queue_test)
E:\LED_DMX512\K64_SD_DMX_MASTER\09_MQXLite\kernel\libkernel.a(task.o)
                              ./09_MQXLite/psp/cortex_m/stack_bu.o (_task_exit_function_internal)
E:\LED_DMX512\K64_SD_DMX_MASTER\09_MQXLite\kernel\libkernel.a(time_ticks.o)
                              E:\LED_DMX512\K64_SD_DMX_MASTER\09_MQXLite\kernel\libkernel.a(lwevent.o) (_time_delay_for)
E:\LED_DMX512\K64_SD_DMX_MASTER\09_MQXLite\kernel\libkernel.a(idletask.o)
                              E:\LED_DMX512\K64_SD_DMX_MASTER\09_MQXLite\kernel\libkernel.a(mqx_utils.o) (_mqx_idle_task)
E:\LED_DMX512\K64_SD_DMX_MASTER\09_MQXLite\kernel\libkernel.a(lwsem.o)
                              E:\LED_DMX512\K64_SD_DMX_MASTER\09_MQXLite\kernel\libkernel.a(mqxlite.o) (_lwsem_create)
E:\LED_DMX512\K64_SD_DMX_MASTER\09_MQXLite\kernel\libkernel.a(sched.o)
                              E:\LED_DMX512\K64_SD_DMX_MASTER\09_MQXLite\kernel\libkernel.a(task.o) (_sched_set_priority_internal)
c:/freescale/kds_3.0.0/toolchain/bin/../lib/gcc/arm-none-eabi/4.8.4/armv7e-m/fpu\libgcc.a(_arm_addsubdf3.o)
                              ./07_Soft_Component/printf/printf.o (__aeabi_dsub)
c:/freescale/kds_3.0.0/toolchain/bin/../lib/gcc/arm-none-eabi/4.8.4/armv7e-m/fpu\libgcc.a(_arm_muldivdf3.o)
                              ./07_Soft_Component/printf/printf.o (__aeabi_dmul)
c:/freescale/kds_3.0.0/toolchain/bin/../lib/gcc/arm-none-eabi/4.8.4/armv7e-m/fpu\libgcc.a(_arm_cmpdf2.o)
                              ./07_Soft_Component/printf/printf.o (__aeabi_dcmplt)
c:/freescale/kds_3.0.0/toolchain/bin/../lib/gcc/arm-none-eabi/4.8.4/armv7e-m/fpu\libgcc.a(_arm_fixunsdfsi.o)
                              ./07_Soft_Component/printf/printf.o (__aeabi_d2uiz)
c:/freescale/kds_3.0.0/toolchain/bin/../lib/gcc/arm-none-eabi/4.8.4/armv7e-m/fpu\libgcc.a(_aeabi_uldivmod.o)
                              ./07_Soft_Component/printf/printf.o (__aeabi_uldivmod)
c:/freescale/kds_3.0.0/toolchain/bin/../lib/gcc/arm-none-eabi/4.8.4/armv7e-m/fpu\libgcc.a(_fixunsdfdi.o)
                              ./07_Soft_Component/printf/printf.o (__aeabi_d2ulz)
c:/freescale/kds_3.0.0/toolchain/bin/../lib/gcc/arm-none-eabi/4.8.4/armv7e-m/fpu\libgcc.a(bpabi.o)
                              c:/freescale/kds_3.0.0/toolchain/bin/../lib/gcc/arm-none-eabi/4.8.4/armv7e-m/fpu\libgcc.a(_aeabi_uldivmod.o) (__gnu_uldivmod_helper)
c:/freescale/kds_3.0.0/toolchain/bin/../lib/gcc/arm-none-eabi/4.8.4/armv7e-m/fpu\libgcc.a(_dvmd_tls.o)
                              c:/freescale/kds_3.0.0/toolchain/bin/../lib/gcc/arm-none-eabi/4.8.4/armv7e-m/fpu\libgcc.a(_aeabi_uldivmod.o) (__aeabi_ldiv0)
c:/freescale/kds_3.0.0/toolchain/bin/../lib/gcc/arm-none-eabi/4.8.4/armv7e-m/fpu\libgcc.a(_divdi3.o)
                              c:/freescale/kds_3.0.0/toolchain/bin/../lib/gcc/arm-none-eabi/4.8.4/armv7e-m/fpu\libgcc.a(bpabi.o) (__divdi3)
c:/freescale/kds_3.0.0/toolchain/bin/../lib/gcc/arm-none-eabi/4.8.4/armv7e-m/fpu\libgcc.a(_udivdi3.o)
                              c:/freescale/kds_3.0.0/toolchain/bin/../lib/gcc/arm-none-eabi/4.8.4/armv7e-m/fpu\libgcc.a(bpabi.o) (__udivdi3)
c:/freescale/kds_3.0.0/toolchain/bin/../lib/gcc/arm-none-eabi/4.8.4/../../../../arm-none-eabi/lib/armv7e-m/fpu\libg_s.a(lib_a-memcmp.o)
                              ./07_Soft_Component/w5500/dhcp.o (memcmp)
c:/freescale/kds_3.0.0/toolchain/bin/../lib/gcc/arm-none-eabi/4.8.4/../../../../arm-none-eabi/lib/armv7e-m/fpu\libg_s.a(lib_a-memcpy-stub.o)
                              ./09_MQXLite/app/task_enet.o (memcpy)
c:/freescale/kds_3.0.0/toolchain/bin/../lib/gcc/arm-none-eabi/4.8.4/../../../../arm-none-eabi/lib/armv7e-m/fpu\libg_s.a(lib_a-memset.o)
                              ./09_MQXLite/app/task_enet.o (memset)
c:/freescale/kds_3.0.0/toolchain/bin/../lib/gcc/arm-none-eabi/4.8.4/../../../../arm-none-eabi/lib/armv7e-m/fpu\libg_s.a(lib_a-strcpy.o)
                              ./07_Soft_Component/w5500/dhcp.o (strcpy)
c:/freescale/kds_3.0.0/toolchain/bin/../lib/gcc/arm-none-eabi/4.8.4/../../../../arm-none-eabi/lib/armv7e-m/fpu\libg_s.a(lib_a-strlen.o)
[...]
Memory Configuration

Name             Origin             Length             Attributes
m_interrupts     0x00000000         0x00000400         xr
m_flash_config   0x00000400         0x00000010         xr
m_text           0x00000410         0x0007fbf0         xr
m_data           0x1fff0000         0x00010000         rw
m_data_2         0x20000000         0x00020000         rw
*default*        0x00000000         0xffffffff

Linker script and memory map

LOAD ./09_MQXLite/psp/cortex_m/core/M4/dispatch.o
LOAD ./09_MQXLite/psp/cortex_m/cortex.o
LOAD ./09_MQXLite/psp/cortex_m/int_gkis.o
LOAD ./09_MQXLite/psp/cortex_m/int_inst.o
LOAD ./09_MQXLite/psp/cortex_m/int_kisr.o
LOAD ./09_MQXLite/psp/cortex_m/int_pvta.o
LOAD ./09_MQXLite/psp/cortex_m/int_unx.o
LOAD ./09_MQXLite/psp/cortex_m/int_vtab.o
LOAD ./09_MQXLite/psp/cortex_m/int_xcpt.o
LOAD ./09_MQXLite/psp/cortex_m/mem_zero.o
LOAD ./09_MQXLite/psp/cortex_m/psp_iinit.o
LOAD ./09_MQXLite/psp/cortex_m/psp_supp.o
LOAD ./09_MQXLite/psp/cortex_m/psp_tiad.o
LOAD ./09_MQXLite/psp/cortex_m/psp_tinm.o
LOAD ./09_MQXLite/psp/cortex_m/psp_tipr.o
LOAD ./09_MQXLite/psp/cortex_m/psp_tisu.o
LOAD ./09_MQXLite/psp/cortex_m/sc_irdyq.o
LOAD ./09_MQXLite/psp/cortex_m/stack_bu.o
LOAD ./09_MQXLite/psp/cortex_m/stack_de.o
LOAD ./09_MQXLite/psp/cortex_m/stack_st.o
LOAD ./09_MQXLite/bsp/init_bsp.o
LOAD ./09_MQXLite/bsp/mqx_init.o
LOAD ./09_MQXLite/app/02_task_templates.o
LOAD ./09_MQXLite/app/03_task_main.o
LOAD ./09_MQXLite/app/task_DMX512.o
LOAD ./09_MQXLite/app/task_detect.o
LOAD ./09_MQXLite/app/task_effects.o
LOAD ./09_MQXLite/app/task_enet.o
LOAD ./09_MQXLite/app/task_horserace.o
LOAD ./09_MQXLite/app/task_light.o
LOAD ./09_MQXLite/app/task_sdhc.o
LOAD ./09_MQXLite/app/task_uartsend.o
LOAD ./09_MQXLite/app/task_waterlamp.o
LOAD ./08_Source/isr.o
LOAD ./08_Source/main.o
LOAD ./07_Soft_Component/w5500/SPI2.o
LOAD ./07_Soft_Component/w5500/dhcp.o
LOAD ./07_Soft_Component/w5500/enet.o
LOAD ./07_Soft_Component/w5500/md5.o
LOAD ./07_Soft_Component/w5500/socket.o
LOAD ./07_Soft_Component/w5500/w5500.o
LOAD ./07_Soft_Component/printf/printf.o
LOAD ./07_Soft_Component/common/common.o
LOAD ./07_Soft_Component/comlib_terminal/comlib_terminal.o
LOAD ./07_Soft_Component/comlib_server/comlib_server.o
LOAD ./07_Soft_Component/comlib/comlib.o
LOAD ./07_Soft_Component/buflist/buflist.o
LOAD ./06_App_Component/light/light.o
LOAD ./06_App_Component/emfs/deviceio.o
LOAD ./06_App_Component/emfs/znFAT.o
LOAD ./06_App_Component/diskio/diskio.o
LOAD ./06_App_Component/DMX512/DMX512.o
LOAD ./06_App_Component/Camera/camera.o
LOAD ./05_Driver/uart/uart.o
LOAD ./05_Driver/spi/spi.o
LOAD ./05_Driver/sdhc/sdhc.o
LOAD ./05_Driver/gprs/gprs.o
LOAD ./05_Driver/gpio/gpio.o
LOAD ./05_Driver/flash/flash.o
LOAD ./03_MCU/boot.o
LOAD ./03_MCU/startup_MK64F12.o
LOAD ./03_MCU/system_MK64F12.o
LOAD E:\LED_DMX512\K64_SD_DMX_MASTER\09_MQXLite\kernel\libkernel.a
LOAD c:/freescale/kds_3.0.0/toolchain/bin/../lib/gcc/arm-none-eabi/4.8.4/../../../../arm-none-eabi/lib/armv7e-m/fpu\libstdc++_s.a
LOAD c:/freescale/kds_3.0.0/toolchain/bin/../lib/gcc/arm-none-eabi/4.8.4/../../../../arm-none-eabi/lib/armv7e-m/fpu\libm.a
START GROUP
LOAD c:/freescale/kds_3.0.0/toolchain/bin/../lib/gcc/arm-none-eabi/4.8.4/armv7e-m/fpu\libgcc.a
LOAD c:/freescale/kds_3.0.0/toolchain/bin/../lib/gcc/arm-none-eabi/4.8.4/../../../../arm-none-eabi/lib/armv7e-m/fpu\libg_s.a
LOAD c:/freescale/kds_3.0.0/toolchain/bin/../lib/gcc/arm-none-eabi/4.8.4/../../../../arm-none-eabi/lib/armv7e-m/fpu\libc_s.a
END GROUP
START GROUP
LOAD c:/freescale/kds_3.0.0/toolchain/bin/../lib/gcc/arm-none-eabi/4.8.4/armv7e-m/fpu\libgcc.a
LOAD c:/freescale/kds_3.0.0/toolchain/bin/../lib/gcc/arm-none-eabi/4.8.4/../../../../arm-none-eabi/lib/armv7e-m/fpu\libc_s.a
LOAD c:/freescale/kds_3.0.0/toolchain/bin/../lib/gcc/arm-none-eabi/4.8.4/../../../../arm-none-eabi/lib/armv7e-m/fpu\libnosys.a
END GROUP
START GROUP
LOAD c:/freescale/kds_3.0.0/toolchain/bin/../lib/gcc/arm-none-eabi/4.8.4/armv7e-m/fpu\libgcc.a
LOAD c:/freescale/kds_3.0.0/toolchain/bin/../lib/gcc/arm-none-eabi/4.8.4/../../../../arm-none-eabi/lib/armv7e-m/fpu\libc_s.a
LOAD c:/freescale/kds_3.0.0/toolchain/bin/../lib/gcc/arm-none-eabi/4.8.4/../../../../arm-none-eabi/lib/armv7e-m/fpu\libnosys.a
END GROUP
                0x00000400                HEAP_SIZE = DEFINED (__heap_size__)?__heap_size__:0x400
                0x00000400                STACK_SIZE = DEFINED (__stack_size__)?__stack_size__:0x400

.interrupts     0x00000000      0x198
                0x00000000                __VECTOR_TABLE = .
                0x00000000                . = ALIGN (0x4)
 *(.isr_vector)
 .isr_vector    0x00000000      0x198 ./03_MCU/startup_MK64F12.o
                0x00000000                __isr_vector
                0x00000198                . = ALIGN (0x4)

.flash_config   0x00000400       0x10
                0x00000400                . = ALIGN (0x4)
 *(.FlashConfig)
 .FlashConfig   0x00000400       0x10 ./03_MCU/startup_MK64F12.o
                0x00000410                . = ALIGN (0x4)

.text           0x00000410    0x1f3d0
                0x00000410                . = ALIGN (0x4)
 *(.text)
 .text          0x00000410       0x44 ./03_MCU/boot.o
                0x00000410                __boot
 .text          0x00000454       0x48 ./03_MCU/startup_MK64F12.o
                0x00000454                Reset_Handler
                0x00000498                NMI_Handler
                0x00000498                UsageFault_Handler
                0x00000498                DefaultISR
                0x00000498                HardFault_Handler
                0x00000498                MemManage_Handler
                0x00000498                BusFault_Handler
                0x00000498                DebugMon_Handler
 .text          0x0000049c      0x370 c:/freescale/kds_3.0.0/toolchain/bin/../lib/gcc/arm-none-eabi/4.8.4/armv7e-m/fpu\libgcc.a(_arm_addsubdf3.o)
                0x0000049c                __aeabi_drsub
                0x000004a4                __aeabi_dsub
                0x000004a4                __subdf3
                0x000004a8                __aeabi_dadd
                0x000004a8                __adddf3
                0x00000720                __floatunsidf
                0x00000720                __aeabi_ui2d
                0x00000740                __floatsidf
                0x00000740                __aeabi_i2d
                0x00000764                __aeabi_f2d
                0x00000764                __extendsfdf2
                0x000007a0                __floatundidf
                0x000007a0                __aeabi_ul2d
                0x000007b0                __floatdidf
                0x000007b0                __aeabi_l2d
 .text          0x0000080c      0x424 c:/freescale/kds_3.0.0/toolchain/bin/../lib/gcc/arm-none-eabi/4.8.4/armv7e-m/fpu\libgcc.a(_arm_muldivdf3.o)
                0x0000080c                __aeabi_dmul
                0x0000080c                __muldf3
                0x00000a60                __divdf3
                0x00000a60                __aeabi_ddiv
 .text          0x00000c30      0x110 c:/freescale/kds_3.0.0/toolchain/bin/../lib/gcc/arm-none-eabi/4.8.4/armv7e-m/fpu\libgcc.a(_arm_cmpdf2.o)
                0x00000c30                __gtdf2
                0x00000c30                __gedf2
                0x00000c38                __ltdf2
                0x00000c38                __ledf2
                0x00000c40                __nedf2
                0x00000c40                __eqdf2
                0x00000c40                __cmpdf2
                0x00000cbc                __aeabi_cdrcmple
                0x00000ccc                __aeabi_cdcmpeq
                0x00000ccc                __aeabi_cdcmple
                0x00000cdc                __aeabi_dcmpeq
                0x00000cf0                __aeabi_dcmplt
                0x00000d04                __aeabi_dcmple
                0x00000d18                __aeabi_dcmpge
                0x00000d2c                __aeabi_dcmpgt
 .text          0x00000d40       0x40 c:/freescale/kds_3.0.0/toolchain/bin/../lib/gcc/arm-none-eabi/4.8.4/armv7e-m/fpu\libgcc.a(_arm_fixunsdfsi.o)
                0x00000d40                __aeabi_d2uiz
                0x00000d40                __fixunsdfsi
 .text          0x00000d80       0x2c c:/freescale/kds_3.0.0/toolchain/bin/../lib/gcc/arm-none-eabi/4.8.4/armv7e-m/fpu\libgcc.a(_aeabi_uldivmod.o)
                0x00000d80                __aeabi_uldivmod
 .text          0x00000dac       0x44 c:/freescale/kds_3.0.0/toolchain/bin/../lib/gcc/arm-none-eabi/4.8.4/armv7e-m/fpu\libgcc.a(_fixunsdfdi.o)
                0x00000dac                __fixunsdfdi
                0x00000dac                __aeabi_d2ulz
 .text          0x00000df0       0x60 c:/freescale/kds_3.0.0/toolchain/bin/../lib/gcc/arm-none-eabi/4.8.4/armv7e-m/fpu\libgcc.a(bpabi.o)
                0x00000df0                __gnu_ldivmod_helper
                0x00000e20                __gnu_uldivmod_helper
 .text          0x00000e50        0x4 c:/freescale/kds_3.0.0/toolchain/bin/../lib/gcc/arm-none-eabi/4.8.4/armv7e-m/fpu\libgcc.a(_dvmd_tls.o)
                0x00000e50                __aeabi_idiv0
                0x00000e50                __aeabi_ldiv0
 .text          0x00000e54      0x298 c:/freescale/kds_3.0.0/toolchain/bin/../lib/gcc/arm-none-eabi/4.8.4/armv7e-m/fpu\libgcc.a(_divdi3.o)
                0x00000e54                __divdi3
 .text          0x000010ec      0x284 c:/freescale/kds_3.0.0/toolchain/bin/../lib/gcc/arm-none-eabi/4.8.4/armv7e-m/fpu\libgcc.a(_udivdi3.o)
                0x000010ec                __udivdi3
 *(.text*)
 .text._psp_int_install
                0x00001370       0x28 ./09_MQXLite/psp/cortex_m/int_inst.o
                0x00001370                _psp_int_install
 .text._mem_zero
                0x00001398      0x1c8 ./09_MQXLite/psp/cortex_m/mem_zero.o
                0x00001398                _mem_zero
 .text._psp_int_init
                0x00001560       0x28 ./09_MQXLite/psp/cortex_m/psp_iinit.o
                0x00001560                _psp_int_init
 .text._psp_add_ticks
                0x00001588       0x68 ./09_MQXLite/psp/cortex_m/psp_tiad.o
                0x00001588                _psp_add_ticks
 .text._psp_normalize_ticks
                0x000015f0       0x58 ./09_MQXLite/psp/cortex_m/psp_tinm.o
                0x000015f0                _psp_normalize_ticks
 .text._psp_set_kernel_disable_level
                0x00001648       0xa8 ./09_MQXLite/psp/cortex_m/sc_irdyq.o
                0x00001648                _psp_set_kernel_disable_level
 .text._psp_init_readyqs
                0x000016f0       0xa8 ./09_MQXLite/psp/cortex_m/sc_irdyq.o
                0x000016f0                _psp_init_readyqs
 .text._psp_build_stack_frame
                0x00001798       0x90 ./09_MQXLite/psp/cortex_m/stack_bu.o
                0x00001798                _psp_build_stack_frame
 .text._psp_destroy_stack_frame
                0x00001828       0x14 ./09_MQXLite/psp/cortex_m/stack_de.o
                0x00001828                _psp_destroy_stack_frame
 .text.NVIC_SetPriority
                0x0000183c       0x54 ./09_MQXLite/bsp/init_bsp.o
 .text._bsp_enable_card
                0x00001890       0x80 ./09_MQXLite/bsp/init_bsp.o
                0x00001890                _bsp_enable_card
 .text.systick_init
                0x00001910       0x30 ./09_MQXLite/bsp/init_bsp.o
 .text._bsp_systick
                0x00001940       0x14 ./09_MQXLite/bsp/init_bsp.o
 .text._bsp_get_hwticks
                0x00001954       0x64 ./09_MQXLite/bsp/init_bsp.o
 .text.Reset_W5500
                0x000019b8       0x44 ./09_MQXLite/app/03_task_main.o
                0x000019b8                Reset_W5500
 .text.set_default
                0x000019fc       0xbc ./09_MQXLite/app/03_task_main.o
                0x000019fc                set_default
 .text.task_main
                0x00001ab8      0x508 ./09_MQXLite/app/03_task_main.o
                0x00001ab8                task_main
 .text.task_DMX512
                0x00001fc0       0xfc ./09_MQXLite/app/task_DMX512.o
                0x00001fc0                task_DMX512
 .text.task_detect
                0x000020bc       0x78 ./09_MQXLite/app/task_detect.o
                0x000020bc                task_detect
 .text.task_effects
                0x00002134      0x104 ./09_MQXLite/app/task_effects.o
                0x00002134                task_effects
 .text.__list_add
                0x00002238       0x30 ./09_MQXLite/app/task_enet.o
 .text.list_add_tail
                0x00002268       0x20 ./09_MQXLite/app/task_enet.o
 .text.__list_del
                0x00002288       0x20 ./09_MQXLite/app/task_enet.o
 .text.list_del
                0x000022a8       0x34 ./09_MQXLite/app/task_enet.o
 .text.task_enet
                0x000022dc      0x944 ./09_MQXLite/app/task_enet.o
                0x000022dc                task_enet
 .text.ENETRecvDataProc
                0x00002c20      0x1d4 ./09_MQXLite/app/task_enet.o
                0x00002c20                ENETRecvDataProc
 .text.ENETSendDataProc
                0x00002df4      0x164 ./09_MQXLite/app/task_enet.o
                0x00002df4                ENETSendDataProc
 .text.VerDump  0x00002f58      0x130 ./09_MQXLite/app/task_enet.o
                0x00002f58                VerDump
 .text.AppInfoDump
                0x00003088      0x2d8 ./09_MQXLite/app/task_enet.o
                0x00003088                AppInfoDump
 .text.TerminalMemRead
                0x00003360      0x14c ./09_MQXLite/app/task_enet.o
                0x00003360                TerminalMemRead
 .text.AppRecordRead
                0x000034ac      0x238 ./09_MQXLite/app/task_enet.o
                0x000034ac                AppRecordRead
 .text.AppRecordWrite
                0x000036e4       0xbc ./09_MQXLite/app/task_enet.o
                0x000036e4                AppRecordWrite
 .text.AppRecordProc
                0x000037a0       0xa4 ./09_MQXLite/app/task_enet.o
                0x000037a0                AppRecordProc
 .text.ZigbeeSendDataProc
                0x00003844       0xb8 ./09_MQXLite/app/task_enet.o
                0x00003844                ZigbeeSendDataProc
 .text.TerminalDevAddDelProc
                0x000038fc       0x10 ./09_MQXLite/app/task_enet.o
                0x000038fc                TerminalDevAddDelProc
 .text.task_horserace
                0x0000390c      0x124 ./09_MQXLite/app/task_horserace.o
                0x0000390c                task_horserace
 .text.task_light
                0x00003a30       0x1c ./09_MQXLite/app/task_light.o
                0x00003a30                task_light
 .text.task_sdhc
                0x00003a4c      0x240 ./09_MQXLite/app/task_sdhc.o
                0x00003a4c                task_sdhc
 .text.TerminalDeal
                0x00003c8c      0x158 ./09_MQXLite/app/task_sdhc.o
                0x00003c8c                TerminalDeal
 .text.CalculateFlen
                0x00003de4       0x9c ./09_MQXLite/app/task_sdhc.o
                0x00003de4                CalculateFlen
 .text.task_uartsend
                0x00003e80      0x1a8 ./09_MQXLite/app/task_uartsend.o
                0x00003e80                task_uartsend
 .text.task_waterlamp
                0x00004028       0xe0 ./09_MQXLite/app/task_waterlamp.o
                0x00004028                task_waterlamp
 .text.UART1_RX_ISR
                0x00004108       0x80 ./08_Source/isr.o
                0x00004108                UART1_RX_ISR
 .text.UART2_RX_ISR
                0x00004188       0x3c ./08_Source/isr.o
                0x00004188                UART2_RX_ISR
 .text.UART4_RX_ISR
                0x000041c4       0x34 ./08_Source/isr.o
                0x000041c4                UART4_RX_ISR
 .text.GPIO_ISR
                0x000041f8       0x3c ./08_Source/isr.o
                0x000041f8                GPIO_ISR
 .text.CreateFrame
                0x00004234       0xcc ./08_Source/isr.o
                0x00004234                CreateFrame
 .text.SPI0_ISR
                0x00004300       0x40 ./08_Source/isr.o
                0x00004300                SPI0_ISR
 .text.main     0x00004340       0x14 ./08_Source/main.o
                0x00004340                main
 .text.WIZ_CS   0x00004354       0x34 ./07_Soft_Component/w5500/SPI2.o
                0x00004354                WIZ_CS
 .text.SPI2_SendByte
                0x00004388       0x44 ./07_Soft_Component/w5500/SPI2.o
                0x00004388                SPI2_SendByte
 .text.htonl    0x000043cc       0x34 ./07_Soft_Component/w5500/dhcp.o
                0x000043cc                htonl
 .text.htons    0x00004400       0x2c ./07_Soft_Component/w5500/dhcp.o
                0x00004400                htons
 .text.ntohl    0x0000442c       0x18 ./07_Soft_Component/w5500/dhcp.o
                0x0000442c                ntohl
 .text.reset_DHCP_time
                0x00004444       0x38 ./07_Soft_Component/w5500/dhcp.o
                0x00004444                reset_DHCP_time
 .text.send_DHCP_DISCOVER
                0x0000447c      0x334 ./07_Soft_Component/w5500/dhcp.o
                0x0000447c                send_DHCP_DISCOVER
 .text.send_DHCP_REQUEST
                0x000047b0      0x46c ./07_Soft_Component/w5500/dhcp.o
                0x000047b0                send_DHCP_REQUEST
 .text.send_DHCP_RELEASE_DECLINE
                0x00004c1c      0x33c ./07_Soft_Component/w5500/dhcp.o
                0x00004c1c                send_DHCP_RELEASE_DECLINE
 .text.parseDHCPMSG
                0x00004f58      0x510 ./07_Soft_Component/w5500/dhcp.o
                0x00004f58                parseDHCPMSG
 .text.check_DHCP_state
                0x00005468      0x26c ./07_Soft_Component/w5500/dhcp.o
                0x00005468                check_DHCP_state
 .text.check_DHCP_Timeout
                0x000056d4       0xac ./07_Soft_Component/w5500/dhcp.o
                0x000056d4                check_DHCP_Timeout
 .text.check_leasedIP
                0x00005780       0x7c ./07_Soft_Component/w5500/dhcp.o
                0x00005780                check_leasedIP
 .text.init_dhcp_client
                0x000057fc       0xfc ./07_Soft_Component/w5500/dhcp.o
                0x000057fc                init_dhcp_client
 .text.ENETRecvDataJuge
                0x000058f8       0x80 ./07_Soft_Component/w5500/enet.o
                0x000058f8                ENETRecvDataJuge
 .text.enet_rec
                0x00005978      0x168 ./07_Soft_Component/w5500/enet.o
                0x00005978                enet_rec
 .text.socket   0x00005ae0      0x118 ./07_Soft_Component/w5500/socket.o
                0x00005ae0                socket
 .text.close    0x00005bf8       0x48 ./07_Soft_Component/w5500/socket.o
                0x00005bf8                close
 .text.connect  0x00005c40      0x184 ./07_Soft_Component/w5500/socket.o
                0x00005c40                connect
 .text.send     0x00005dc4      0x124 ./07_Soft_Component/w5500/socket.o
                0x00005dc4                send
 .text.recv     0x00005ee8       0x5c ./07_Soft_Component/w5500/socket.o
                0x00005ee8                recv
 .text.sendto   0x00005f44      0x190 ./07_Soft_Component/w5500/socket.o
                0x00005f44                sendto
 .text.recvfrom
                0x000060d4      0x2a4 ./07_Soft_Component/w5500/socket.o
                0x000060d4                recvfrom
 .text.getIINCHIP_TxMAX
                0x00006378       0x24 ./07_Soft_Component/w5500/w5500.o
                0x00006378                getIINCHIP_TxMAX
 .text.IINCHIP_CSoff
                0x0000639c        0xc ./07_Soft_Component/w5500/w5500.o
                0x0000639c                IINCHIP_CSoff
 .text.IINCHIP_CSon
                0x000063a8        0xc ./07_Soft_Component/w5500/w5500.o
                0x000063a8                IINCHIP_CSon
 .text.IINCHIP_SpiSendData
                0x000063b4       0x1c ./07_Soft_Component/w5500/w5500.o
                0x000063b4                IINCHIP_SpiSendData
 .text.IINCHIP_WRITE
                0x000063d0       0x60 ./07_Soft_Component/w5500/w5500.o
                0x000063d0                IINCHIP_WRITE
 .text.IINCHIP_READ
                0x00006430       0x60 ./07_Soft_Component/w5500/w5500.o
                0x00006430                IINCHIP_READ
 .text.wiz_write_buf
                0x00006490       0x94 ./07_Soft_Component/w5500/w5500.o
                0x00006490                wiz_write_buf
 .text.wiz_read_buf
                0x00006524       0x90 ./07_Soft_Component/w5500/w5500.o
                0x00006524                wiz_read_buf
 .text.iinchip_init
                0x000065b4        0xc ./07_Soft_Component/w5500/w5500.o
                0x000065b4                iinchip_init
 .text.sysinit  0x000065c0      0x234 ./07_Soft_Component/w5500/w5500.o
                0x000065c0                sysinit
 .text.setGAR   0x000067f4       0x1c ./07_Soft_Component/w5500/w5500.o
                0x000067f4                setGAR
 .text.setSUBR  0x00006810       0x1c ./07_Soft_Component/w5500/w5500.o
                0x00006810                setSUBR
 .text.setSHAR  0x0000682c       0x1c ./07_Soft_Component/w5500/w5500.o
                0x0000682c                setSHAR
 .text.setSIPR  0x00006848       0x1c ./07_Soft_Component/w5500/w5500.o
                0x00006848                setSIPR
 .text.getGAR   0x00006864       0x1c ./07_Soft_Component/w5500/w5500.o
                0x00006864                getGAR
 .text.getSUBR  0x00006880       0x1c ./07_Soft_Component/w5500/w5500.o
                0x00006880                getSUBR
 .text.getSIPR  0x0000689c       0x1c ./07_Soft_Component/w5500/w5500.o
                0x0000689c                getSIPR
 .text.setMR    0x000068b8       0x1c ./07_Soft_Component/w5500/w5500.o
                0x000068b8                setMR
 .text.setSIMR  0x000068d4       0x1c ./07_Soft_Component/w5500/w5500.o
                0x000068d4                setSIMR
 .text.getSn_IR
                0x000068f0       0x24 ./07_Soft_Component/w5500/w5500.o
                0x000068f0                getSn_IR
 .text.getSn_SR
                0x00006914       0x24 ./07_Soft_Component/w5500/w5500.o
                0x00006914                getSn_SR
 .text.getSn_TX_FSR
                0x00006938       0x8c ./07_Soft_Component/w5500/w5500.o
                0x00006938                getSn_TX_FSR
 .text.getSn_RX_RSR
                0x000069c4       0x8c ./07_Soft_Component/w5500/w5500.o
                0x000069c4                getSn_RX_RSR
 .text.send_data_processing
                0x00006a50       0xbc ./07_Soft_Component/w5500/w5500.o
                0x00006a50                send_data_processing
 .text.recv_data_processing
                0x00006b0c       0xbc ./07_Soft_Component/w5500/w5500.o
                0x00006b0c                recv_data_processing
 .text.setSn_IR
                0x00006bc8       0x28 ./07_Soft_Component/w5500/w5500.o
                0x00006bc8                setSn_IR
 .text.setSn_IMR
                0x00006bf0       0x2c ./07_Soft_Component/w5500/w5500.o
                0x00006bf0                setSn_IMR
 .text.out_char
                0x00006c1c       0x1c ./07_Soft_Component/printf/printf.o
                0x00006c1c                out_char
 .text.printk_putc
                0x00006c38       0x50 ./07_Soft_Component/printf/printf.o
 .text.printk_mkfloatstr
                0x00006c88      0x338 ./07_Soft_Component/printf/printf.o
                0x00006c88                printk_mkfloatstr
 .text.printk_mknumstr
                0x00006fc0      0x100 ./07_Soft_Component/printf/printf.o
 .text.printk_pad_zero
                0x000070c0       0x34 ./07_Soft_Component/printf/printf.o
 .text.printk_pad_space
                0x000070f4       0x34 ./07_Soft_Component/printf/printf.o
 .text.printk   0x00007128      0xa14 ./07_Soft_Component/printf/printf.o
                0x00007128                printk
 .text.myprintf
                0x00007b3c       0x40 ./07_Soft_Component/printf/printf.o
                0x00007b3c                myprintf
 .text.delay_us
                0x00007b7c       0x3c ./07_Soft_Component/common/common.o
                0x00007b7c                delay_us
 .text.is_timeout
                0x00007bb8       0x64 ./07_Soft_Component/common/common.o
                0x00007bb8                is_timeout
 .text.delay_ms
                0x00007c1c       0x30 ./07_Soft_Component/common/common.o
                0x00007c1c                delay_ms
 .text.LanFrameType
                0x00007c4c       0xfc ./07_Soft_Component/comlib_terminal/comlib_terminal.o
                0x00007c4c                LanFrameType
 .text.MakeCheckInfo
                0x00007d48       0x40 ./07_Soft_Component/comlib_terminal/comlib_terminal.o
                0x00007d48                MakeCheckInfo
 .text.TerminalStructAddr
                0x00007d88       0x88 ./07_Soft_Component/comlib_terminal/comlib_terminal.o
 .text.TerminalAppStructAddr
                0x00007e10       0x30 ./07_Soft_Component/comlib_terminal/comlib_terminal.o
                0x00007e10                TerminalAppStructAddr
 .text.MakeTerminalDataNode
                0x00007e40       0xdc ./07_Soft_Component/comlib_terminal/comlib_terminal.o
 .text.ComTerminalSysAckProc
                0x00007f1c      0x160 ./07_Soft_Component/comlib_terminal/comlib_terminal.o
 .text.ComTerminalAddrAckProc
                0x0000807c       0x94 ./07_Soft_Component/comlib_terminal/comlib_terminal.o
 .text.ComTerminalRFChAckProc
                0x00008110       0x94 ./07_Soft_Component/comlib_terminal/comlib_terminal.o
 .text.ComTerminalRouteAckProc
                0x000081a4       0x94 ./07_Soft_Component/comlib_terminal/comlib_terminal.o
 .text.ComTerminalTranAckProc
                0x00008238       0x94 ./07_Soft_Component/comlib_terminal/comlib_terminal.o
 .text.ComTerminalCamaAckProc
                0x000082cc       0x94 ./07_Soft_Component/comlib_terminal/comlib_terminal.o
 .text.ComTerminalMACIPAckProc
                0x00008360       0x94 ./07_Soft_Component/comlib_terminal/comlib_terminal.o
 .text.ComTerminalMacFlagAckProc
                0x000083f4       0x94 ./07_Soft_Component/comlib_terminal/comlib_terminal.o
 .text.ComTerminalAPPPollProc
                0x00008488      0x140 ./07_Soft_Component/comlib_terminal/comlib_terminal.o
 .text.ComTerminalSysCmdProc
                0x000085c8       0xa8 ./07_Soft_Component/comlib_terminal/comlib_terminal.o
 .text.ComTerminalAppAckProc
                0x00008670      0x2e4 ./07_Soft_Component/comlib_terminal/comlib_terminal.o
 .text.ComTerminalAppCmdProc
                0x00008954      0x3c8 ./07_Soft_Component/comlib_terminal/comlib_terminal.o
 .text.ComTerminalInit
                0x00008d1c       0x1c ./07_Soft_Component/comlib_terminal/comlib_terminal.o
                0x00008d1c                ComTerminalInit
 .text.ComTerminalSendCmd
                0x00008d38       0x5c ./07_Soft_Component/comlib_terminal/comlib_terminal.o
                0x00008d38                ComTerminalSendCmd
 .text.ComTerminalGetLanInfoPre
                0x00008d94      0x144 ./07_Soft_Component/comlib_terminal/comlib_terminal.o
 .text.ComTerminalGetbRouter
                0x00008ed8       0x44 ./07_Soft_Component/comlib_terminal/comlib_terminal.o
                0x00008ed8                ComTerminalGetbRouter
 .text.ComTerminalGetTranNum
                0x00008f1c       0x38 ./07_Soft_Component/comlib_terminal/comlib_terminal.o
                0x00008f1c                ComTerminalGetTranNum
 .text.ComTerminalGetbCsmaca
                0x00008f54       0x44 ./07_Soft_Component/comlib_terminal/comlib_terminal.o
                0x00008f54                ComTerminalGetbCsmaca
 .text.ComTerminalGetRfCh
                0x00008f98       0x38 ./07_Soft_Component/comlib_terminal/comlib_terminal.o
                0x00008f98                ComTerminalGetRfCh
 .text.ComTerminalProc
                0x00008fd0      0x154 ./07_Soft_Component/comlib_terminal/comlib_terminal.o
                0x00008fd0                ComTerminalProc
 .text.__list_add
                0x00009124       0x30 ./07_Soft_Component/comlib_server/comlib_server.o
 .text.list_add_tail
                0x00009154       0x20 ./07_Soft_Component/comlib_server/comlib_server.o
 .text.__list_del
                0x00009174       0x20 ./07_Soft_Component/comlib_server/comlib_server.o
 .text.list_del
                0x00009194       0x34 ./07_Soft_Component/comlib_server/comlib_server.o
 .text.list_empty
                0x000091c8       0x24 ./07_Soft_Component/comlib_server/comlib_server.o
 .text.ServerStructAddr
                0x000091ec       0x7c ./07_Soft_Component/comlib_server/comlib_server.o
 .text.NodeAddrCheck
                0x00009268       0x70 ./07_Soft_Component/comlib_server/comlib_server.o
                0x00009268                NodeAddrCheck
 .text.ServerAddrReqProc
                0x000092d8      0x180 ./07_Soft_Component/comlib_server/comlib_server.o
 .text.ServerAddrSetProc
                0x00009458      0x1e0 ./07_Soft_Component/comlib_server/comlib_server.o
 .text.ServerRFChReqProc
                0x00009638       0xf4 ./07_Soft_Component/comlib_server/comlib_server.o
 .text.ServerRFChSetProc
                0x0000972c      0x128 ./07_Soft_Component/comlib_server/comlib_server.o
 .text.ServerRouteReqProc
                0x00009854       0xf4 ./07_Soft_Component/comlib_server/comlib_server.o
 .text.ServerRouteSetProc
                0x00009948      0x128 ./07_Soft_Component/comlib_server/comlib_server.o
 .text.ServerTranReqProc
                0x00009a70       0xf4 ./07_Soft_Component/comlib_server/comlib_server.o
 .text.ServerTranSetProc
                0x00009b64      0x128 ./07_Soft_Component/comlib_server/comlib_server.o
 .text.ServerCSMACAReqProc
                0x00009c8c       0xf4 ./07_Soft_Component/comlib_server/comlib_server.o
 .text.ServerCSMACASetProc
                0x00009d80      0x128 ./07_Soft_Component/comlib_server/comlib_server.o
 .text.ServerReqAllDevProc
                0x00009ea8      0x2d8 ./07_Soft_Component/comlib_server/comlib_server.o
 .text.ServerAddDevProc
                0x0000a180      0x250 ./07_Soft_Component/comlib_server/comlib_server.o
 .text.ServerDelDevProc
                0x0000a3d0      0x34c ./07_Soft_Component/comlib_server/comlib_server.o
 .text.ServerIPPortReqProc
                0x0000a71c       0xc4 ./07_Soft_Component/comlib_server/comlib_server.o
 .text.ServerIPPortSetProc
                0x0000a7e0      0x10c ./07_Soft_Component/comlib_server/comlib_server.o
 .text.ServerVerReqProc
                0x0000a8ec       0x98 ./07_Soft_Component/comlib_server/comlib_server.o
 .text.ServerAlarmPhoneFlagReqProc
                0x0000a984       0x88 ./07_Soft_Component/comlib_server/comlib_server.o
 .text.ServerAlarmPhoneFlagSetProc
                0x0000aa0c       0xec ./07_Soft_Component/comlib_server/comlib_server.o
 .text.ServerAlarmPhoneReqProc
                0x0000aaf8      0x134 ./07_Soft_Component/comlib_server/comlib_server.o
 .text.ServerAlarmPhoneSetProc
                0x0000ac2c      0x190 ./07_Soft_Component/comlib_server/comlib_server.o
 .text.ServerPollTimeReqProc
                0x0000adbc       0xa8 ./07_Soft_Component/comlib_server/comlib_server.o
 .text.ServerPollTimeSetProc
                0x0000ae64       0xe4 ./07_Soft_Component/comlib_server/comlib_server.o
 .text.PhoneAlarmProc
                0x0000af48       0xd8 ./07_Soft_Component/comlib_server/comlib_server.o
 .text.ServerBroadSetTimeReqProc
                0x0000b020       0x84 ./07_Soft_Component/comlib_server/comlib_server.o
 .text.ServerBroadSetTimeSetProc
                0x0000b0a4       0xe0 ./07_Soft_Component/comlib_server/comlib_server.o
 .text.ServerIPReqMACIP
                0x0000b184       0x48 ./07_Soft_Component/comlib_server/comlib_server.o
 .text.ServerMACReqMACIP
                0x0000b1cc       0xc0 ./07_Soft_Component/comlib_server/comlib_server.o
 .text.ServerMACSetIP
                0x0000b28c       0xc0 ./07_Soft_Component/comlib_server/comlib_server.o
 .text.ServerResetTimeReqProc
                0x0000b34c       0x9c ./07_Soft_Component/comlib_server/comlib_server.o
 .text.ServerWSMCarrierReqProc
                0x0000b3e8       0x88 ./07_Soft_Component/comlib_server/comlib_server.o
 .text.ServerWSMCarrierSetProc
                0x0000b470       0x1c ./07_Soft_Component/comlib_server/comlib_server.o
 .text.ServerWSMVolReqProc
                0x0000b48c       0x1c ./07_Soft_Component/comlib_server/comlib_server.o
 .text.ServerWSMCurReqProc
                0x0000b4a8       0x1c ./07_Soft_Component/comlib_server/comlib_server.o
 .text.ServerWSMSwitchInReqProc
                0x0000b4c4       0x1c ./07_Soft_Component/comlib_server/comlib_server.o
 .text.ServerWSMSwitchOutReqProc
                0x0000b4e0       0x1c ./07_Soft_Component/comlib_server/comlib_server.o
 .text.ServerWSMSwitchOutSetProc
                0x0000b4fc       0x1c ./07_Soft_Component/comlib_server/comlib_server.o
 .text.ServerWSMCompileTimeReqProc
                0x0000b518       0xe0 ./07_Soft_Component/comlib_server/comlib_server.o
 .text.ServerWSMSDDataReqProc
                0x0000b5f8       0x1c ./07_Soft_Component/comlib_server/comlib_server.o
 .text.ServerWSMHeartAttrReqProc
                0x0000b614      0x108 ./07_Soft_Component/comlib_server/comlib_server.o
 .text.ServerWSMHeartAttrSetProc
                0x0000b71c      0x16c ./07_Soft_Component/comlib_server/comlib_server.o
 .text.ServerWSMSysTimeSetProc
                0x0000b888       0x1c ./07_Soft_Component/comlib_server/comlib_server.o
 .text.ServerWSMTimeConReqProc
                0x0000b8a4       0x1c ./07_Soft_Component/comlib_server/comlib_server.o
 .text.ServerWSMTimeConSetProc
                0x0000b8c0       0x1c ./07_Soft_Component/comlib_server/comlib_server.o
 .text.ServerWSMPollAttrReqProc
                0x0000b8dc      0x180 ./07_Soft_Component/comlib_server/comlib_server.o
 .text.ServerWSMPollAttrSetProc
                0x0000ba5c      0x264 ./07_Soft_Component/comlib_server/comlib_server.o
 .text.ServerWSMDevGroupReqProc
                0x0000bcc0      0x158 ./07_Soft_Component/comlib_server/comlib_server.o
 .text.ServerWSMDevGroupSetProc
                0x0000be18      0x138 ./07_Soft_Component/comlib_server/comlib_server.o
 .text.ServerWSMHeartVolNumReqProc
                0x0000bf50       0x90 ./07_Soft_Component/comlib_server/comlib_server.o
 .text.ServerWSMHeartVolNumSetProc
                0x0000bfe0       0x1c ./07_Soft_Component/comlib_server/comlib_server.o
 .text.ServerWSMHeartCurNumReqProc
                0x0000bffc       0x1c ./07_Soft_Component/comlib_server/comlib_server.o
 .text.ServerWSMHeartCurNumSetProc
                0x0000c018       0x1c ./07_Soft_Component/comlib_server/comlib_server.o
 .text.ServerWSMHeartSwitchInNumReqProc
                0x0000c034       0x1c ./07_Soft_Component/comlib_server/comlib_server.o
 .text.ServerWSMHeartSwitchInNumSetProc
                0x0000c050       0x1c ./07_Soft_Component/comlib_server/comlib_server.o
 .text.ServerWSMHeartSwitchOutNumReqProc
                0x0000c06c       0x1c ./07_Soft_Component/comlib_server/comlib_server.o
 .text.ServerWSMHeartSwitchOutNumSetProc
                0x0000c088       0x1c ./07_Soft_Component/comlib_server/comlib_server.o
 .text.ServerTerminalAppCmdProc
                0x0000c0a4      0x114 ./07_Soft_Component/comlib_server/comlib_server.o
 .text.ServerTerminalAppCmdProc_NoGroup
                0x0000c1b8       0xd0 ./07_Soft_Component/comlib_server/comlib_server.o
 .text.ServerDetecDev
                0x0000c288      0x130 ./07_Soft_Component/comlib_server/comlib_server.o
 .text.ServerWriteSDHC
                0x0000c3b8      0x450 ./07_Soft_Component/comlib_server/comlib_server.o
 .text.ServerCmdProc
                0x0000c808     0x1000 ./07_Soft_Component/comlib_server/comlib_server.o
 .text.ComServerInit
                0x0000d808       0x1c ./07_Soft_Component/comlib_server/comlib_server.o
                0x0000d808                ComServerInit
 .text.ComServerProc
                0x0000d824      0x1a8 ./07_Soft_Component/comlib_server/comlib_server.o
                0x0000d824                ComServerProc
 .text.ComServerAck
                0x0000d9cc      0x230 ./07_Soft_Component/comlib_server/comlib_server.o
                0x0000d9cc                ComServerAck
 .text.ComServerHeart_App
                0x0000dbfc       0xb8 ./07_Soft_Component/comlib_server/comlib_server.o
 .text.ComServerHeartProc
                0x0000dcb4        0xc ./07_Soft_Component/comlib_server/comlib_server.o
                0x0000dcb4                ComServerHeartProc
 .text.ComInit  0x0000dcc0      0x118 ./07_Soft_Component/comlib/comlib.o
                0x0000dcc0                ComInit
 .text.ComGetLanInfo
                0x0000ddd8       0x78 ./07_Soft_Component/comlib/comlib.o
                0x0000ddd8                ComGetLanInfo
 .text.ComProc  0x0000de50       0x48 ./07_Soft_Component/comlib/comlib.o
                0x0000de50                ComProc
 .text.ComHeartProc
                0x0000de98        0xc ./07_Soft_Component/comlib/comlib.o
                0x0000de98                ComHeartProc
 .text.ServerFrameAddEsc
                0x0000dea4       0xe0 ./07_Soft_Component/comlib/comlib.o
                0x0000dea4                ServerFrameAddEsc
 .text.ServerFrameDelEsc
                0x0000df84       0xe8 ./07_Soft_Component/comlib/comlib.o
                0x0000df84                ServerFrameDelEsc
 .text.__list_add
                0x0000e06c       0x30 ./07_Soft_Component/buflist/buflist.o
 .text.list_add_tail
                0x0000e09c       0x20 ./07_Soft_Component/buflist/buflist.o
 .text.__list_del
                0x0000e0bc       0x20 ./07_Soft_Component/buflist/buflist.o
 .text.list_del
                0x0000e0dc       0x34 ./07_Soft_Component/buflist/buflist.o
 .text.list_empty
                0x0000e110       0x24 ./07_Soft_Component/buflist/buflist.o
 .text.buflist_init
                0x0000e134       0x78 ./07_Soft_Component/buflist/buflist.o
                0x0000e134                buflist_init
 .text.listnode_get
                0x0000e1ac       0x54 ./07_Soft_Component/buflist/buflist.o
                0x0000e1ac                listnode_get
 .text.listnode_put
                0x0000e200       0x30 ./07_Soft_Component/buflist/buflist.o
                0x0000e200                listnode_put
 .text.light_init
                0x0000e230       0x24 ./06_App_Component/light/light.o
                0x0000e230                light_init
 .text.light_change
                0x0000e254       0x18 ./06_App_Component/light/light.o
                0x0000e254                light_change
 .text.znFAT_Device_Init
                0x0000e26c       0x34 ./06_App_Component/emfs/deviceio.o
                0x0000e26c                znFAT_Device_Init
 .text.znFAT_Device_Read_Sector
                0x0000e2a0       0x78 ./06_App_Component/emfs/deviceio.o
                0x0000e2a0                znFAT_Device_Read_Sector
 .text.znFAT_Device_Write_Sector
                0x0000e318       0x58 ./06_App_Component/emfs/deviceio.o
                0x0000e318                znFAT_Device_Write_Sector
 .text.znFAT_Device_Read_nSector
                0x0000e370       0x68 ./06_App_Component/emfs/deviceio.o
                0x0000e370                znFAT_Device_Read_nSector
 .text.znFAT_Device_Write_nSector
                0x0000e3d8       0x68 ./06_App_Component/emfs/deviceio.o
                0x0000e3d8                znFAT_Device_Write_nSector
 .text.znFAT_Device_Clear_nSector
                0x0000e440       0x90 ./06_App_Component/emfs/deviceio.o
                0x0000e440                znFAT_Device_Clear_nSector
 .text.Memory_Set
                0x0000e4d0       0x40 ./06_App_Component/emfs/znFAT.o
                0x0000e4d0                Memory_Set
 .text.Memory_Compare
                0x0000e510       0x4c ./06_App_Component/emfs/znFAT.o
                0x0000e510                Memory_Compare
 .text.Memory_Copy
                0x0000e55c       0x44 ./06_App_Component/emfs/znFAT.o
                0x0000e55c                Memory_Copy
 .text.StringCopy
                0x0000e5a0       0x4c ./06_App_Component/emfs/znFAT.o
                0x0000e5a0                StringCopy
 .text.StringLen
                0x0000e5ec       0x30 ./06_App_Component/emfs/znFAT.o
                0x0000e5ec                StringLen
 .text.WStringLen
                0x0000e61c       0x30 ./06_App_Component/emfs/znFAT.o
                0x0000e61c                WStringLen
 .text.PGM_WORD_FUN
                0x0000e64c       0x18 ./06_App_Component/emfs/znFAT.o
                0x0000e64c                PGM_WORD_FUN
 .text.znFAT_Select_Device
                0x0000e664       0x30 ./06_App_Component/emfs/znFAT.o
                0x0000e664                znFAT_Select_Device
 .text.Bytes2Value
                0x0000e694       0x6c ./06_App_Component/emfs/znFAT.o
                0x0000e694                Bytes2Value
 .text.Find_FSINFO_Sec
                0x0000e700       0xa4 ./06_App_Component/emfs/znFAT.o
                0x0000e700                Find_FSINFO_Sec
 .text.Search_Free_Cluster_From_Start
                0x0000e7a4       0xb0 ./06_App_Component/emfs/znFAT.o
                0x0000e7a4                Search_Free_Cluster_From_Start
 .text.Update_FSINFO
                0x0000e854       0xd0 ./06_App_Component/emfs/znFAT.o
                0x0000e854                Update_FSINFO
 .text.znFAT_Init
                0x0000e924      0x1a4 ./06_App_Component/emfs/znFAT.o
                0x0000e924                znFAT_Init
 .text.Get_Next_Cluster
                0x0000eac8       0x54 ./06_App_Component/emfs/znFAT.o
                0x0000eac8                Get_Next_Cluster
 .text.znFAT_Seek
                0x0000eb1c      0x414 ./06_App_Component/emfs/znFAT.o
                0x0000eb1c                znFAT_Seek
 .text.znFAT_ReadData
                0x0000ef30      0x6d4 ./06_App_Component/emfs/znFAT.o
                0x0000ef30                znFAT_ReadData
 .text.Check_Illegal_Char
                0x0000f604       0x94 ./06_App_Component/emfs/znFAT.o
                0x0000f604                Check_Illegal_Char
 .text.Check_SFN_Special_Char
                0x0000f698       0xb0 ./06_App_Component/emfs/znFAT.o
                0x0000f698                Check_SFN_Special_Char
 .text.Check_SFN_Dot
                0x0000f748       0x5c ./06_App_Component/emfs/znFAT.o
                0x0000f748                Check_SFN_Dot
 .text.Check_SFN_Illegal_Lower
                0x0000f7a4      0x180 ./06_App_Component/emfs/znFAT.o
                0x0000f7a4                Check_SFN_Illegal_Lower
 .text.Check_SFN_Illegal_Length
                0x0000f924       0xc8 ./06_App_Component/emfs/znFAT.o
                0x0000f924                Check_SFN_Illegal_Length
 .text.To_File_Name
                0x0000f9ec       0xf0 ./06_App_Component/emfs/znFAT.o
                0x0000f9ec                To_File_Name
 .text.Analyse_FDI
                0x0000fadc      0x26c ./06_App_Component/emfs/znFAT.o
                0x0000fadc                Analyse_FDI
 .text.Is_WildFileName
                0x0000fd48       0x50 ./06_App_Component/emfs/znFAT.o
                0x0000fd48                Is_WildFileName
 .text.FindSubStr
                0x0000fd98       0x9c ./06_App_Component/emfs/znFAT.o
                0x0000fd98                FindSubStr
 .text.SFN_Match
                0x0000fe34      0x244 ./06_App_Component/emfs/znFAT.o
                0x0000fe34                SFN_Match
 .text.Modify_FAT
                0x00010078      0x140 ./06_App_Component/emfs/znFAT.o
                0x00010078                Modify_FAT
 .text.Clear_Cluster
                0x000101b8       0x3c ./06_App_Component/emfs/znFAT.o
                0x000101b8                Clear_Cluster
 .text.Update_Next_Free_Cluster
                0x000101f4      0x150 ./06_App_Component/emfs/znFAT.o
                0x000101f4                Update_Next_Free_Cluster
 .text.Is_LFN   0x00010344       0x58 ./06_App_Component/emfs/znFAT.o
                0x00010344                Is_LFN
 .text.Get_Part_Name
                0x0001039c      0x1a4 ./06_App_Component/emfs/znFAT.o
                0x0001039c                Get_Part_Name
 .text.OEM2UNI  0x00010540       0xc0 ./06_App_Component/emfs/znFAT.o
                0x00010540                OEM2UNI
 .text.oemstr2unistr
                0x00010600       0xe8 ./06_App_Component/emfs/znFAT.o
                0x00010600                oemstr2unistr
 .text.WFindSubStr
                0x000106e8       0xc0 ./06_App_Component/emfs/znFAT.o
                0x000106e8                WFindSubStr
 .text.LFN_Match
                0x000107a8      0x244 ./06_App_Component/emfs/znFAT.o
                0x000107a8                LFN_Match
 .text.Get_Binding_SumChk
                0x000109ec       0x54 ./06_App_Component/emfs/znFAT.o
                0x000109ec                Get_Binding_SumChk
 .text.ELFHash  0x00010a40       0x60 ./06_App_Component/emfs/znFAT.o
                0x00010a40                ELFHash
 .text.Hex2Str_32b
                0x00010aa0       0x7c ./06_App_Component/emfs/znFAT.o
                0x00010aa0                Hex2Str_32b
 .text.Make_Short_Name
                0x00010b1c       0x50 ./06_App_Component/emfs/znFAT.o
                0x00010b1c                Make_Short_Name
 .text.Fill_LFN_FDI
                0x00010b6c      0x294 ./06_App_Component/emfs/znFAT.o
                0x00010b6c                Fill_LFN_FDI
 .text.Register_LFN_FDI
                0x00010e00      0x530 ./06_App_Component/emfs/znFAT.o
                0x00010e00                Register_LFN_FDI
 .text.znFAT_Open_File
                0x00011330      0x490 ./06_App_Component/emfs/znFAT.o
                0x00011330                znFAT_Open_File
 .text.Get_Dir_Start_Cluster
                0x000117c0      0x2dc ./06_App_Component/emfs/znFAT.o
                0x000117c0                Get_Dir_Start_Cluster
 .text.znFAT_Enter_Dir
                0x00011a9c       0xf0 ./06_App_Component/emfs/znFAT.o
                0x00011a9c                znFAT_Enter_Dir
 .text.Fill_FDI
                0x00011b8c      0x334 ./06_App_Component/emfs/znFAT.o
                0x00011b8c                Fill_FDI
 .text.Register_FDI
                0x00011ec0      0x1c0 ./06_App_Component/emfs/znFAT.o
                0x00011ec0                Register_FDI
 .text.znFAT_Create_File
                0x00012080      0x264 ./06_App_Component/emfs/znFAT.o
                0x00012080                znFAT_Create_File
 .text.Destroy_FAT_Chain
                0x000122e4      0x1bc ./06_App_Component/emfs/znFAT.o
                0x000122e4                Destroy_FAT_Chain
 .text.znFAT_Delete_File
                0x000124a0       0xf8 ./06_App_Component/emfs/znFAT.o
                0x000124a0                znFAT_Delete_File
 .text.Update_File_Size
                0x00012598       0x88 ./06_App_Component/emfs/znFAT.o
                0x00012598                Update_File_Size
 .text.Update_File_sClust
                0x00012620       0x88 ./06_App_Component/emfs/znFAT.o
                0x00012620                Update_File_sClust
 .text.Create_Cluster_Chain
                0x000126a8      0x668 ./06_App_Component/emfs/znFAT.o
                0x000126a8                Create_Cluster_Chain
 .text.WriteData_From_nCluster
                0x00012d10      0x380 ./06_App_Component/emfs/znFAT.o
                0x00012d10                WriteData_From_nCluster
 .text.znFAT_WriteData
                0x00013090      0x498 ./06_App_Component/emfs/znFAT.o
                0x00013090                znFAT_WriteData
 .text.znFAT_Close_File
                0x00013528       0x34 ./06_App_Component/emfs/znFAT.o
                0x00013528                znFAT_Close_File
 .text.znFAT_Flush_FS
                0x0001355c       0x10 ./06_App_Component/emfs/znFAT.o
                0x0001355c                znFAT_Flush_FS
 .text.disk_initialize
                0x0001356c      0x290 ./06_App_Component/diskio/diskio.o
                0x0001356c                disk_initialize
 .text.disk_read
                0x000137fc       0xe8 ./06_App_Component/diskio/diskio.o
                0x000137fc                disk_read
 .text.disk_write
                0x000138e4      0x144 ./06_App_Component/diskio/diskio.o
                0x000138e4                disk_write
 .text.DMX512_WriteData
                0x00013a28      0x184 ./06_App_Component/DMX512/DMX512.o
                0x00013a28                DMX512_WriteData
 .text.NVIC_EnableIRQ
                0x00013bac       0x30 ./05_Driver/uart/uart.o
 .text.NVIC_DisableIRQ
                0x00013bdc       0x34 ./05_Driver/uart/uart.o
 .text.uart_init
                0x00013c10      0x2e0 ./05_Driver/uart/uart.o
                0x00013c10                uart_init
 .text.uart_send1
                0x00013ef0       0x64 ./05_Driver/uart/uart.o
                0x00013ef0                uart_send1
 .text.uart_sendN
                0x00013f54       0x54 ./05_Driver/uart/uart.o
                0x00013f54                uart_sendN
 .text.uart_re1
                0x00013fa8       0x70 ./05_Driver/uart/uart.o
                0x00013fa8                uart_re1
 .text.uart_enable_re_int
                0x00014018       0x60 ./05_Driver/uart/uart.o
                0x00014018                uart_enable_re_int
 .text.uart_disable_re_int
                0x00014078       0x60 ./05_Driver/uart/uart.o
                0x00014078                uart_disable_re_int
 .text.NVIC_EnableIRQ
                0x000140d8       0x30 ./05_Driver/spi/spi.o
 .text.spi_init
                0x00014108      0x164 ./05_Driver/spi/spi.o
                0x00014108                spi_init
 .text.SPI_send1
                0x0001426c       0x60 ./05_Driver/spi/spi.o
                0x0001426c                SPI_send1
 .text.spi_recieve1
                0x000142cc       0x78 ./05_Driver/spi/spi.o
                0x000142cc                spi_recieve1
 .text.spi_enable_re_int
                0x00014344       0xa8 ./05_Driver/spi/spi.o
                0x00014344                spi_enable_re_int
 .text.spi_get_base_address
                0x000143ec       0x40 ./05_Driver/spi/spi.o
                0x000143ec                spi_get_base_address
 .text.sdhc_init
                0x0001442c       0xf8 ./05_Driver/sdhc/sdhc.o
                0x0001442c                sdhc_init
 .text.sdhc_receive_block
                0x00014524       0xc4 ./05_Driver/sdhc/sdhc.o
                0x00014524                sdhc_receive_block
 .text.sdhc_send_block
                0x000145e8       0x94 ./05_Driver/sdhc/sdhc.o
                0x000145e8                sdhc_send_block
 .text.sdhc_ioctl
                0x0001467c      0x584 ./05_Driver/sdhc/sdhc.o
                0x0001467c                sdhc_ioctl
 .text.SDHC_set_baudrate
                0x00014c00       0xf0 ./05_Driver/sdhc/sdhc.o
 .text.SDHC_is_running
                0x00014cf0       0x28 ./05_Driver/sdhc/sdhc.o
 .text.SDHC_status_wait
                0x00014d18       0x2c ./05_Driver/sdhc/sdhc.o
 .text.SDHC_send_command
                0x00014d44      0x1d0 ./05_Driver/sdhc/sdhc.o
 .text.gprs_isbroken
                0x00014f14       0x18 ./05_Driver/gprs/gprs.o
                0x00014f14                gprs_isbroken
 .text.NVIC_EnableIRQ
                0x00014f2c       0x30 ./05_Driver/gpio/gpio.o
 .text.gpio_port_pin_resolution
                0x00014f5c       0x2c ./05_Driver/gpio/gpio.o
 .text.gpio_init
                0x00014f88       0xb8 ./05_Driver/gpio/gpio.o
                0x00014f88                gpio_init
 .text.gpio_set
                0x00015040       0x68 ./05_Driver/gpio/gpio.o
                0x00015040                gpio_set
 .text.gpio_reverse
                0x000150a8       0x48 ./05_Driver/gpio/gpio.o
                0x000150a8                gpio_reverse
 .text.gpio_enable_int
                0x000150f0       0xb8 ./05_Driver/gpio/gpio.o
                0x000150f0                gpio_enable_int
 .text.flash_erase_sector
                0x000151a8       0xa4 ./05_Driver/flash/flash.o
                0x000151a8                flash_erase_sector
 .text.flash_write
                0x0001524c       0xc8 ./05_Driver/flash/flash.o
                0x0001524c                flash_write
 .text.flash_cmd_launch
                0x00015314       0x44 ./05_Driver/flash/flash.o
 .text.SystemInit
                0x00015358       0x5c ./03_MCU/system_MK64F12.o
                0x00015358                SystemInit
 .text.SystemClockSetup
                0x000153b4      0x4b4 ./03_MCU/system_MK64F12.o
                0x000153b4                SystemClockSetup
 .text._int_default_isr
                0x00015868       0x5c E:\LED_DMX512\K64_SD_DMX_MASTER\09_MQXLite\kernel\libkernel.a(int.o)
                0x00015868                _int_default_isr
 .text._int_disable
                0x000158c4       0x38 E:\LED_DMX512\K64_SD_DMX_MASTER\09_MQXLite\kernel\libkernel.a(int.o)
                0x000158c4                _int_disable
 .text._int_enable
                0x000158fc       0x50 E:\LED_DMX512\K64_SD_DMX_MASTER\09_MQXLite\kernel\libkernel.a(int.o)
                0x000158fc                _int_enable
 .text._int_install_isr
                0x0001594c       0xb8 E:\LED_DMX512\K64_SD_DMX_MASTER\09_MQXLite\kernel\libkernel.a(int.o)
                0x0001594c                _int_install_isr
 .text._int_init
                0x00015a04       0x8c E:\LED_DMX512\K64_SD_DMX_MASTER\09_MQXLite\kernel\libkernel.a(int.o)
                0x00015a04                _int_init
 .text._lwevent_create_internal
                0x00015a90      0x124 E:\LED_DMX512\K64_SD_DMX_MASTER\09_MQXLite\kernel\libkernel.a(lwevent.o)
                0x00015a90                _lwevent_create_internal
 .text._lwevent_create
                0x00015bb4       0x20 E:\LED_DMX512\K64_SD_DMX_MASTER\09_MQXLite\kernel\libkernel.a(lwevent.o)
                0x00015bb4                _lwevent_create
 .text._lwevent_clear
                0x00015bd4       0x94 E:\LED_DMX512\K64_SD_DMX_MASTER\09_MQXLite\kernel\libkernel.a(lwevent.o)
                0x00015bd4                _lwevent_clear
 .text._lwevent_set
                0x00015c68      0x1d4 E:\LED_DMX512\K64_SD_DMX_MASTER\09_MQXLite\kernel\libkernel.a(lwevent.o)
                0x00015c68                _lwevent_set
 .text._lwevent_wait_for
                0x00015e3c       0x2c E:\LED_DMX512\K64_SD_DMX_MASTER\09_MQXLite\kernel\libkernel.a(lwevent.o)
                0x00015e3c                _lwevent_wait_for
 .text._lwevent_wait_internal
                0x00015e68      0x1d4 E:\LED_DMX512\K64_SD_DMX_MASTER\09_MQXLite\kernel\libkernel.a(lwevent.o)
                0x00015e68                _lwevent_wait_internal
 .text._mqx_set_cpu_type
                0x0001603c       0x24 E:\LED_DMX512\K64_SD_DMX_MASTER\09_MQXLite\kernel\libkernel.a(mqx_utils.o)
                0x0001603c                _mqx_set_cpu_type
 .text._mqx_init_kernel_data_internal
                0x00016060      0x190 E:\LED_DMX512\K64_SD_DMX_MASTER\09_MQXLite\kernel\libkernel.a(mqx_utils.o)
                0x00016060                _mqx_init_kernel_data_internal
 .text._mqxlite_init
                0x000161f0       0xb4 E:\LED_DMX512\K64_SD_DMX_MASTER\09_MQXLite\kernel\libkernel.a(mqxlite.o)
                0x000161f0                _mqxlite_init
 .text._mqxlite
                0x000162a4       0xbc E:\LED_DMX512\K64_SD_DMX_MASTER\09_MQXLite\kernel\libkernel.a(mqxlite.o)
                0x000162a4                _mqxlite
 .text._mqx_exit
                0x00016360       0x18 E:\LED_DMX512\K64_SD_DMX_MASTER\09_MQXLite\kernel\libkernel.a(mqxlite.o)
                0x00016360                _mqx_exit
 .text._task_create_at
                0x00016378       0xd4 E:\LED_DMX512\K64_SD_DMX_MASTER\09_MQXLite\kernel\libkernel.a(task.o)
                0x00016378                _task_create_at
 .text._task_destroy_internal
                0x0001644c      0x264 E:\LED_DMX512\K64_SD_DMX_MASTER\09_MQXLite\kernel\libkernel.a(task.o)
                0x0001644c                _task_destroy_internal
 .text._task_destroy
                0x000166b0       0x1c E:\LED_DMX512\K64_SD_DMX_MASTER\09_MQXLite\kernel\libkernel.a(task.o)
                0x000166b0                _task_destroy
 .text._task_get_td
                0x000166cc       0xc4 E:\LED_DMX512\K64_SD_DMX_MASTER\09_MQXLite\kernel\libkernel.a(task.o)
                0x000166cc                _task_get_td
 .text._task_set_error
                0x00016790       0x4c E:\LED_DMX512\K64_SD_DMX_MASTER\09_MQXLite\kernel\libkernel.a(task.o)
                0x00016790                _task_set_error
 .text._task_build_internal
                0x000167dc       0xb4 E:\LED_DMX512\K64_SD_DMX_MASTER\09_MQXLite\kernel\libkernel.a(task.o)
                0x000167dc                _task_build_internal
 .text._task_exit_function_internal
                0x00016890       0x30 E:\LED_DMX512\K64_SD_DMX_MASTER\09_MQXLite\kernel\libkernel.a(task.o)
                0x00016890                _task_exit_function_internal
 .text._task_init_internal
                0x000168c0      0x190 E:\LED_DMX512\K64_SD_DMX_MASTER\09_MQXLite\kernel\libkernel.a(task.o)
                0x000168c0                _task_init_internal
 .text._task_fill_stack_internal
                0x00016a50       0x38 E:\LED_DMX512\K64_SD_DMX_MASTER\09_MQXLite\kernel\libkernel.a(task.o)
                0x00016a50                _task_fill_stack_internal
 .text._task_ready_internal
                0x00016a88       0x44 E:\LED_DMX512\K64_SD_DMX_MASTER\09_MQXLite\kernel\libkernel.a(task.o)
                0x00016a88                _task_ready_internal
 .text._task_alloc_td_internal
                0x00016acc      0x108 E:\LED_DMX512\K64_SD_DMX_MASTER\09_MQXLite\kernel\libkernel.a(task.o)
                0x00016acc                _task_alloc_td_internal
 .text._task_set_error_td_internal
                0x00016bd4       0x30 E:\LED_DMX512\K64_SD_DMX_MASTER\09_MQXLite\kernel\libkernel.a(task.o)
                0x00016bd4                _task_set_error_td_internal
 .text._time_delay_for
                0x00016c04       0x74 E:\LED_DMX512\K64_SD_DMX_MASTER\09_MQXLite\kernel\libkernel.a(time_ticks.o)
                0x00016c04                _time_delay_for
 .text._time_delay_internal
                0x00016c78       0xc8 E:\LED_DMX512\K64_SD_DMX_MASTER\09_MQXLite\kernel\libkernel.a(time_ticks.o)
                0x00016c78                _time_delay_internal
 .text._time_delay_ticks
                0x00016d40       0x7c E:\LED_DMX512\K64_SD_DMX_MASTER\09_MQXLite\kernel\libkernel.a(time_ticks.o)
                0x00016d40                _time_delay_ticks
 .text._time_delay_until
                0x00016dbc       0x70 E:\LED_DMX512\K64_SD_DMX_MASTER\09_MQXLite\kernel\libkernel.a(time_ticks.o)
                0x00016dbc                _time_delay_until
 .text._time_get_ticks
                0x00016e2c       0x90 E:\LED_DMX512\K64_SD_DMX_MASTER\09_MQXLite\kernel\libkernel.a(time_ticks.o)
                0x00016e2c                _time_get_ticks
 .text._time_notify_kernel
                0x00016ebc      0x17c E:\LED_DMX512\K64_SD_DMX_MASTER\09_MQXLite\kernel\libkernel.a(time_ticks.o)
                0x00016ebc                _time_notify_kernel
 .text._time_set_timer_vector
                0x00017038       0x20 E:\LED_DMX512\K64_SD_DMX_MASTER\09_MQXLite\kernel\libkernel.a(time_ticks.o)
                0x00017038                _time_set_timer_vector
 .text._time_set_hwtick_function
                0x00017058       0x28 E:\LED_DMX512\K64_SD_DMX_MASTER\09_MQXLite\kernel\libkernel.a(time_ticks.o)
                0x00017058                _time_set_hwtick_function
 .text._time_set_hwticks_per_tick
                0x00017080       0x20 E:\LED_DMX512\K64_SD_DMX_MASTER\09_MQXLite\kernel\libkernel.a(time_ticks.o)
                0x00017080                _time_set_hwticks_per_tick
 .text._mqx_idle_task
                0x000170a0       0x60 E:\LED_DMX512\K64_SD_DMX_MASTER\09_MQXLite\kernel\libkernel.a(idletask.o)
                0x000170a0                _mqx_idle_task
 .text._lwsem_create_internal
                0x00017100       0xc8 E:\LED_DMX512\K64_SD_DMX_MASTER\09_MQXLite\kernel\libkernel.a(lwsem.o)
                0x00017100                _lwsem_create_internal
 .text._lwsem_create
                0x000171c8       0x20 E:\LED_DMX512\K64_SD_DMX_MASTER\09_MQXLite\kernel\libkernel.a(lwsem.o)
                0x000171c8                _lwsem_create
 .text._lwsem_post
                0x000171e8      0x164 E:\LED_DMX512\K64_SD_DMX_MASTER\09_MQXLite\kernel\libkernel.a(lwsem.o)
                0x000171e8                _lwsem_post
 .text._lwsem_wait
                0x0001734c      0x128 E:\LED_DMX512\K64_SD_DMX_MASTER\09_MQXLite\kernel\libkernel.a(lwsem.o)
                0x0001734c                _lwsem_wait
 .text.memcmp   0x00017474       0x1e c:/freescale/kds_3.0.0/toolchain/bin/../lib/gcc/arm-none-eabi/4.8.4/../../../../arm-none-eabi/lib/armv7e-m/fpu\libg_s.a(lib_a-memcmp.o)
                0x00017474                memcmp
 .text.memcpy   0x00017492       0x12 c:/freescale/kds_3.0.0/toolchain/bin/../lib/gcc/arm-none-eabi/4.8.4/../../../../arm-none-eabi/lib/armv7e-m/fpu\libg_s.a(lib_a-memcpy-stub.o)
                0x00017492                memcpy
 .text.memset   0x000174a4       0x10 c:/freescale/kds_3.0.0/toolchain/bin/../lib/gcc/arm-none-eabi/4.8.4/../../../../arm-none-eabi/lib/armv7e-m/fpu\libg_s.a(lib_a-memset.o)
                0x000174a4                memset
 .text.strcpy   0x000174b4       0x10 c:/freescale/kds_3.0.0/toolchain/bin/../lib/gcc/arm-none-eabi/4.8.4/../../../../arm-none-eabi/lib/armv7e-m/fpu\libg_s.a(lib_a-strcpy.o)
                0x000174b4                strcpy
 .text.strlen   0x000174c4       0x10 c:/freescale/kds_3.0.0/toolchain/bin/../lib/gcc/arm-none-eabi/4.8.4/../../../../arm-none-eabi/lib/armv7e-m/fpu\libg_s.a(lib_a-strlen.o)
                0x000174c4                strlen
 *(.rodata)
 .rodata        0x000174d4       0x88 ./09_MQXLite/app/02_task_templates.o
 .rodata        0x0001755c       0xa4 ./09_MQXLite/app/03_task_main.o
 .rodata        0x00017600        0x8 ./09_MQXLite/app/task_detect.o
 .rodata        0x00017608      0x780 ./09_MQXLite/app/task_enet.o
 .rodata        0x00017d88       0x78 ./09_MQXLite/app/task_sdhc.o
 .rodata        0x00017e00       0x10 ./09_MQXLite/app/task_uartsend.o
 .rodata        0x00017e10       0x24 ./08_Source/isr.o
 .rodata        0x00017e34      0x5e0 ./07_Soft_Component/w5500/dhcp.o
 .rodata        0x00018414       0x78 ./07_Soft_Component/w5500/enet.o
 .rodata        0x0001848c       0x2c ./07_Soft_Component/w5500/socket.o
 .rodata        0x000184b8       0x58 ./07_Soft_Component/w5500/w5500.o
 .rodata        0x00018510      0x10c ./07_Soft_Component/comlib_terminal/comlib_terminal.o
 .rodata        0x0001861c      0x2ec ./07_Soft_Component/comlib_server/comlib_server.o
 .rodata        0x00018908        0x8 ./06_App_Component/emfs/znFAT.o
 .rodata        0x00018910       0x10 E:\LED_DMX512\K64_SD_DMX_MASTER\09_MQXLite\kernel\libkernel.a(mqx_utils.o)
 *(.rodata*)
 .rodata.MQX_init_struct
                0x00018920       0x24 ./09_MQXLite/bsp/mqx_init.o
                0x00018920                MQX_init_struct
 .rodata.MQX_template_list
                0x00018944      0x134 ./09_MQXLite/app/02_task_templates.o
                0x00018944                MQX_template_list
 .rodata.CompileDate
                0x00018a78        0xc ./09_MQXLite/app/task_enet.o
                0x00018a78                CompileDate
 .rodata.CompileTime
                0x00018a84        0xc ./09_MQXLite/app/task_enet.o
                0x00018a84                CompileTime
 .rodata.oem_uni
                0x00018a90     0x69c0 ./06_App_Component/emfs/znFAT.o
                0x00018a90                oem_uni
 .rodata.UART_ARR
                0x0001f450       0x18 ./05_Driver/uart/uart.o
 .rodata.ESDHC_COMMAND_XFERTYP
                0x0001f468      0x100 ./05_Driver/sdhc/sdhc.o
 .rodata.PORT_ARR
                0x0001f568       0x14 ./05_Driver/gpio/gpio.o
 .rodata.GPIO_ARR
                0x0001f57c       0x14 ./05_Driver/gpio/gpio.o
 *(.glue_7)
 .glue_7        0x00000000        0x0 linker stubs
 *(.glue_7t)
 .glue_7t       0x00000000        0x0 linker stubs
 *(.eh_frame)
 *(.init)
 *(.fini)
                0x0001f590                . = ALIGN (0x4)
 *(KERNEL)
 KERNEL         0x0001f590      0x250 ./09_MQXLite/psp/cortex_m/core/M4/dispatch.o
                0x0001f590                _sched_start_internal
                0x0001f594                _sched_run_internal
                0x0001f59a                _sched_check_scheduler_internal
                0x0001f5b8                _sched_execute_scheduler_internal
                0x0001f5bc                _mqx_api_call
                0x0001f5c0                _task_block
                0x0001f5c4                _svc_handler
                0x0001f646                _pend_svc
                0x0001f6ae                _int_kernel_isr
                0x0001f736                _psp_exception_return
                0x0001f770                _psp_save_fp_context_internal
                0x0001f772                _mem_test_and_set
                0x0001f790                __get_PSP
                0x0001f796                __get_MSP
                0x0001f7a2                __get_PSR
                0x0001f7a8                __enable_interrupt
                0x0001f7ac                __disable_interrupt
                0x0001f7b0                __get_LR
                0x0001f7b4                __get_PC
                0x0001f7b8                __get_CONTROL
                0x00000000                __VECTOR_TABLE_START = __VECTOR_TABLE
                0x0001f7e0                . = ALIGN (0x4)
 *(.rdata)
                0x0001f7e0                . = ALIGN (0x4)
 *(.exception)
                0x0001f7e0                . = ALIGN (0x4)
                0x0001f7e0                __exception_table_start__ = .
                0x0001f7e0                __exception_table_end__ = .
                0x0001f7e0                __sinit__ = .

.vfp11_veneer   0x0001f7e0        0x0
 .vfp11_veneer  0x00000000        0x0 linker stubs

.v4_bx          0x0001f7e0        0x0
 .v4_bx         0x00000000        0x0 linker stubs

.iplt           0x0001f7e0        0x0
 .iplt          0x00000000        0x0 ./09_MQXLite/psp/cortex_m/core/M4/dispatch.o

.ARM.extab
 *(.ARM.extab* .gnu.linkonce.armextab.*)

.ARM            0x0001f7e0        0x8
                0x0001f7e0                __exidx_start = .
 *(.ARM.exidx*)
 .ARM.exidx     0x0001f7e0        0x8 c:/freescale/kds_3.0.0/toolchain/bin/../lib/gcc/arm-none-eabi/4.8.4/armv7e-m/fpu\libgcc.a(_divdi3.o)
 .ARM.exidx     0x0001f7e8        0x0 c:/freescale/kds_3.0.0/toolchain/bin/../lib/gcc/arm-none-eabi/4.8.4/armv7e-m/fpu\libgcc.a(_udivdi3.o)
                                  0x8 (size before relaxing)
                0x0001f7e8                __exidx_end = .

.rel.dyn        0x0001f7e8        0x0
 .rel.iplt      0x00000000        0x0 ./09_MQXLite/psp/cortex_m/core/M4/dispatch.o

.ctors          0x0001f7e8        0x0
                0x0001f7e8                __CTOR_LIST__ = .
 *crtbegin.o(.ctors)
 *crtbegin?.o(.ctors)
 *(EXCLUDE_FILE(*crtend.o *crtend?.o) .ctors)
 *(SORT(.ctors.*))
 *(.ctors)
                0x0001f7e8                __CTOR_END__ = .

.dtors          0x0001f7e8        0x0
                0x0001f7e8                __DTOR_LIST__ = .
 *crtbegin.o(.dtors)
 *crtbegin?.o(.dtors)
 *(EXCLUDE_FILE(*crtend.o *crtend?.o) .dtors)
 *(SORT(.dtors.*))
 *(.dtors)
                0x0001f7e8                __DTOR_END__ = .

.preinit_array  0x0001f7e8        0x0
                0x0001f7e8                PROVIDE (__preinit_array_start, .)
 *(.preinit_array*)
                0x0001f7e8                PROVIDE (__preinit_array_end, .)

.init_array     0x0001f7e8        0x0
                0x0001f7e8                PROVIDE (__init_array_start, .)
 *(SORT(.init_array.*))
 *(.init_array*)
                0x0001f7e8                PROVIDE (__init_array_end, .)

.fini_array     0x0001f7e8        0x0
                0x0001f7e8                PROVIDE (__fini_array_start, .)
 *(SORT(.fini_array.*))
 *(.fini_array*)
                0x0001f7e8                PROVIDE (__fini_array_end, .)
                0x0001f7e8                __etext = .
                0x0001f7e8                __DATA_ROM = .

.data           0x1fff0000       0x44 load address 0x0001f7e8
                0x1fff0000                . = ALIGN (0x4)
                0x1fff0000                __DATA_RAM = .
                0x1fff0000                __data_start__ = .
 *(.data)
 *(.data*)
 .data.mqx_task_stack_pointers
                0x1fff0000        0x8 ./09_MQXLite/app/02_task_templates.o
                0x1fff0000                mqx_task_stack_pointers
 .data.DEBUGOUT_LEVEL
                0x1fff0008        0x1 ./09_MQXLite/app/03_task_main.o
                0x1fff0008                DEBUGOUT_LEVEL
 .data.g_bZigbeeInsert
                0x1fff0009        0x1 ./09_MQXLite/app/task_enet.o
                0x1fff0009                g_bZigbeeInsert
 .data.end_light.8657
                0x1fff000a        0x2 ./09_MQXLite/app/task_horserace.o
 .data.sumLen.8703
                0x1fff000c        0x4 ./09_MQXLite/app/task_sdhc.o
 .data.red_value.8656
                0x1fff0010        0x1 ./09_MQXLite/app/task_waterlamp.o
 *fill*         0x1fff0011        0x3 
 .data.SRC_MAC_ADDR
                0x1fff0014        0x4 ./07_Soft_Component/w5500/dhcp.o
                0x1fff0014                SRC_MAC_ADDR
 .data.GET_SN_MASK
                0x1fff0018        0x4 ./07_Soft_Component/w5500/dhcp.o
                0x1fff0018                GET_SN_MASK
 .data.GET_GW_IP
                0x1fff001c        0x4 ./07_Soft_Component/w5500/dhcp.o
                0x1fff001c                GET_GW_IP
 .data.GET_DNS_IP
                0x1fff0020        0x4 ./07_Soft_Component/w5500/dhcp.o
                0x1fff0020                GET_DNS_IP
 .data.GET_SIP  0x1fff0024        0x4 ./07_Soft_Component/w5500/dhcp.o
                0x1fff0024                GET_SIP
 .data.DHCP_XID
                0x1fff0028        0x4 ./07_Soft_Component/w5500/dhcp.o
                0x1fff0028                DHCP_XID
 .data.pRIPMSG  0x1fff002c        0x4 ./07_Soft_Component/w5500/dhcp.o
                0x1fff002c                pRIPMSG
 .data.s_bLinkStart
                0x1fff0030        0x1 ./07_Soft_Component/comlib_server/comlib_server.o
                0x1fff0030                s_bLinkStart
 .data.g_bNodeRet
                0x1fff0031        0x1 ./07_Soft_Component/comlib_server/comlib_server.o
                0x1fff0031                g_bNodeRet
 .data.b_enet   0x1fff0032        0x1 ./07_Soft_Component/comlib_server/comlib_server.o
                0x1fff0032                b_enet
 *fill*         0x1fff0033        0x1 
 .data.znFAT_Buffer
                0x1fff0034        0x4 ./06_App_Component/emfs/znFAT.o
                0x1fff0034                znFAT_Buffer
 .data.Stat     0x1fff0038        0x1 ./06_App_Component/diskio/diskio.o
 *fill*         0x1fff0039        0x3 
 .data.SystemCoreClock
                0x1fff003c        0x4 ./03_MCU/system_MK64F12.o
                0x1fff003c                SystemCoreClock
 .data._mqx_kernel_data
                0x1fff0040        0x4 E:\LED_DMX512\K64_SD_DMX_MASTER\09_MQXLite\kernel\libkernel.a(mqxlite.o)
                0x1fff0040                _mqx_kernel_data
 *(.jcr*)
                0x1fff0044                . = ALIGN (0x4)
                0x1fff0044                __data_end__ = .
                0x0001f82c                __DATA_END = (__DATA_ROM + (__data_end__ - __data_start__))

.igot.plt       0x1fff0044        0x0 load address 0x0001f82c
 .igot.plt      0x00000000        0x0 ./09_MQXLite/psp/cortex_m/core/M4/dispatch.o

.bss            0x1fff0044     0xff4c load address 0x0001f82c
                0x1fff0044                . = ALIGN (0x4)
                0x1fff0044                __START_BSS = .
                0x1fff0044                __bss_start__ = .
 *(.bss)
 *(.bss*)
 .bss.ENETSendFailCount
                0x1fff0044        0x4 ./09_MQXLite/app/task_enet.o
 .bss.enetstate
                0x1fff0048        0x1 ./09_MQXLite/app/task_enet.o
 *fill*         0x1fff0049        0x3 
 .bss.s_comterminalsendfreelist
                0x1fff004c        0x8 ./09_MQXLite/app/task_enet.o
 .bss.s_comterminalrecvdatalist
                0x1fff0054        0x8 ./09_MQXLite/app/task_enet.o
 .bss.s_comterminalrecvfreelist
                0x1fff005c        0x8 ./09_MQXLite/app/task_enet.o
 .bss.s_mtnodedatalist
                0x1fff0064        0x8 ./09_MQXLite/app/task_enet.o
 .bss.s_mtnodefreelist
                0x1fff006c        0x8 ./09_MQXLite/app/task_enet.o
 .bss.start_light.8656
                0x1fff0074        0x2 ./09_MQXLite/app/task_horserace.o
 .bss.green_value.8659
                0x1fff0076        0x1 ./09_MQXLite/app/task_horserace.o
 .bss.blue_value.8660
                0x1fff0077        0x1 ./09_MQXLite/app/task_horserace.o
 .bss.FileParam
                0x1fff0078        0xc ./09_MQXLite/app/task_sdhc.o
 .bss.fileNum   0x1fff0084        0x1 ./09_MQXLite/app/task_sdhc.o
 *fill*         0x1fff0085        0x1 
 .bss.MCUNum    0x1fff0086        0x2 ./09_MQXLite/app/task_sdhc.o
 .bss.chNum     0x1fff0088        0x1 ./09_MQXLite/app/task_sdhc.o
 *fill*         0x1fff0089        0x3 
 .bss.blockNum  0x1fff008c        0x4 ./09_MQXLite/app/task_sdhc.o
 .bss.Flen      0x1fff0090        0x4 ./09_MQXLite/app/task_sdhc.o
 .bss.s_sumLen  0x1fff0094        0x4 ./09_MQXLite/app/task_sdhc.o
 .bss.Block_Index
                0x1fff0098        0x4 ./09_MQXLite/app/task_sdhc.o
 .bss.green_value.8657
                0x1fff009c        0x1 ./09_MQXLite/app/task_waterlamp.o
 .bss.blue_value.8658
                0x1fff009d        0x1 ./09_MQXLite/app/task_waterlamp.o
 .bss.frameCount.8683
                0x1fff009e        0x1 ./08_Source/isr.o
 *fill*         0x1fff009f        0x1 
 .bss.DHCP_SIP  0x1fff00a0        0x4 ./07_Soft_Component/w5500/dhcp.o
                0x1fff00a0                DHCP_SIP
 .bss.DHCP_REAL_SIP
                0x1fff00a4        0x4 ./07_Soft_Component/w5500/dhcp.o
                0x1fff00a4                DHCP_REAL_SIP
 .bss.dhcp_state
                0x1fff00a8        0x1 ./07_Soft_Component/w5500/dhcp.o
                0x1fff00a8                dhcp_state
 .bss.dhcp_retry_count
                0x1fff00a9        0x1 ./07_Soft_Component/w5500/dhcp.o
                0x1fff00a9                dhcp_retry_count
 .bss.DHCP_timeout
                0x1fff00aa        0x1 ./07_Soft_Component/w5500/dhcp.o
                0x1fff00aa                DHCP_timeout
 *fill*         0x1fff00ab        0x1 
 .bss.dhcp_time
                0x1fff00ac        0x4 ./07_Soft_Component/w5500/dhcp.o
                0x1fff00ac                dhcp_time
 .bss.next_dhcp_time
                0x1fff00b0        0x4 ./07_Soft_Component/w5500/dhcp.o
                0x1fff00b0                next_dhcp_time
 .bss.dhcp_tick_cnt
                0x1fff00b4        0x4 ./07_Soft_Component/w5500/dhcp.o
                0x1fff00b4                dhcp_tick_cnt
 .bss.local_port
                0x1fff00b8        0x2 ./07_Soft_Component/w5500/socket.o
 *fill*         0x1fff00ba        0x2 
 .bss.SSIZE     0x1fff00bc       0x10 ./07_Soft_Component/w5500/w5500.o
 .bss.RSIZE     0x1fff00cc       0x10 ./07_Soft_Component/w5500/w5500.o
 .bss.s_ptcomterminalinfo
                0x1fff00dc        0x4 ./07_Soft_Component/comlib_terminal/comlib_terminal.o
 .bss.s_bmhcnodeidchange
                0x1fff00e0        0x1 ./07_Soft_Component/comlib_server/comlib_server.o
 .bss.s_bpollack
                0x1fff00e1        0x1 ./07_Soft_Component/comlib_server/comlib_server.o
                0x1fff00e1                s_bpollack
 .bss.b_sd      0x1fff00e2        0x1 ./07_Soft_Component/comlib_server/comlib_server.o
                0x1fff00e2                b_sd
 .bss.g_bSDWaitEvent
                0x1fff00e3        0x1 ./07_Soft_Component/comlib_server/comlib_server.o
                0x1fff00e3                g_bSDWaitEvent
 .bss.g_bDMXWaitEvent
                0x1fff00e4        0x1 ./07_Soft_Component/comlib_server/comlib_server.o
                0x1fff00e4                g_bDMXWaitEvent
 .bss.s_bAckFlash
                0x1fff00e5        0x1 ./07_Soft_Component/comlib_server/comlib_server.o
 *fill*         0x1fff00e6        0x2 
 .bss.s_AckRet  0x1fff00e8        0x4 ./07_Soft_Component/comlib_server/comlib_server.o
 .bss.s_AckData
                0x1fff00ec       0x20 ./07_Soft_Component/comlib_server/comlib_server.o
 .bss.s_broadsetcount
                0x1fff010c        0x1 ./07_Soft_Component/comlib_server/comlib_server.o
 *fill*         0x1fff010d        0x3 
 .bss.s_broadsetbuf
                0x1fff0110       0x34 ./07_Soft_Component/comlib_server/comlib_server.o
 .bss.s_broadsetlen
                0x1fff0144        0x1 ./07_Soft_Component/comlib_server/comlib_server.o
 .bss.g_gsmsendlen
                0x1fff0145        0x1 ./07_Soft_Component/comlib_server/comlib_server.o
                0x1fff0145                g_gsmsendlen
 *fill*         0x1fff0146        0x2 
 .bss.mqx_tick_heartticks.9322
                0x1fff0148        0xc ./07_Soft_Component/comlib_server/comlib_server.o
 .bss.s_tcominfo
                0x1fff0154       0xac ./07_Soft_Component/comlib/comlib.o
 .bss.Dev_No    0x1fff0200        0x1 ./06_App_Component/emfs/znFAT.o
                0x1fff0200                Dev_No
 *fill*         0x1fff0201        0x3 
 .bss.just_file
                0x1fff0204        0x4 ./06_App_Component/emfs/znFAT.o
                0x1fff0204                just_file
 .bss.s_uart0.6534
                0x1fff0208        0x1 ./05_Driver/uart/uart.o
 .bss.s_bLinkBroken
                0x1fff0209        0x1 ./05_Driver/gprs/gprs.o
 *(COMMON)
 *fill*         0x1fff020a        0x2 
 COMMON         0x1fff020c      0xc70 ./09_MQXLite/bsp/mqx_init.o
                0x1fff020c                mqx_interrupt_stack
                0x1fff041c                mqx_kernel_data
                0x1fff0680                mqx_static_ready_queue
                0x1fff0790                mqx_static_isr_table
                0x1fff0ba4                mqx_idle_task_stack
                0x1fff0d14                mqx_system_stack
 COMMON         0x1fff0e7c       0xc6 ./09_MQXLite/app/02_task_templates.o
                0x1fff0e7c                ConfigMsg
                0x1fff0ea0                RecvMsg
                0x1fff0ec4                s_tappinfo
 *fill*         0x1fff0f42        0x2 
 COMMON         0x1fff0f44     0xe5e0 ./09_MQXLite/app/03_task_main.o
                0x1fff0f44                lwevent_group
                0x1fff0f68                g_smallrecvfreelist
                0x1fff0f70                uart_recvBuf
                0x1fff1070                task_main_stack
                0x1fffed00                g_tffreelist
                0x1fffed20                g_tfdatalist
                0x1fffed40                g_enetrecvdatalist
                0x1fffed48                g_largerecvfreelist
                0x1fffed50                task_light_stack
                0x1ffff1c8                g_tLargeBufNode
                0x1ffff254                sdInitArgs
                0x1ffff27c                g_tSmallBufNode
                0x1ffff51c                dt1
 COMMON         0x1ffff524        0x1 ./09_MQXLite/app/task_DMX512.o
                0x1ffff524                effectflag
 *fill*         0x1ffff525        0x3 
 COMMON         0x1ffff528       0x22 ./09_MQXLite/app/task_enet.o
                0x1ffff528                s_comserversendfreelist
                0x1ffff530                HMC_KINETIS_K60_VER_PROT_MAJOR
                0x1ffff534                s_comserversenddatalist
                0x1ffff53c                HMC_KINETIS_K60_VER_HARD_MINOR
                0x1ffff53d                HMC_KINETIS_K60_VER_SOFT_MINOR
                0x1ffff53e                HMC_KINETIS_K60_VER_PROT_MINOR
                0x1ffff540                s_comterminalsenddatalist
                0x1ffff548                HMC_KINETIS_K60_VER_SOFT_MAJOR
                0x1ffff549                HMC_KINETIS_K60_VER_HARD_MAJOR
 *fill*         0x1ffff54a        0x2 
 COMMON         0x1ffff54c      0x206 ./09_MQXLite/app/task_sdhc.o
                0x1ffff54c                cmd_array
                0x1ffff648                fileinfo1
                0x1ffff748                lightnum
                0x1ffff74c                FrameNum
                0x1ffff750                timeInterval
 *fill*         0x1ffff752        0x2 
 COMMON         0x1ffff754        0xc ./08_Source/isr.o
                0x1ffff754                effects
                0x1ffff758                detect_receive
 COMMON         0x1ffff760      0x40c ./07_Soft_Component/w5500/dhcp.o
                0x1ffff760                EXTERN_DHCPBUF
                0x1ffffb60                OLD_SIP
                0x1ffffb64                DHCP_timer
                0x1ffffb68                dhcp_lease_time
 COMMON         0x1ffffb6c      0x1d0 ./07_Soft_Component/comlib_server/comlib_server.o
                0x1ffffb6c                s_ptcomserverinfo
                0x1ffffb70                WriteWhichFile
                0x1ffffb74                fileinfoslave
                0x1ffffc74                g_gsmsendbuf
 COMMON         0x1ffffd3c       0x34 ./06_App_Component/emfs/deviceio.o
                0x1ffffd3c                ioctl
                0x1ffffd44                inquiryResult
                0x1ffffd68                blkSize
                0x1ffffd6c                numBlks
 COMMON         0x1ffffd70      0x204 ./06_App_Component/emfs/znFAT.o
                0x1ffffd70                pInit_Args
                0x1ffffd74                tmpBuf
 COMMON         0x1fffff74       0x18 ./05_Driver/sdhc/sdhc.o
                0x1fffff74                SDHC_Card
 COMMON         0x1fffff8c        0x4 E:\LED_DMX512\K64_SD_DMX_MASTER\09_MQXLite\kernel\libkernel.a(task.o)
                0x1fffff8c                _tad_task_at_flag
                0x1fffff90                . = ALIGN (0x4)
                0x1fffff90                __bss_end__ = .
                0x1fffff90                __END_BSS = .
                0x1fffff90                __edata = .
                0x1fffff90                ___m_data_2_ROMStart = .

.m_data_2       0x20000000     0x6638 load address 0x1fffff90
                0x20000000                . = ALIGN (0x4)
                0x20000000                ___m_data_2_RAMStart = .
 *(.m_data_2)
 .m_data_2      0x20000000     0x5e38 ./09_MQXLite/app/03_task_main.o
                0x20000000                task_DMX512_stack
                0x20000490                task_sdhc_stack
                0x20000920                task_enet_stack
                0x200045b0                task_detect_stack
                0x20004a40                task_effects_stack
                0x20004cd0                task_waterlamp_stack
                0x20004f60                task_horserace_stack
                0x200051f0                task_uartsend_stack
 .m_data_2      0x20005e38      0x800 ./09_MQXLite/app/task_effects.o
                0x20005e38                colorBuf
                0x20006638                ___m_data_2_RAMEnd = .
                0x20006638                . = ALIGN (0x4)

.heap           0x20006638      0x400 load address 0x200065c8
                0x20006638                . = ALIGN (0x8)
                0x20006638                __end__ = .
                0x20006638                PROVIDE (end, .)
                0x20006638                __HeapBase = .
                0x20006a38                . = (. + HEAP_SIZE)
 *fill*         0x20006638      0x400 
                0x20006a38                __HeapLimit = .

.stack          0x20006a38      0x400 load address 0x200069c8
                0x20006a38                . = ALIGN (0x8)
                0x20006e38                . = (. + STACK_SIZE)
 *fill*         0x20006a38      0x400 
                0x20020000                __StackTop = (ORIGIN (m_data_2) + 0x20000)
                0x2001fc00                __StackLimit = (__StackTop - STACK_SIZE)
                0x20020000                PROVIDE (__stack, __StackTop)

.ARM.attributes
                0x00000000       0x35
 *(.ARM.attributes)
 .ARM.attributes
                0x00000000       0x25 ./09_MQXLite/psp/cortex_m/core/M4/dispatch.o
 .ARM.attributes
                0x00000025       0x39 ./09_MQXLite/psp/cortex_m/int_inst.o
 .ARM.attributes
                0x0000005e       0x39 ./09_MQXLite/psp/cortex_m/mem_zero.o
 .ARM.attributes
                0x00000097       0x39 ./09_MQXLite/psp/cortex_m/psp_iinit.o
 .ARM.attributes
                0x000000d0       0x39 ./09_MQXLite/psp/cortex_m/psp_tiad.o
 .ARM.attributes
                0x00000109       0x39 ./09_MQXLite/psp/cortex_m/psp_tinm.o
 .ARM.attributes
                0x00000142       0x39 ./09_MQXLite/psp/cortex_m/sc_irdyq.o
 .ARM.attributes
                0x0000017b       0x39 ./09_MQXLite/psp/cortex_m/stack_bu.o
 .ARM.attributes
                0x000001b4       0x39 ./09_MQXLite/psp/cortex_m/stack_de.o
 .ARM.attributes
                0x000001ed       0x39 ./09_MQXLite/bsp/init_bsp.o
 .ARM.attributes
                0x00000226       0x39 ./09_MQXLite/bsp/mqx_init.o
 .ARM.attributes
                0x0000025f       0x39 ./09_MQXLite/app/02_task_templates.o
 .ARM.attributes
                0x00000298       0x39 ./09_MQXLite/app/03_task_main.o
 .ARM.attributes
                0x000002d1       0x39 ./09_MQXLite/app/task_DMX512.o
 .ARM.attributes
                0x0000030a       0x39 ./09_MQXLite/app/task_detect.o
 .ARM.attributes
                0x00000343       0x39 ./09_MQXLite/app/task_effects.o
 .ARM.attributes
                0x0000037c       0x39 ./09_MQXLite/app/task_enet.o
 .ARM.attributes
                0x000003b5       0x39 ./09_MQXLite/app/task_horserace.o
 .ARM.attributes
                0x000003ee       0x39 ./09_MQXLite/app/task_light.o
 .ARM.attributes
                0x00000427       0x39 ./09_MQXLite/app/task_sdhc.o
 .ARM.attributes
                0x00000460       0x39 ./09_MQXLite/app/task_uartsend.o
 .ARM.attributes
                0x00000499       0x39 ./09_MQXLite/app/task_waterlamp.o
 .ARM.attributes
                0x000004d2       0x39 ./08_Source/isr.o
 .ARM.attributes
                0x0000050b       0x39 ./08_Source/main.o
 .ARM.attributes
                0x00000544       0x39 ./07_Soft_Component/w5500/SPI2.o
 .ARM.attributes
                0x0000057d       0x39 ./07_Soft_Component/w5500/dhcp.o
 .ARM.attributes
                0x000005b6       0x39 ./07_Soft_Component/w5500/enet.o
 .ARM.attributes
                0x000005ef       0x39 ./07_Soft_Component/w5500/socket.o
 .ARM.attributes
                0x00000628       0x39 ./07_Soft_Component/w5500/w5500.o
 .ARM.attributes
                0x00000661       0x39 ./07_Soft_Component/printf/printf.o
 .ARM.attributes
                0x0000069a       0x39 ./07_Soft_Component/common/common.o
 .ARM.attributes
                0x000006d3       0x39 ./07_Soft_Component/comlib_terminal/comlib_terminal.o
 .ARM.attributes
                0x0000070c       0x39 ./07_Soft_Component/comlib_server/comlib_server.o
 .ARM.attributes
                0x00000745       0x39 ./07_Soft_Component/comlib/comlib.o
 .ARM.attributes
                0x0000077e       0x39 ./07_Soft_Component/buflist/buflist.o
 .ARM.attributes
                0x000007b7       0x39 ./06_App_Component/light/light.o
 .ARM.attributes
                0x000007f0       0x39 ./06_App_Component/emfs/deviceio.o
 .ARM.attributes
                0x00000829       0x39 ./06_App_Component/emfs/znFAT.o
 .ARM.attributes
                0x00000862       0x39 ./06_App_Component/diskio/diskio.o
 .ARM.attributes
                0x0000089b       0x39 ./06_App_Component/DMX512/DMX512.o
 .ARM.attributes
                0x000008d4       0x39 ./05_Driver/uart/uart.o
 .ARM.attributes
                0x0000090d       0x39 ./05_Driver/spi/spi.o
 .ARM.attributes
                0x00000946       0x39 ./05_Driver/sdhc/sdhc.o
 .ARM.attributes
                0x0000097f       0x39 ./05_Driver/gprs/gprs.o
 .ARM.attributes
                0x000009b8       0x39 ./05_Driver/gpio/gpio.o
 .ARM.attributes
                0x000009f1       0x39 ./05_Driver/flash/flash.o
 .ARM.attributes
                0x00000a2a       0x25 ./03_MCU/boot.o
 .ARM.attributes
                0x00000a4f       0x1f ./03_MCU/startup_MK64F12.o
 .ARM.attributes
                0x00000a6e       0x39 ./03_MCU/system_MK64F12.o
 .ARM.attributes
                0x00000aa7       0x39 E:\LED_DMX512\K64_SD_DMX_MASTER\09_MQXLite\kernel\libkernel.a(int.o)
 .ARM.attributes
                0x00000ae0       0x39 E:\LED_DMX512\K64_SD_DMX_MASTER\09_MQXLite\kernel\libkernel.a(lwevent.o)
 .ARM.attributes
                0x00000b19       0x39 E:\LED_DMX512\K64_SD_DMX_MASTER\09_MQXLite\kernel\libkernel.a(mqx_utils.o)
 .ARM.attributes
                0x00000b52       0x39 E:\LED_DMX512\K64_SD_DMX_MASTER\09_MQXLite\kernel\libkernel.a(mqxlite.o)
 .ARM.attributes
                0x00000b8b       0x39 E:\LED_DMX512\K64_SD_DMX_MASTER\09_MQXLite\kernel\libkernel.a(task.o)
 .ARM.attributes
                0x00000bc4       0x39 E:\LED_DMX512\K64_SD_DMX_MASTER\09_MQXLite\kernel\libkernel.a(time_ticks.o)
 .ARM.attributes
                0x00000bfd       0x39 E:\LED_DMX512\K64_SD_DMX_MASTER\09_MQXLite\kernel\libkernel.a(idletask.o)
 .ARM.attributes
                0x00000c36       0x39 E:\LED_DMX512\K64_SD_DMX_MASTER\09_MQXLite\kernel\libkernel.a(lwsem.o)
 .ARM.attributes
                0x00000c6f       0x22 c:/freescale/kds_3.0.0/toolchain/bin/../lib/gcc/arm-none-eabi/4.8.4/armv7e-m/fpu\libgcc.a(_arm_addsubdf3.o)
 .ARM.attributes
                0x00000c91       0x22 c:/freescale/kds_3.0.0/toolchain/bin/../lib/gcc/arm-none-eabi/4.8.4/armv7e-m/fpu\libgcc.a(_arm_muldivdf3.o)
 .ARM.attributes
                0x00000cb3       0x22 c:/freescale/kds_3.0.0/toolchain/bin/../lib/gcc/arm-none-eabi/4.8.4/armv7e-m/fpu\libgcc.a(_arm_cmpdf2.o)
 .ARM.attributes
                0x00000cd5       0x22 c:/freescale/kds_3.0.0/toolchain/bin/../lib/gcc/arm-none-eabi/4.8.4/armv7e-m/fpu\libgcc.a(_arm_fixunsdfsi.o)
 .ARM.attributes
                0x00000cf7       0x22 c:/freescale/kds_3.0.0/toolchain/bin/../lib/gcc/arm-none-eabi/4.8.4/armv7e-m/fpu\libgcc.a(_aeabi_uldivmod.o)
 .ARM.attributes
                0x00000d19       0x34 c:/freescale/kds_3.0.0/toolchain/bin/../lib/gcc/arm-none-eabi/4.8.4/armv7e-m/fpu\libgcc.a(_fixunsdfdi.o)
 .ARM.attributes
                0x00000d4d       0x34 c:/freescale/kds_3.0.0/toolchain/bin/../lib/gcc/arm-none-eabi/4.8.4/armv7e-m/fpu\libgcc.a(bpabi.o)
 .ARM.attributes
                0x00000d81       0x22 c:/freescale/kds_3.0.0/toolchain/bin/../lib/gcc/arm-none-eabi/4.8.4/armv7e-m/fpu\libgcc.a(_dvmd_tls.o)
 .ARM.attributes
                0x00000da3       0x34 c:/freescale/kds_3.0.0/toolchain/bin/../lib/gcc/arm-none-eabi/4.8.4/armv7e-m/fpu\libgcc.a(_divdi3.o)
 .ARM.attributes
                0x00000dd7       0x34 c:/freescale/kds_3.0.0/toolchain/bin/../lib/gcc/arm-none-eabi/4.8.4/armv7e-m/fpu\libgcc.a(_udivdi3.o)
 .ARM.attributes
                0x00000e0b       0x34 c:/freescale/kds_3.0.0/toolchain/bin/../lib/gcc/arm-none-eabi/4.8.4/../../../../arm-none-eabi/lib/armv7e-m/fpu\libg_s.a(lib_a-memcmp.o)
 .ARM.attributes
                0x00000e3f       0x34 c:/freescale/kds_3.0.0/toolchain/bin/../lib/gcc/arm-none-eabi/4.8.4/../../../../arm-none-eabi/lib/armv7e-m/fpu\libg_s.a(lib_a-memcpy-stub.o)
 .ARM.attributes
                0x00000e73       0x34 c:/freescale/kds_3.0.0/toolchain/bin/../lib/gcc/arm-none-eabi/4.8.4/../../../../arm-none-eabi/lib/armv7e-m/fpu\libg_s.a(lib_a-memset.o)
 .ARM.attributes
                0x00000ea7       0x34 c:/freescale/kds_3.0.0/toolchain/bin/../lib/gcc/arm-none-eabi/4.8.4/../../../../arm-none-eabi/lib/armv7e-m/fpu\libg_s.a(lib_a-strcpy.o)
 .ARM.attributes
                0x00000edb       0x34 c:/freescale/kds_3.0.0/toolchain/bin/../lib/gcc/arm-none-eabi/4.8.4/../../../../arm-none-eabi/lib/armv7e-m/fpu\libg_s.a(lib_a-strlen.o)
                0x00000001                ASSERT ((__StackLimit >= __HeapLimit), region m_data_2 overflowed with stack and heap)
OUTPUT(K64_DMX_MASTER.elf elf32-littlearm)

.debug_line     0x00000000    0x1e5d5
 .debug_line    0x00000000      0x17d ./09_MQXLite/psp/cortex_m/core/M4/dispatch.o
 .debug_line    0x0000017d      0x4c8 ./09_MQXLite/psp/cortex_m/int_inst.o
 .debug_line    0x00000645      0x546 ./09_MQXLite/psp/cortex_m/mem_zero.o
 .debug_line    0x00000b8b      0x4c0 ./09_MQXLite/psp/cortex_m/psp_iinit.o
 .debug_line    0x0000104b      0x4c3 ./09_MQXLite/psp/cortex_m/psp_tiad.o
 .debug_line    0x0000150e      0x4c1 ./09_MQXLite/psp/cortex_m/psp_tinm.o
 .debug_line    0x000019cf      0x518 ./09_MQXLite/psp/cortex_m/sc_irdyq.o
 .debug_line    0x00001ee7      0x4cd ./09_MQXLite/psp/cortex_m/stack_bu.o
 .debug_line    0x000023b4      0x4bb ./09_MQXLite/psp/cortex_m/stack_de.o
 .debug_line    0x0000286f      0x5e1 ./09_MQXLite/bsp/init_bsp.o
 .debug_line    0x00002e50      0x4a2 ./09_MQXLite/bsp/mqx_init.o
 .debug_line    0x000032f2      0xb9a ./09_MQXLite/app/02_task_templates.o
 .debug_line    0x00003e8c      0xc7b ./09_MQXLite/app/03_task_main.o
 .debug_line    0x00004b07      0xbf7 ./09_MQXLite/app/task_DMX512.o
 .debug_line    0x000056fe      0xbbf ./09_MQXLite/app/task_detect.o
 .debug_line    0x000062bd      0xbd8 ./09_MQXLite/app/task_effects.o
 .debug_line    0x00006e95     0x109b ./09_MQXLite/app/task_enet.o
 .debug_line    0x00007f30      0xbdd ./09_MQXLite/app/task_horserace.o
 .debug_line    0x00008b0d      0xbb6 ./09_MQXLite/app/task_light.o
 .debug_line    0x000096c3      0xc56 ./09_MQXLite/app/task_sdhc.o
 .debug_line    0x0000a319      0xbd9 ./09_MQXLite/app/task_uartsend.o
 .debug_line    0x0000aef2      0xbd2 ./09_MQXLite/app/task_waterlamp.o
 .debug_line    0x0000bac4      0xc47 ./08_Source/isr.o
 .debug_line    0x0000c70b      0xb96 ./08_Source/main.o
 .debug_line    0x0000d2a1      0x6a1 ./07_Soft_Component/w5500/SPI2.o