Archive member included because of file (symbol)

E:\LED_DMX512\K64_SD_DMX_SLAVE\09_MQXLite\kernel\libkernel.a(int.o)
                              ./09_MQXLite/psp/cortex_m/int_xcpt.o (_int_get_exception_handler)
E:\LED_DMX512\K64_SD_DMX_SLAVE\09_MQXLite\kernel\libkernel.a(lwevent.o)
                              ./09_MQXLite/app/03_task_main.o (_lwevent_create)
E:\LED_DMX512\K64_SD_DMX_SLAVE\09_MQXLite\kernel\libkernel.a(mqx_utils.o)
                              ./09_MQXLite/psp/cortex_m/int_xcpt.o (_mqx_fatal_error)
E:\LED_DMX512\K64_SD_DMX_SLAVE\09_MQXLite\kernel\libkernel.a(mqxlite.o)
                              E:\LED_DMX512\K64_SD_DMX_SLAVE\09_MQXLite\kernel\libkernel.a(lwevent.o) (_mqx_zero_tick_struct)
E:\LED_DMX512\K64_SD_DMX_SLAVE\09_MQXLite\kernel\libkernel.a(qu_test.o)
                              E:\LED_DMX512\K64_SD_DMX_SLAVE\09_MQXLite\kernel\libkernel.a(lwevent.o) (_queue_test)
E:\LED_DMX512\K64_SD_DMX_SLAVE\09_MQXLite\kernel\libkernel.a(task.o)
                              ./09_MQXLite/psp/cortex_m/stack_bu.o (_task_exit_function_internal)
E:\LED_DMX512\K64_SD_DMX_SLAVE\09_MQXLite\kernel\libkernel.a(time_ticks.o)
                              E:\LED_DMX512\K64_SD_DMX_SLAVE\09_MQXLite\kernel\libkernel.a(lwevent.o) (_time_delay_for)
E:\LED_DMX512\K64_SD_DMX_SLAVE\09_MQXLite\kernel\libkernel.a(idletask.o)
                              E:\LED_DMX512\K64_SD_DMX_SLAVE\09_MQXLite\kernel\libkernel.a(mqx_utils.o) (_mqx_idle_task)
E:\LED_DMX512\K64_SD_DMX_SLAVE\09_MQXLite\kernel\libkernel.a(lwsem.o)
                              E:\LED_DMX512\K64_SD_DMX_SLAVE\09_MQXLite\kernel\libkernel.a(mqxlite.o) (_lwsem_create)
E:\LED_DMX512\K64_SD_DMX_SLAVE\09_MQXLite\kernel\libkernel.a(sched.o)
                              E:\LED_DMX512\K64_SD_DMX_SLAVE\09_MQXLite\kernel\libkernel.a(task.o) (_sched_set_priority_internal)
c:/freescale/kds_3.0.0/toolchain/bin/../lib/gcc/arm-none-eabi/4.8.4/armv7e-m/fpu\libgcc.a(_arm_addsubdf3.o)
                              ./07_Soft_Component/printf/printf.o (__aeabi_dsub)
c:/freescale/kds_3.0.0/toolchain/bin/../lib/gcc/arm-none-eabi/4.8.4/armv7e-m/fpu\libgcc.a(_arm_muldivdf3.o)
                              ./07_Soft_Component/printf/printf.o (__aeabi_dmul)
c:/freescale/kds_3.0.0/toolchain/bin/../lib/gcc/arm-none-eabi/4.8.4/armv7e-m/fpu\libgcc.a(_arm_cmpdf2.o)
                              ./07_Soft_Component/printf/printf.o (__aeabi_dcmplt)
c:/freescale/kds_3.0.0/toolchain/bin/../lib/gcc/arm-none-eabi/4.8.4/armv7e-m/fpu\libgcc.a(_arm_fixunsdfsi.o)
                              ./07_Soft_Component/printf/printf.o (__aeabi_d2uiz)
c:/freescale/kds_3.0.0/toolchain/bin/../lib/gcc/arm-none-eabi/4.8.4/armv7e-m/fpu\libgcc.a(_aeabi_uldivmod.o)
                              ./07_Soft_Component/printf/printf.o (__aeabi_uldivmod)
c:/freescale/kds_3.0.0/toolchain/bin/../lib/gcc/arm-none-eabi/4.8.4/armv7e-m/fpu\libgcc.a(_fixunsdfdi.o)
                              ./07_Soft_Component/printf/printf.o (__aeabi_d2ulz)
c:/freescale/kds_3.0.0/toolchain/bin/../lib/gcc/arm-none-eabi/4.8.4/armv7e-m/fpu\libgcc.a(bpabi.o)
                              c:/freescale/kds_3.0.0/toolchain/bin/../lib/gcc/arm-none-eabi/4.8.4/armv7e-m/fpu\libgcc.a(_aeabi_uldivmod.o) (__gnu_uldivmod_helper)
c:/freescale/kds_3.0.0/toolchain/bin/../lib/gcc/arm-none-eabi/4.8.4/armv7e-m/fpu\libgcc.a(_dvmd_tls.o)
                              c:/freescale/kds_3.0.0/toolchain/bin/../lib/gcc/arm-none-eabi/4.8.4/armv7e-m/fpu\libgcc.a(_aeabi_uldivmod.o) (__aeabi_ldiv0)
c:/freescale/kds_3.0.0/toolchain/bin/../lib/gcc/arm-none-eabi/4.8.4/armv7e-m/fpu\libgcc.a(_divdi3.o)
                              c:/freescale/kds_3.0.0/toolchain/bin/../lib/gcc/arm-none-eabi/4.8.4/armv7e-m/fpu\libgcc.a(bpabi.o) (__divdi3)
c:/freescale/kds_3.0.0/toolchain/bin/../lib/gcc/arm-none-eabi/4.8.4/armv7e-m/fpu\libgcc.a(_udivdi3.o)
                              c:/freescale/kds_3.0.0/toolchain/bin/../lib/gcc/arm-none-eabi/4.8.4/armv7e-m/fpu\libgcc.a(bpabi.o) (__udivdi3)
c:/freescale/kds_3.0.0/toolchain/bin/../lib/gcc/arm-none-eabi/4.8.4/../../../../arm-none-eabi/lib/armv7e-m/fpu\libg_s.a(lib_a-memcmp.o)
                              ./07_Soft_Component/w5500/dhcp.o (memcmp)
c:/freescale/kds_3.0.0/toolchain/bin/../lib/gcc/arm-none-eabi/4.8.4/../../../../arm-none-eabi/lib/armv7e-m/fpu\libg_s.a(lib_a-memcpy-stub.o)
                              ./09_MQXLite/app/task_enet.o (memcpy)
c:/freescale/kds_3.0.0/toolchain/bin/../lib/gcc/arm-none-eabi/4.8.4/../../../../arm-none-eabi/lib/armv7e-m/fpu\libg_s.a(lib_a-memset.o)
                              ./09_MQXLite/app/task_enet.o (memset)
c:/freescale/kds_3.0.0/toolchain/bin/../lib/gcc/arm-none-eabi/4.8.4/../../../../arm-none-eabi/lib/armv7e-m/fpu\libg_s.a(lib_a-strcpy.o)
                              ./07_Soft_Component/w5500/dhcp.o (strcpy)
c:/freescale/kds_3.0.0/toolchain/bin/../lib/gcc/arm-none-eabi/4.8.4/../../../../arm-none-eabi/lib/armv7e-m/fpu\libg_s.a(lib_a-strlen.o)
[...]
Memory Configuration

Name             Origin             Length             Attributes
m_interrupts     0x00000000         0x00000400         xr
m_flash_config   0x00000400         0x00000010         xr
m_text           0x00000410         0x0007fbf0         xr
m_data           0x1fff0000         0x00010000         rw
m_data_2         0x20000000         0x00020000         rw
*default*        0x00000000         0xffffffff

Linker script and memory map

LOAD ./09_MQXLite/psp/cortex_m/core/M4/dispatch.o
LOAD ./09_MQXLite/psp/cortex_m/cortex.o
LOAD ./09_MQXLite/psp/cortex_m/int_gkis.o
LOAD ./09_MQXLite/psp/cortex_m/int_inst.o
LOAD ./09_MQXLite/psp/cortex_m/int_kisr.o
LOAD ./09_MQXLite/psp/cortex_m/int_pvta.o
LOAD ./09_MQXLite/psp/cortex_m/int_unx.o
LOAD ./09_MQXLite/psp/cortex_m/int_vtab.o
LOAD ./09_MQXLite/psp/cortex_m/int_xcpt.o
LOAD ./09_MQXLite/psp/cortex_m/mem_zero.o
LOAD ./09_MQXLite/psp/cortex_m/psp_iinit.o
LOAD ./09_MQXLite/psp/cortex_m/psp_supp.o
LOAD ./09_MQXLite/psp/cortex_m/psp_tiad.o
LOAD ./09_MQXLite/psp/cortex_m/psp_tinm.o
LOAD ./09_MQXLite/psp/cortex_m/psp_tipr.o
LOAD ./09_MQXLite/psp/cortex_m/psp_tisu.o
LOAD ./09_MQXLite/psp/cortex_m/sc_irdyq.o
LOAD ./09_MQXLite/psp/cortex_m/stack_bu.o
LOAD ./09_MQXLite/psp/cortex_m/stack_de.o
LOAD ./09_MQXLite/psp/cortex_m/stack_st.o
LOAD ./09_MQXLite/bsp/init_bsp.o
LOAD ./09_MQXLite/bsp/mqx_init.o
LOAD ./09_MQXLite/app/02_task_templates.o
LOAD ./09_MQXLite/app/03_task_main.o
LOAD ./09_MQXLite/app/task_DMX512.o
LOAD ./09_MQXLite/app/task_detect.o
LOAD ./09_MQXLite/app/task_effects.o
LOAD ./09_MQXLite/app/task_enet.o
LOAD ./09_MQXLite/app/task_horserace.o
LOAD ./09_MQXLite/app/task_light.o
LOAD ./09_MQXLite/app/task_sdhc.o
LOAD ./09_MQXLite/app/task_uartsave.o
LOAD ./09_MQXLite/app/task_waterlamp.o
LOAD ./08_Source/isr.o
LOAD ./08_Source/main.o
LOAD ./07_Soft_Component/w5500/SPI2.o
LOAD ./07_Soft_Component/w5500/dhcp.o
LOAD ./07_Soft_Component/w5500/enet.o
LOAD ./07_Soft_Component/w5500/md5.o
LOAD ./07_Soft_Component/w5500/socket.o
LOAD ./07_Soft_Component/w5500/w5500.o
LOAD ./07_Soft_Component/printf/printf.o
LOAD ./07_Soft_Component/common/common.o
LOAD ./07_Soft_Component/comlib_terminal/comlib_terminal.o
LOAD ./07_Soft_Component/comlib_server/comlib_server.o
LOAD ./07_Soft_Component/comlib/comlib.o
LOAD ./07_Soft_Component/buflist/buflist.o
LOAD ./06_App_Component/light/light.o
LOAD ./06_App_Component/emfs/deviceio.o
LOAD ./06_App_Component/emfs/znFAT.o
LOAD ./06_App_Component/diskio/diskio.o
LOAD ./06_App_Component/DMX512/DMX512.o
LOAD ./06_App_Component/Camera/camera.o
LOAD ./05_Driver/uart/uart.o
LOAD ./05_Driver/spi/spi.o
LOAD ./05_Driver/sdhc/sdhc.o
LOAD ./05_Driver/gprs/gprs.o
LOAD ./05_Driver/gpio/gpio.o
LOAD ./05_Driver/flash/flash.o
LOAD ./03_MCU/boot.o
LOAD ./03_MCU/startup_MK64F12.o
LOAD ./03_MCU/system_MK64F12.o
LOAD E:\LED_DMX512\K64_SD_DMX_SLAVE\09_MQXLite\kernel\libkernel.a
LOAD c:/freescale/kds_3.0.0/toolchain/bin/../lib/gcc/arm-none-eabi/4.8.4/../../../../arm-none-eabi/lib/armv7e-m/fpu\libstdc++_s.a
LOAD c:/freescale/kds_3.0.0/toolchain/bin/../lib/gcc/arm-none-eabi/4.8.4/../../../../arm-none-eabi/lib/armv7e-m/fpu\libm.a
START GROUP
LOAD c:/freescale/kds_3.0.0/toolchain/bin/../lib/gcc/arm-none-eabi/4.8.4/armv7e-m/fpu\libgcc.a
LOAD c:/freescale/kds_3.0.0/toolchain/bin/../lib/gcc/arm-none-eabi/4.8.4/../../../../arm-none-eabi/lib/armv7e-m/fpu\libg_s.a
LOAD c:/freescale/kds_3.0.0/toolchain/bin/../lib/gcc/arm-none-eabi/4.8.4/../../../../arm-none-eabi/lib/armv7e-m/fpu\libc_s.a
END GROUP
START GROUP
LOAD c:/freescale/kds_3.0.0/toolchain/bin/../lib/gcc/arm-none-eabi/4.8.4/armv7e-m/fpu\libgcc.a
LOAD c:/freescale/kds_3.0.0/toolchain/bin/../lib/gcc/arm-none-eabi/4.8.4/../../../../arm-none-eabi/lib/armv7e-m/fpu\libc_s.a
LOAD c:/freescale/kds_3.0.0/toolchain/bin/../lib/gcc/arm-none-eabi/4.8.4/../../../../arm-none-eabi/lib/armv7e-m/fpu\libnosys.a
END GROUP
START GROUP
LOAD c:/freescale/kds_3.0.0/toolchain/bin/../lib/gcc/arm-none-eabi/4.8.4/armv7e-m/fpu\libgcc.a
LOAD c:/freescale/kds_3.0.0/toolchain/bin/../lib/gcc/arm-none-eabi/4.8.4/../../../../arm-none-eabi/lib/armv7e-m/fpu\libc_s.a
LOAD c:/freescale/kds_3.0.0/toolchain/bin/../lib/gcc/arm-none-eabi/4.8.4/../../../../arm-none-eabi/lib/armv7e-m/fpu\libnosys.a
END GROUP
                0x00000400                HEAP_SIZE = DEFINED (__heap_size__)?__heap_size__:0x400
                0x00000400                STACK_SIZE = DEFINED (__stack_size__)?__stack_size__:0x400

.interrupts     0x00000000      0x198
                0x00000000                __VECTOR_TABLE = .
                0x00000000                . = ALIGN (0x4)
 *(.isr_vector)
 .isr_vector    0x00000000      0x198 ./03_MCU/startup_MK64F12.o
                0x00000000                __isr_vector
                0x00000198                . = ALIGN (0x4)

.flash_config   0x00000400       0x10
                0x00000400                . = ALIGN (0x4)
 *(.FlashConfig)
 .FlashConfig   0x00000400       0x10 ./03_MCU/startup_MK64F12.o
                0x00000410                . = ALIGN (0x4)

.text           0x00000410    0x14f20
                0x00000410                . = ALIGN (0x4)
 *(.text)
 .text          0x00000410       0x44 ./03_MCU/boot.o
                0x00000410                __boot
 .text          0x00000454       0x48 ./03_MCU/startup_MK64F12.o
                0x00000454                Reset_Handler
                0x00000498                NMI_Handler
                0x00000498                UsageFault_Handler
                0x00000498                DefaultISR
                0x00000498                HardFault_Handler
                0x00000498                MemManage_Handler
                0x00000498                BusFault_Handler
                0x00000498                DebugMon_Handler
 .text          0x0000049c      0x370 c:/freescale/kds_3.0.0/toolchain/bin/../lib/gcc/arm-none-eabi/4.8.4/armv7e-m/fpu\libgcc.a(_arm_addsubdf3.o)
                0x0000049c                __aeabi_drsub
                0x000004a4                __aeabi_dsub
                0x000004a4                __subdf3
                0x000004a8                __aeabi_dadd
                0x000004a8                __adddf3
                0x00000720                __floatunsidf
                0x00000720                __aeabi_ui2d
                0x00000740                __floatsidf
                0x00000740                __aeabi_i2d
                0x00000764                __aeabi_f2d
                0x00000764                __extendsfdf2
                0x000007a0                __floatundidf
                0x000007a0                __aeabi_ul2d
                0x000007b0                __floatdidf
                0x000007b0                __aeabi_l2d
 .text          0x0000080c      0x424 c:/freescale/kds_3.0.0/toolchain/bin/../lib/gcc/arm-none-eabi/4.8.4/armv7e-m/fpu\libgcc.a(_arm_muldivdf3.o)
                0x0000080c                __aeabi_dmul
                0x0000080c                __muldf3
                0x00000a60                __divdf3
                0x00000a60                __aeabi_ddiv
 .text          0x00000c30      0x110 c:/freescale/kds_3.0.0/toolchain/bin/../lib/gcc/arm-none-eabi/4.8.4/armv7e-m/fpu\libgcc.a(_arm_cmpdf2.o)
                0x00000c30                __gtdf2
                0x00000c30                __gedf2
                0x00000c38                __ltdf2
                0x00000c38                __ledf2
                0x00000c40                __nedf2
                0x00000c40                __eqdf2
                0x00000c40                __cmpdf2
                0x00000cbc                __aeabi_cdrcmple
                0x00000ccc                __aeabi_cdcmpeq
                0x00000ccc                __aeabi_cdcmple
                0x00000cdc                __aeabi_dcmpeq
                0x00000cf0                __aeabi_dcmplt
                0x00000d04                __aeabi_dcmple
                0x00000d18                __aeabi_dcmpge
                0x00000d2c                __aeabi_dcmpgt
 .text          0x00000d40       0x40 c:/freescale/kds_3.0.0/toolchain/bin/../lib/gcc/arm-none-eabi/4.8.4/armv7e-m/fpu\libgcc.a(_arm_fixunsdfsi.o)
                0x00000d40                __aeabi_d2uiz
                0x00000d40                __fixunsdfsi
 .text          0x00000d80       0x2c c:/freescale/kds_3.0.0/toolchain/bin/../lib/gcc/arm-none-eabi/4.8.4/armv7e-m/fpu\libgcc.a(_aeabi_uldivmod.o)
                0x00000d80                __aeabi_uldivmod
 .text          0x00000dac       0x44 c:/freescale/kds_3.0.0/toolchain/bin/../lib/gcc/arm-none-eabi/4.8.4/armv7e-m/fpu\libgcc.a(_fixunsdfdi.o)
                0x00000dac                __fixunsdfdi
                0x00000dac                __aeabi_d2ulz
 .text          0x00000df0       0x60 c:/freescale/kds_3.0.0/toolchain/bin/../lib/gcc/arm-none-eabi/4.8.4/armv7e-m/fpu\libgcc.a(bpabi.o)
                0x00000df0                __gnu_ldivmod_helper
                0x00000e20                __gnu_uldivmod_helper
 .text          0x00000e50        0x4 c:/freescale/kds_3.0.0/toolchain/bin/../lib/gcc/arm-none-eabi/4.8.4/armv7e-m/fpu\libgcc.a(_dvmd_tls.o)
                0x00000e50                __aeabi_idiv0
                0x00000e50                __aeabi_ldiv0
 .text          0x00000e54      0x298 c:/freescale/kds_3.0.0/toolchain/bin/../lib/gcc/arm-none-eabi/4.8.4/armv7e-m/fpu\libgcc.a(_divdi3.o)
                0x00000e54                __divdi3
 .text          0x000010ec      0x284 c:/freescale/kds_3.0.0/toolchain/bin/../lib/gcc/arm-none-eabi/4.8.4/armv7e-m/fpu\libgcc.a(_udivdi3.o)
                0x000010ec                __udivdi3
 *(.text*)
 .text._psp_int_install
                0x00001370       0x28 ./09_MQXLite/psp/cortex_m/int_inst.o
                0x00001370                _psp_int_install
 .text._mem_zero
                0x00001398      0x1c8 ./09_MQXLite/psp/cortex_m/mem_zero.o
                0x00001398                _mem_zero
 .text._psp_int_init
                0x00001560       0x28 ./09_MQXLite/psp/cortex_m/psp_iinit.o
                0x00001560                _psp_int_init
 .text._psp_add_ticks
                0x00001588       0x68 ./09_MQXLite/psp/cortex_m/psp_tiad.o
                0x00001588                _psp_add_ticks
 .text._psp_normalize_ticks
                0x000015f0       0x58 ./09_MQXLite/psp/cortex_m/psp_tinm.o
                0x000015f0                _psp_normalize_ticks
 .text._psp_set_kernel_disable_level
                0x00001648       0xa8 ./09_MQXLite/psp/cortex_m/sc_irdyq.o
                0x00001648                _psp_set_kernel_disable_level
 .text._psp_init_readyqs
                0x000016f0       0xa8 ./09_MQXLite/psp/cortex_m/sc_irdyq.o
                0x000016f0                _psp_init_readyqs
 .text._psp_build_stack_frame
                0x00001798       0x90 ./09_MQXLite/psp/cortex_m/stack_bu.o
                0x00001798                _psp_build_stack_frame
 .text._psp_destroy_stack_frame
                0x00001828       0x14 ./09_MQXLite/psp/cortex_m/stack_de.o
                0x00001828                _psp_destroy_stack_frame
 .text.NVIC_SetPriority
                0x0000183c       0x54 ./09_MQXLite/bsp/init_bsp.o
 .text._bsp_enable_card
                0x00001890       0x80 ./09_MQXLite/bsp/init_bsp.o
                0x00001890                _bsp_enable_card
 .text.systick_init
                0x00001910       0x30 ./09_MQXLite/bsp/init_bsp.o
 .text._bsp_systick
                0x00001940       0x14 ./09_MQXLite/bsp/init_bsp.o
 .text._bsp_get_hwticks
                0x00001954       0x64 ./09_MQXLite/bsp/init_bsp.o
 .text.Reset_W5500
                0x000019b8       0x44 ./09_MQXLite/app/03_task_main.o
                0x000019b8                Reset_W5500
 .text.set_default
                0x000019fc       0xbc ./09_MQXLite/app/03_task_main.o
                0x000019fc                set_default
 .text.task_main
                0x00001ab8      0x4dc ./09_MQXLite/app/03_task_main.o
                0x00001ab8                task_main
 .text.task_DMX512
                0x00001f94       0xfc ./09_MQXLite/app/task_DMX512.o
                0x00001f94                task_DMX512
 .text.task_detect
                0x00002090       0x78 ./09_MQXLite/app/task_detect.o
                0x00002090                task_detect
 .text.task_effects
                0x00002108      0x104 ./09_MQXLite/app/task_effects.o
                0x00002108                task_effects
 .text.task_horserace
                0x0000220c      0x124 ./09_MQXLite/app/task_horserace.o
                0x0000220c                task_horserace
 .text.task_light
                0x00002330       0x18 ./09_MQXLite/app/task_light.o
                0x00002330                task_light
 .text.task_sdhc
                0x00002348      0x240 ./09_MQXLite/app/task_sdhc.o
                0x00002348                task_sdhc
 .text.TerminalDeal
                0x00002588      0x158 ./09_MQXLite/app/task_sdhc.o
                0x00002588                TerminalDeal
 .text.CalculateFlen
                0x000026e0       0x9c ./09_MQXLite/app/task_sdhc.o
                0x000026e0                CalculateFlen
 .text.task_uartsave
                0x0000277c      0x23c ./09_MQXLite/app/task_uartsave.o
                0x0000277c                task_uartsave
 .text.task_waterlamp
                0x000029b8       0xe0 ./09_MQXLite/app/task_waterlamp.o
                0x000029b8                task_waterlamp
 .text.UART1_RX_ISR
                0x00002a98       0x58 ./08_Source/isr.o
                0x00002a98                UART1_RX_ISR
 .text.UART2_RX_ISR
                0x00002af0       0x3c ./08_Source/isr.o
                0x00002af0                UART2_RX_ISR
 .text.UART4_RX_ISR
                0x00002b2c       0x34 ./08_Source/isr.o
                0x00002b2c                UART4_RX_ISR
 .text.GPIO_ISR
                0x00002b60       0x3c ./08_Source/isr.o
                0x00002b60                GPIO_ISR
 .text.CreateFrame
                0x00002b9c      0x150 ./08_Source/isr.o
                0x00002b9c                CreateFrame
 .text.SPI0_ISR
                0x00002cec       0x40 ./08_Source/isr.o
                0x00002cec                SPI0_ISR
 .text.main     0x00002d2c       0x14 ./08_Source/main.o
                0x00002d2c                main
 .text.WIZ_CS   0x00002d40       0x34 ./07_Soft_Component/w5500/SPI2.o
                0x00002d40                WIZ_CS
 .text.SPI2_SendByte
                0x00002d74       0x44 ./07_Soft_Component/w5500/SPI2.o
                0x00002d74                SPI2_SendByte
 .text.init_dhcp_client
                0x00002db8       0xfc ./07_Soft_Component/w5500/dhcp.o
                0x00002db8                init_dhcp_client
 .text.ENETRecvDataJuge
                0x00002eb4       0x80 ./07_Soft_Component/w5500/enet.o
                0x00002eb4                ENETRecvDataJuge
 .text.enet_rec
                0x00002f34      0x168 ./07_Soft_Component/w5500/enet.o
                0x00002f34                enet_rec
 .text.close    0x0000309c       0x48 ./07_Soft_Component/w5500/socket.o
                0x0000309c                close
 .text.send     0x000030e4      0x124 ./07_Soft_Component/w5500/socket.o
                0x000030e4                send
 .text.recv     0x00003208       0x5c ./07_Soft_Component/w5500/socket.o
                0x00003208                recv
 .text.getIINCHIP_TxMAX
                0x00003264       0x24 ./07_Soft_Component/w5500/w5500.o
                0x00003264                getIINCHIP_TxMAX
 .text.IINCHIP_CSoff
                0x00003288        0xc ./07_Soft_Component/w5500/w5500.o
                0x00003288                IINCHIP_CSoff
 .text.IINCHIP_CSon
                0x00003294        0xc ./07_Soft_Component/w5500/w5500.o
                0x00003294                IINCHIP_CSon
 .text.IINCHIP_SpiSendData
                0x000032a0       0x1c ./07_Soft_Component/w5500/w5500.o
                0x000032a0                IINCHIP_SpiSendData
 .text.IINCHIP_WRITE
                0x000032bc       0x60 ./07_Soft_Component/w5500/w5500.o
                0x000032bc                IINCHIP_WRITE
 .text.IINCHIP_READ
                0x0000331c       0x60 ./07_Soft_Component/w5500/w5500.o
                0x0000331c                IINCHIP_READ
 .text.wiz_write_buf
                0x0000337c       0x94 ./07_Soft_Component/w5500/w5500.o
                0x0000337c                wiz_write_buf
 .text.wiz_read_buf
                0x00003410       0x90 ./07_Soft_Component/w5500/w5500.o
                0x00003410                wiz_read_buf
 .text.iinchip_init
                0x000034a0        0xc ./07_Soft_Component/w5500/w5500.o
                0x000034a0                iinchip_init
 .text.sysinit  0x000034ac      0x234 ./07_Soft_Component/w5500/w5500.o
                0x000034ac                sysinit
 .text.setGAR   0x000036e0       0x1c ./07_Soft_Component/w5500/w5500.o
                0x000036e0                setGAR
 .text.setSUBR  0x000036fc       0x1c ./07_Soft_Component/w5500/w5500.o
                0x000036fc                setSUBR
 .text.setSHAR  0x00003718       0x1c ./07_Soft_Component/w5500/w5500.o
                0x00003718                setSHAR
 .text.setSIPR  0x00003734       0x1c ./07_Soft_Component/w5500/w5500.o
                0x00003734                setSIPR
 .text.setMR    0x00003750       0x1c ./07_Soft_Component/w5500/w5500.o
                0x00003750                setMR
 .text.getSn_IR
                0x0000376c       0x24 ./07_Soft_Component/w5500/w5500.o
                0x0000376c                getSn_IR
 .text.getSn_TX_FSR
                0x00003790       0x8c ./07_Soft_Component/w5500/w5500.o
                0x00003790                getSn_TX_FSR
 .text.getSn_RX_RSR
                0x0000381c       0x8c ./07_Soft_Component/w5500/w5500.o
                0x0000381c                getSn_RX_RSR
 .text.send_data_processing
                0x000038a8       0xbc ./07_Soft_Component/w5500/w5500.o
                0x000038a8                send_data_processing
 .text.recv_data_processing
                0x00003964       0xbc ./07_Soft_Component/w5500/w5500.o
                0x00003964                recv_data_processing
 .text.setSn_IR
                0x00003a20       0x28 ./07_Soft_Component/w5500/w5500.o
                0x00003a20                setSn_IR
 .text.out_char
                0x00003a48       0x1c ./07_Soft_Component/printf/printf.o
                0x00003a48                out_char
 .text.printk_putc
                0x00003a64       0x50 ./07_Soft_Component/printf/printf.o
 *fill*         0x00003ab4        0x4 
 .text.printk_mkfloatstr
                0x00003ab8      0x338 ./07_Soft_Component/printf/printf.o
                0x00003ab8                printk_mkfloatstr
 .text.printk_mknumstr
                0x00003df0      0x100 ./07_Soft_Component/printf/printf.o
 .text.printk_pad_zero
                0x00003ef0       0x34 ./07_Soft_Component/printf/printf.o
 .text.printk_pad_space
                0x00003f24       0x34 ./07_Soft_Component/printf/printf.o
 .text.printk   0x00003f58      0xa14 ./07_Soft_Component/printf/printf.o
                0x00003f58                printk
 .text.myprintf
                0x0000496c       0x40 ./07_Soft_Component/printf/printf.o
                0x0000496c                myprintf
 .text.delay_us
                0x000049ac       0x3c ./07_Soft_Component/common/common.o
                0x000049ac                delay_us
 .text.is_timeout
                0x000049e8       0x64 ./07_Soft_Component/common/common.o
                0x000049e8                is_timeout
 .text.__list_add
                0x00004a4c       0x30 ./07_Soft_Component/buflist/buflist.o
 .text.list_add_tail
                0x00004a7c       0x20 ./07_Soft_Component/buflist/buflist.o
 .text.__list_del
                0x00004a9c       0x20 ./07_Soft_Component/buflist/buflist.o
 .text.list_del
                0x00004abc       0x34 ./07_Soft_Component/buflist/buflist.o
 .text.list_empty
                0x00004af0       0x24 ./07_Soft_Component/buflist/buflist.o
 .text.buflist_init
                0x00004b14       0x78 ./07_Soft_Component/buflist/buflist.o
                0x00004b14                buflist_init
 .text.listnode_get
                0x00004b8c       0x54 ./07_Soft_Component/buflist/buflist.o
                0x00004b8c                listnode_get
 .text.listnode_put
                0x00004be0       0x30 ./07_Soft_Component/buflist/buflist.o
                0x00004be0                listnode_put
 .text.light_init
                0x00004c10       0x24 ./06_App_Component/light/light.o
                0x00004c10                light_init
 .text.light_change
                0x00004c34       0x18 ./06_App_Component/light/light.o
                0x00004c34                light_change
 .text.znFAT_Device_Init
                0x00004c4c       0x34 ./06_App_Component/emfs/deviceio.o
                0x00004c4c                znFAT_Device_Init
 .text.znFAT_Device_Read_Sector
                0x00004c80       0x78 ./06_App_Component/emfs/deviceio.o
                0x00004c80                znFAT_Device_Read_Sector
 .text.znFAT_Device_Write_Sector
                0x00004cf8       0x58 ./06_App_Component/emfs/deviceio.o
                0x00004cf8                znFAT_Device_Write_Sector
 .text.znFAT_Device_Read_nSector
                0x00004d50       0x68 ./06_App_Component/emfs/deviceio.o
                0x00004d50                znFAT_Device_Read_nSector
 .text.znFAT_Device_Write_nSector
                0x00004db8       0x68 ./06_App_Component/emfs/deviceio.o
                0x00004db8                znFAT_Device_Write_nSector
 .text.znFAT_Device_Clear_nSector
                0x00004e20       0x90 ./06_App_Component/emfs/deviceio.o
                0x00004e20                znFAT_Device_Clear_nSector
 .text.Memory_Set
                0x00004eb0       0x40 ./06_App_Component/emfs/znFAT.o
                0x00004eb0                Memory_Set
 .text.Memory_Compare
                0x00004ef0       0x4c ./06_App_Component/emfs/znFAT.o
                0x00004ef0                Memory_Compare
 .text.Memory_Copy
                0x00004f3c       0x44 ./06_App_Component/emfs/znFAT.o
                0x00004f3c                Memory_Copy
 .text.StringCopy
                0x00004f80       0x4c ./06_App_Component/emfs/znFAT.o
                0x00004f80                StringCopy
 .text.StringLen
                0x00004fcc       0x30 ./06_App_Component/emfs/znFAT.o
                0x00004fcc                StringLen
 .text.WStringLen
                0x00004ffc       0x30 ./06_App_Component/emfs/znFAT.o
                0x00004ffc                WStringLen
 .text.PGM_WORD_FUN
                0x0000502c       0x18 ./06_App_Component/emfs/znFAT.o
                0x0000502c                PGM_WORD_FUN
 .text.znFAT_Select_Device
                0x00005044       0x30 ./06_App_Component/emfs/znFAT.o
                0x00005044                znFAT_Select_Device
 .text.Bytes2Value
                0x00005074       0x6c ./06_App_Component/emfs/znFAT.o
                0x00005074                Bytes2Value
 .text.Find_FSINFO_Sec
                0x000050e0       0xa4 ./06_App_Component/emfs/znFAT.o
                0x000050e0                Find_FSINFO_Sec
 .text.Search_Free_Cluster_From_Start
                0x00005184       0xb0 ./06_App_Component/emfs/znFAT.o
                0x00005184                Search_Free_Cluster_From_Start
 .text.znFAT_Init
                0x00005234      0x1a4 ./06_App_Component/emfs/znFAT.o
                0x00005234                znFAT_Init
 .text.Get_Next_Cluster
                0x000053d8       0x54 ./06_App_Component/emfs/znFAT.o
                0x000053d8                Get_Next_Cluster
 .text.znFAT_Seek
                0x0000542c      0x414 ./06_App_Component/emfs/znFAT.o
                0x0000542c                znFAT_Seek
 .text.znFAT_ReadData
                0x00005840      0x6d4 ./06_App_Component/emfs/znFAT.o
                0x00005840                znFAT_ReadData
 .text.Check_Illegal_Char
                0x00005f14       0x94 ./06_App_Component/emfs/znFAT.o
                0x00005f14                Check_Illegal_Char
 .text.Check_SFN_Special_Char
                0x00005fa8       0xb0 ./06_App_Component/emfs/znFAT.o
                0x00005fa8                Check_SFN_Special_Char
 .text.Check_SFN_Dot
                0x00006058       0x5c ./06_App_Component/emfs/znFAT.o
                0x00006058                Check_SFN_Dot
 .text.Check_SFN_Illegal_Lower
                0x000060b4      0x180 ./06_App_Component/emfs/znFAT.o
                0x000060b4                Check_SFN_Illegal_Lower
 .text.Check_SFN_Illegal_Length
                0x00006234       0xc8 ./06_App_Component/emfs/znFAT.o
                0x00006234                Check_SFN_Illegal_Length
 .text.To_File_Name
                0x000062fc       0xf0 ./06_App_Component/emfs/znFAT.o
                0x000062fc                To_File_Name
 .text.Analyse_FDI
                0x000063ec      0x26c ./06_App_Component/emfs/znFAT.o
                0x000063ec                Analyse_FDI
 .text.Is_WildFileName
                0x00006658       0x50 ./06_App_Component/emfs/znFAT.o
                0x00006658                Is_WildFileName
 .text.FindSubStr
                0x000066a8       0x9c ./06_App_Component/emfs/znFAT.o
                0x000066a8                FindSubStr
 .text.SFN_Match
                0x00006744      0x244 ./06_App_Component/emfs/znFAT.o
                0x00006744                SFN_Match
 .text.Modify_FAT
                0x00006988      0x140 ./06_App_Component/emfs/znFAT.o
                0x00006988                Modify_FAT
 .text.Clear_Cluster
                0x00006ac8       0x3c ./06_App_Component/emfs/znFAT.o
                0x00006ac8                Clear_Cluster
 .text.Update_Next_Free_Cluster
                0x00006b04      0x150 ./06_App_Component/emfs/znFAT.o
                0x00006b04                Update_Next_Free_Cluster
 .text.Is_LFN   0x00006c54       0x58 ./06_App_Component/emfs/znFAT.o
                0x00006c54                Is_LFN
 .text.Get_Part_Name
                0x00006cac      0x1a4 ./06_App_Component/emfs/znFAT.o
                0x00006cac                Get_Part_Name
 .text.OEM2UNI  0x00006e50       0xc0 ./06_App_Component/emfs/znFAT.o
                0x00006e50                OEM2UNI
 .text.oemstr2unistr
                0x00006f10       0xe8 ./06_App_Component/emfs/znFAT.o
                0x00006f10                oemstr2unistr
 .text.WFindSubStr
                0x00006ff8       0xc0 ./06_App_Component/emfs/znFAT.o
                0x00006ff8                WFindSubStr
 .text.LFN_Match
                0x000070b8      0x244 ./06_App_Component/emfs/znFAT.o
                0x000070b8                LFN_Match
 .text.Get_Binding_SumChk
                0x000072fc       0x54 ./06_App_Component/emfs/znFAT.o
                0x000072fc                Get_Binding_SumChk
 .text.ELFHash  0x00007350       0x60 ./06_App_Component/emfs/znFAT.o
                0x00007350                ELFHash
 .text.Hex2Str_32b
                0x000073b0       0x7c ./06_App_Component/emfs/znFAT.o
                0x000073b0                Hex2Str_32b
 .text.Make_Short_Name
                0x0000742c       0x50 ./06_App_Component/emfs/znFAT.o
                0x0000742c                Make_Short_Name
 .text.Fill_LFN_FDI
                0x0000747c      0x294 ./06_App_Component/emfs/znFAT.o
                0x0000747c                Fill_LFN_FDI
 .text.Register_LFN_FDI
                0x00007710      0x530 ./06_App_Component/emfs/znFAT.o
                0x00007710                Register_LFN_FDI
 .text.znFAT_Open_File
                0x00007c40      0x490 ./06_App_Component/emfs/znFAT.o
                0x00007c40                znFAT_Open_File
 .text.Get_Dir_Start_Cluster
                0x000080d0      0x2dc ./06_App_Component/emfs/znFAT.o
                0x000080d0                Get_Dir_Start_Cluster
 .text.znFAT_Enter_Dir
                0x000083ac       0xf0 ./06_App_Component/emfs/znFAT.o
                0x000083ac                znFAT_Enter_Dir
 .text.Fill_FDI
                0x0000849c      0x334 ./06_App_Component/emfs/znFAT.o
                0x0000849c                Fill_FDI
 .text.Register_FDI
                0x000087d0      0x1c0 ./06_App_Component/emfs/znFAT.o
                0x000087d0                Register_FDI
 .text.znFAT_Create_File
                0x00008990      0x264 ./06_App_Component/emfs/znFAT.o
                0x00008990                znFAT_Create_File
 .text.Destroy_FAT_Chain
                0x00008bf4      0x1bc ./06_App_Component/emfs/znFAT.o
                0x00008bf4                Destroy_FAT_Chain
 .text.znFAT_Delete_File
                0x00008db0       0xf8 ./06_App_Component/emfs/znFAT.o
                0x00008db0                znFAT_Delete_File
 .text.Update_File_Size
                0x00008ea8       0x88 ./06_App_Component/emfs/znFAT.o
                0x00008ea8                Update_File_Size
 .text.Update_File_sClust
                0x00008f30       0x88 ./06_App_Component/emfs/znFAT.o
                0x00008f30                Update_File_sClust
 .text.Create_Cluster_Chain
                0x00008fb8      0x668 ./06_App_Component/emfs/znFAT.o
                0x00008fb8                Create_Cluster_Chain
 .text.WriteData_From_nCluster
                0x00009620      0x380 ./06_App_Component/emfs/znFAT.o
                0x00009620                WriteData_From_nCluster
 .text.znFAT_WriteData
                0x000099a0      0x498 ./06_App_Component/emfs/znFAT.o
                0x000099a0                znFAT_WriteData
 .text.znFAT_Close_File
                0x00009e38       0x34 ./06_App_Component/emfs/znFAT.o
                0x00009e38                znFAT_Close_File
 .text.disk_initialize
                0x00009e6c      0x290 ./06_App_Component/diskio/diskio.o
                0x00009e6c                disk_initialize
 .text.disk_read
                0x0000a0fc       0xe8 ./06_App_Component/diskio/diskio.o
                0x0000a0fc                disk_read
 .text.disk_write
                0x0000a1e4      0x144 ./06_App_Component/diskio/diskio.o
                0x0000a1e4                disk_write
 .text.DMX512_WriteData
                0x0000a328      0x184 ./06_App_Component/DMX512/DMX512.o
                0x0000a328                DMX512_WriteData
 .text.NVIC_EnableIRQ
                0x0000a4ac       0x30 ./05_Driver/uart/uart.o
 .text.NVIC_DisableIRQ
                0x0000a4dc       0x34 ./05_Driver/uart/uart.o
 .text.uart_init
                0x0000a510      0x2e0 ./05_Driver/uart/uart.o
                0x0000a510                uart_init
 .text.uart_send1
                0x0000a7f0       0x64 ./05_Driver/uart/uart.o
                0x0000a7f0                uart_send1
 .text.uart_sendN
                0x0000a854       0x54 ./05_Driver/uart/uart.o
                0x0000a854                uart_sendN
 .text.uart_re1
                0x0000a8a8       0x70 ./05_Driver/uart/uart.o
                0x0000a8a8                uart_re1
 .text.uart_enable_re_int
                0x0000a918       0x60 ./05_Driver/uart/uart.o
                0x0000a918                uart_enable_re_int
 .text.uart_disable_re_int
                0x0000a978       0x60 ./05_Driver/uart/uart.o
                0x0000a978                uart_disable_re_int
 .text.NVIC_EnableIRQ
                0x0000a9d8       0x30 ./05_Driver/spi/spi.o
 .text.spi_init
                0x0000aa08      0x164 ./05_Driver/spi/spi.o
                0x0000aa08                spi_init
 .text.SPI_send1
                0x0000ab6c       0x60 ./05_Driver/spi/spi.o
                0x0000ab6c                SPI_send1
 .text.spi_recieve1
                0x0000abcc       0x78 ./05_Driver/spi/spi.o
                0x0000abcc                spi_recieve1
 .text.spi_enable_re_int
                0x0000ac44       0xa8 ./05_Driver/spi/spi.o
                0x0000ac44                spi_enable_re_int
 .text.spi_get_base_address
                0x0000acec       0x40 ./05_Driver/spi/spi.o
                0x0000acec                spi_get_base_address
 .text.sdhc_init
                0x0000ad2c       0xf8 ./05_Driver/sdhc/sdhc.o
                0x0000ad2c                sdhc_init
 .text.sdhc_receive_block
                0x0000ae24       0xc4 ./05_Driver/sdhc/sdhc.o
                0x0000ae24                sdhc_receive_block
 .text.sdhc_send_block
                0x0000aee8       0x94 ./05_Driver/sdhc/sdhc.o
                0x0000aee8                sdhc_send_block
 .text.sdhc_ioctl
                0x0000af7c      0x584 ./05_Driver/sdhc/sdhc.o
                0x0000af7c                sdhc_ioctl
 .text.SDHC_set_baudrate
                0x0000b500       0xf0 ./05_Driver/sdhc/sdhc.o
 .text.SDHC_is_running
                0x0000b5f0       0x28 ./05_Driver/sdhc/sdhc.o
 .text.SDHC_status_wait
                0x0000b618       0x2c ./05_Driver/sdhc/sdhc.o
 .text.SDHC_send_command
                0x0000b644      0x1d0 ./05_Driver/sdhc/sdhc.o
 .text.NVIC_EnableIRQ
                0x0000b814       0x30 ./05_Driver/gpio/gpio.o
 .text.gpio_port_pin_resolution
                0x0000b844       0x2c ./05_Driver/gpio/gpio.o
 .text.gpio_init
                0x0000b870       0xb8 ./05_Driver/gpio/gpio.o
                0x0000b870                gpio_init
 .text.gpio_set
                0x0000b928       0x68 ./05_Driver/gpio/gpio.o
                0x0000b928                gpio_set
 .text.gpio_reverse
                0x0000b990       0x48 ./05_Driver/gpio/gpio.o
                0x0000b990                gpio_reverse
 .text.gpio_enable_int
                0x0000b9d8       0xb8 ./05_Driver/gpio/gpio.o
                0x0000b9d8                gpio_enable_int
 .text.SystemInit
                0x0000ba90       0x5c ./03_MCU/system_MK64F12.o
                0x0000ba90                SystemInit
 .text.SystemClockSetup
                0x0000baec      0x4b4 ./03_MCU/system_MK64F12.o
                0x0000baec                SystemClockSetup
 .text._int_default_isr
                0x0000bfa0       0x5c E:\LED_DMX512\K64_SD_DMX_SLAVE\09_MQXLite\kernel\libkernel.a(int.o)
                0x0000bfa0                _int_default_isr
 .text._int_disable
                0x0000bffc       0x38 E:\LED_DMX512\K64_SD_DMX_SLAVE\09_MQXLite\kernel\libkernel.a(int.o)
                0x0000bffc                _int_disable
 .text._int_enable
                0x0000c034       0x50 E:\LED_DMX512\K64_SD_DMX_SLAVE\09_MQXLite\kernel\libkernel.a(int.o)
                0x0000c034                _int_enable
 .text._int_install_isr
                0x0000c084       0xb8 E:\LED_DMX512\K64_SD_DMX_SLAVE\09_MQXLite\kernel\libkernel.a(int.o)
                0x0000c084                _int_install_isr
 .text._int_init
                0x0000c13c       0x8c E:\LED_DMX512\K64_SD_DMX_SLAVE\09_MQXLite\kernel\libkernel.a(int.o)
                0x0000c13c                _int_init
 .text._lwevent_create_internal
                0x0000c1c8      0x124 E:\LED_DMX512\K64_SD_DMX_SLAVE\09_MQXLite\kernel\libkernel.a(lwevent.o)
                0x0000c1c8                _lwevent_create_internal
 .text._lwevent_create
                0x0000c2ec       0x20 E:\LED_DMX512\K64_SD_DMX_SLAVE\09_MQXLite\kernel\libkernel.a(lwevent.o)
                0x0000c2ec                _lwevent_create
 .text._lwevent_clear
                0x0000c30c       0x94 E:\LED_DMX512\K64_SD_DMX_SLAVE\09_MQXLite\kernel\libkernel.a(lwevent.o)
                0x0000c30c                _lwevent_clear
 .text._lwevent_set
                0x0000c3a0      0x1d4 E:\LED_DMX512\K64_SD_DMX_SLAVE\09_MQXLite\kernel\libkernel.a(lwevent.o)
                0x0000c3a0                _lwevent_set
 .text._lwevent_wait_for
                0x0000c574       0x2c E:\LED_DMX512\K64_SD_DMX_SLAVE\09_MQXLite\kernel\libkernel.a(lwevent.o)
                0x0000c574                _lwevent_wait_for
 .text._lwevent_wait_internal
                0x0000c5a0      0x1d4 E:\LED_DMX512\K64_SD_DMX_SLAVE\09_MQXLite\kernel\libkernel.a(lwevent.o)
                0x0000c5a0                _lwevent_wait_internal
 .text._mqx_set_cpu_type
                0x0000c774       0x24 E:\LED_DMX512\K64_SD_DMX_SLAVE\09_MQXLite\kernel\libkernel.a(mqx_utils.o)
                0x0000c774                _mqx_set_cpu_type
 .text._mqx_init_kernel_data_internal
                0x0000c798      0x190 E:\LED_DMX512\K64_SD_DMX_SLAVE\09_MQXLite\kernel\libkernel.a(mqx_utils.o)
                0x0000c798                _mqx_init_kernel_data_internal
 .text._mqxlite_init
                0x0000c928       0xb4 E:\LED_DMX512\K64_SD_DMX_SLAVE\09_MQXLite\kernel\libkernel.a(mqxlite.o)
                0x0000c928                _mqxlite_init
 .text._mqxlite
                0x0000c9dc       0xbc E:\LED_DMX512\K64_SD_DMX_SLAVE\09_MQXLite\kernel\libkernel.a(mqxlite.o)
                0x0000c9dc                _mqxlite
 .text._mqx_exit
                0x0000ca98       0x18 E:\LED_DMX512\K64_SD_DMX_SLAVE\09_MQXLite\kernel\libkernel.a(mqxlite.o)
                0x0000ca98                _mqx_exit
 .text._task_create_at
                0x0000cab0       0xd4 E:\LED_DMX512\K64_SD_DMX_SLAVE\09_MQXLite\kernel\libkernel.a(task.o)
                0x0000cab0                _task_create_at
 .text._task_destroy_internal
                0x0000cb84      0x264 E:\LED_DMX512\K64_SD_DMX_SLAVE\09_MQXLite\kernel\libkernel.a(task.o)
                0x0000cb84                _task_destroy_internal
 .text._task_destroy
                0x0000cde8       0x1c E:\LED_DMX512\K64_SD_DMX_SLAVE\09_MQXLite\kernel\libkernel.a(task.o)
                0x0000cde8                _task_destroy
 .text._task_get_td
                0x0000ce04       0xc4 E:\LED_DMX512\K64_SD_DMX_SLAVE\09_MQXLite\kernel\libkernel.a(task.o)
                0x0000ce04                _task_get_td
 .text._task_set_error
                0x0000cec8       0x4c E:\LED_DMX512\K64_SD_DMX_SLAVE\09_MQXLite\kernel\libkernel.a(task.o)
                0x0000cec8                _task_set_error
 .text._task_build_internal
                0x0000cf14       0xb4 E:\LED_DMX512\K64_SD_DMX_SLAVE\09_MQXLite\kernel\libkernel.a(task.o)
                0x0000cf14                _task_build_internal
 .text._task_exit_function_internal
                0x0000cfc8       0x30 E:\LED_DMX512\K64_SD_DMX_SLAVE\09_MQXLite\kernel\libkernel.a(task.o)
                0x0000cfc8                _task_exit_function_internal
 .text._task_init_internal
                0x0000cff8      0x190 E:\LED_DMX512\K64_SD_DMX_SLAVE\09_MQXLite\kernel\libkernel.a(task.o)
                0x0000cff8                _task_init_internal
 .text._task_fill_stack_internal
                0x0000d188       0x38 E:\LED_DMX512\K64_SD_DMX_SLAVE\09_MQXLite\kernel\libkernel.a(task.o)
                0x0000d188                _task_fill_stack_internal
 .text._task_ready_internal
                0x0000d1c0       0x44 E:\LED_DMX512\K64_SD_DMX_SLAVE\09_MQXLite\kernel\libkernel.a(task.o)
                0x0000d1c0                _task_ready_internal
 .text._task_alloc_td_internal
                0x0000d204      0x108 E:\LED_DMX512\K64_SD_DMX_SLAVE\09_MQXLite\kernel\libkernel.a(task.o)
                0x0000d204                _task_alloc_td_internal
 .text._task_set_error_td_internal
                0x0000d30c       0x30 E:\LED_DMX512\K64_SD_DMX_SLAVE\09_MQXLite\kernel\libkernel.a(task.o)
                0x0000d30c                _task_set_error_td_internal
 .text._time_delay_for
                0x0000d33c       0x74 E:\LED_DMX512\K64_SD_DMX_SLAVE\09_MQXLite\kernel\libkernel.a(time_ticks.o)
                0x0000d33c                _time_delay_for
 .text._time_delay_internal
                0x0000d3b0       0xc8 E:\LED_DMX512\K64_SD_DMX_SLAVE\09_MQXLite\kernel\libkernel.a(time_ticks.o)
                0x0000d3b0                _time_delay_internal
 .text._time_delay_ticks
                0x0000d478       0x7c E:\LED_DMX512\K64_SD_DMX_SLAVE\09_MQXLite\kernel\libkernel.a(time_ticks.o)
                0x0000d478                _time_delay_ticks
 .text._time_delay_until
                0x0000d4f4       0x70 E:\LED_DMX512\K64_SD_DMX_SLAVE\09_MQXLite\kernel\libkernel.a(time_ticks.o)
                0x0000d4f4                _time_delay_until
 .text._time_get_ticks
                0x0000d564       0x90 E:\LED_DMX512\K64_SD_DMX_SLAVE\09_MQXLite\kernel\libkernel.a(time_ticks.o)
                0x0000d564                _time_get_ticks
 .text._time_notify_kernel
                0x0000d5f4      0x17c E:\LED_DMX512\K64_SD_DMX_SLAVE\09_MQXLite\kernel\libkernel.a(time_ticks.o)
                0x0000d5f4                _time_notify_kernel
 .text._time_set_timer_vector
                0x0000d770       0x20 E:\LED_DMX512\K64_SD_DMX_SLAVE\09_MQXLite\kernel\libkernel.a(time_ticks.o)
                0x0000d770                _time_set_timer_vector
 .text._time_set_hwtick_function
                0x0000d790       0x28 E:\LED_DMX512\K64_SD_DMX_SLAVE\09_MQXLite\kernel\libkernel.a(time_ticks.o)
                0x0000d790                _time_set_hwtick_function
 .text._time_set_hwticks_per_tick
                0x0000d7b8       0x20 E:\LED_DMX512\K64_SD_DMX_SLAVE\09_MQXLite\kernel\libkernel.a(time_ticks.o)
                0x0000d7b8                _time_set_hwticks_per_tick
 .text._mqx_idle_task
                0x0000d7d8       0x60 E:\LED_DMX512\K64_SD_DMX_SLAVE\09_MQXLite\kernel\libkernel.a(idletask.o)
                0x0000d7d8                _mqx_idle_task
 .text._lwsem_create_internal
                0x0000d838       0xc8 E:\LED_DMX512\K64_SD_DMX_SLAVE\09_MQXLite\kernel\libkernel.a(lwsem.o)
                0x0000d838                _lwsem_create_internal
 .text._lwsem_create
                0x0000d900       0x20 E:\LED_DMX512\K64_SD_DMX_SLAVE\09_MQXLite\kernel\libkernel.a(lwsem.o)
                0x0000d900                _lwsem_create
 .text._lwsem_post
                0x0000d920      0x164 E:\LED_DMX512\K64_SD_DMX_SLAVE\09_MQXLite\kernel\libkernel.a(lwsem.o)
                0x0000d920                _lwsem_post
 .text._lwsem_wait
                0x0000da84      0x128 E:\LED_DMX512\K64_SD_DMX_SLAVE\09_MQXLite\kernel\libkernel.a(lwsem.o)
                0x0000da84                _lwsem_wait
 .text.memcpy   0x0000dbac       0x12 c:/freescale/kds_3.0.0/toolchain/bin/../lib/gcc/arm-none-eabi/4.8.4/../../../../arm-none-eabi/lib/armv7e-m/fpu\libg_s.a(lib_a-memcpy-stub.o)
                0x0000dbac                memcpy
 .text.memset   0x0000dbbe       0x10 c:/freescale/kds_3.0.0/toolchain/bin/../lib/gcc/arm-none-eabi/4.8.4/../../../../arm-none-eabi/lib/armv7e-m/fpu\libg_s.a(lib_a-memset.o)
                0x0000dbbe                memset
 .text.strlen   0x0000dbce       0x10 c:/freescale/kds_3.0.0/toolchain/bin/../lib/gcc/arm-none-eabi/4.8.4/../../../../arm-none-eabi/lib/armv7e-m/fpu\libg_s.a(lib_a-strlen.o)
                0x0000dbce                strlen
 *(.rodata)
 *fill*         0x0000dbde        0x2 
 .rodata        0x0000dbe0       0x7c ./09_MQXLite/app/02_task_templates.o
 .rodata        0x0000dc5c       0xa4 ./09_MQXLite/app/03_task_main.o
 .rodata        0x0000dd00        0x8 ./09_MQXLite/app/task_detect.o
 .rodata        0x0000dd08       0x78 ./09_MQXLite/app/task_sdhc.o
 .rodata        0x0000dd80        0xc ./09_MQXLite/app/task_uartsave.o
 .rodata        0x0000dd8c       0x24 ./08_Source/isr.o
 .rodata        0x0000ddb0      0x5e0 ./07_Soft_Component/w5500/dhcp.o
 .rodata        0x0000e390       0x78 ./07_Soft_Component/w5500/enet.o
 .rodata        0x0000e408       0x2c ./07_Soft_Component/w5500/socket.o
 .rodata        0x0000e434       0x58 ./07_Soft_Component/w5500/w5500.o
 .rodata        0x0000e48c        0x8 ./06_App_Component/emfs/znFAT.o
 .rodata        0x0000e494       0x10 E:\LED_DMX512\K64_SD_DMX_SLAVE\09_MQXLite\kernel\libkernel.a(mqx_utils.o)
 *(.rodata*)
 .rodata.MQX_init_struct
                0x0000e4a4       0x24 ./09_MQXLite/bsp/mqx_init.o
                0x0000e4a4                MQX_init_struct
 .rodata.MQX_template_list
                0x0000e4c8      0x118 ./09_MQXLite/app/02_task_templates.o
                0x0000e4c8                MQX_template_list
 .rodata.oem_uni
                0x0000e5e0     0x69c0 ./06_App_Component/emfs/znFAT.o
                0x0000e5e0                oem_uni
 .rodata.UART_ARR
                0x00014fa0       0x18 ./05_Driver/uart/uart.o
 .rodata.ESDHC_COMMAND_XFERTYP
                0x00014fb8      0x100 ./05_Driver/sdhc/sdhc.o
 .rodata.PORT_ARR
                0x000150b8       0x14 ./05_Driver/gpio/gpio.o
 .rodata.GPIO_ARR
                0x000150cc       0x14 ./05_Driver/gpio/gpio.o
 *(.glue_7)
 .glue_7        0x00000000        0x0 linker stubs
 *(.glue_7t)
 .glue_7t       0x00000000        0x0 linker stubs
 *(.eh_frame)
 *(.init)
 *(.fini)
                0x000150e0                . = ALIGN (0x4)
 *(KERNEL)
 KERNEL         0x000150e0      0x250 ./09_MQXLite/psp/cortex_m/core/M4/dispatch.o
                0x000150e0                _sched_start_internal
                0x000150e4                _sched_run_internal
                0x000150ea                _sched_check_scheduler_internal
                0x00015108                _sched_execute_scheduler_internal
                0x0001510c                _mqx_api_call
                0x00015110                _task_block
                0x00015114                _svc_handler
                0x00015196                _pend_svc
                0x000151fe                _int_kernel_isr
                0x00015286                _psp_exception_return
                0x000152c0                _psp_save_fp_context_internal
                0x000152c2                _mem_test_and_set
                0x000152e0                __get_PSP
                0x000152e6                __get_MSP
                0x000152f2                __get_PSR
                0x000152f8                __enable_interrupt
                0x000152fc                __disable_interrupt
                0x00015300                __get_LR
                0x00015304                __get_PC
                0x00015308                __get_CONTROL
                0x00000000                __VECTOR_TABLE_START = __VECTOR_TABLE
                0x00015330                . = ALIGN (0x4)
 *(.rdata)
                0x00015330                . = ALIGN (0x4)
 *(.exception)
                0x00015330                . = ALIGN (0x4)
                0x00015330                __exception_table_start__ = .
                0x00015330                __exception_table_end__ = .
                0x00015330                __sinit__ = .

.vfp11_veneer   0x00015330        0x0
 .vfp11_veneer  0x00000000        0x0 linker stubs

.v4_bx          0x00015330        0x0
 .v4_bx         0x00000000        0x0 linker stubs

.iplt           0x00015330        0x0
 .iplt          0x00000000        0x0 ./09_MQXLite/psp/cortex_m/core/M4/dispatch.o

.ARM.extab
 *(.ARM.extab* .gnu.linkonce.armextab.*)

.ARM            0x00015330        0x8
                0x00015330                __exidx_start = .
 *(.ARM.exidx*)
 .ARM.exidx     0x00015330        0x8 c:/freescale/kds_3.0.0/toolchain/bin/../lib/gcc/arm-none-eabi/4.8.4/armv7e-m/fpu\libgcc.a(_divdi3.o)
 .ARM.exidx     0x00015338        0x0 c:/freescale/kds_3.0.0/toolchain/bin/../lib/gcc/arm-none-eabi/4.8.4/armv7e-m/fpu\libgcc.a(_udivdi3.o)
                                  0x8 (size before relaxing)
                0x00015338                __exidx_end = .

.rel.dyn        0x00015338        0x0
 .rel.iplt      0x00000000        0x0 ./09_MQXLite/psp/cortex_m/core/M4/dispatch.o

.ctors          0x00015338        0x0
                0x00015338                __CTOR_LIST__ = .
 *crtbegin.o(.ctors)
 *crtbegin?.o(.ctors)
 *(EXCLUDE_FILE(*crtend.o *crtend?.o) .ctors)
 *(SORT(.ctors.*))
 *(.ctors)
                0x00015338                __CTOR_END__ = .

.dtors          0x00015338        0x0
                0x00015338                __DTOR_LIST__ = .
 *crtbegin.o(.dtors)
 *crtbegin?.o(.dtors)
 *(EXCLUDE_FILE(*crtend.o *crtend?.o) .dtors)
 *(SORT(.dtors.*))
 *(.dtors)
                0x00015338                __DTOR_END__ = .

.preinit_array  0x00015338        0x0
                0x00015338                PROVIDE (__preinit_array_start, .)
 *(.preinit_array*)
                0x00015338                PROVIDE (__preinit_array_end, .)

.init_array     0x00015338        0x0
                0x00015338                PROVIDE (__init_array_start, .)
 *(SORT(.init_array.*))
 *(.init_array*)
                0x00015338                PROVIDE (__init_array_end, .)

.fini_array     0x00015338        0x0
                0x00015338                PROVIDE (__fini_array_start, .)
 *(SORT(.fini_array.*))
 *(.fini_array*)
                0x00015338                PROVIDE (__fini_array_end, .)
                0x00015338                __etext = .
                0x00015338                __DATA_ROM = .

.data           0x1fff0000       0x2c load address 0x00015338
                0x1fff0000                . = ALIGN (0x4)
                0x1fff0000                __DATA_RAM = .
                0x1fff0000                __data_start__ = .
 *(.data)
 *(.data*)
 .data.mqx_task_stack_pointers
                0x1fff0000        0x8 ./09_MQXLite/app/02_task_templates.o
                0x1fff0000                mqx_task_stack_pointers
 .data.end_light.8658
                0x1fff0008        0x2 ./09_MQXLite/app/task_horserace.o
 *fill*         0x1fff000a        0x2 
 .data.sumLen.8704
                0x1fff000c        0x4 ./09_MQXLite/app/task_sdhc.o
 .data.red_value.8657
                0x1fff0010        0x1 ./09_MQXLite/app/task_waterlamp.o
 *fill*         0x1fff0011        0x3 
 .data.SRC_MAC_ADDR
                0x1fff0014        0x4 ./07_Soft_Component/w5500/dhcp.o
                0x1fff0014                SRC_MAC_ADDR
 .data.DHCP_XID
                0x1fff0018        0x4 ./07_Soft_Component/w5500/dhcp.o
                0x1fff0018                DHCP_XID
 .data.znFAT_Buffer
                0x1fff001c        0x4 ./06_App_Component/emfs/znFAT.o
                0x1fff001c                znFAT_Buffer
 .data.Stat     0x1fff0020        0x1 ./06_App_Component/diskio/diskio.o
 *fill*         0x1fff0021        0x3 
 .data.SystemCoreClock
                0x1fff0024        0x4 ./03_MCU/system_MK64F12.o
                0x1fff0024                SystemCoreClock
 .data._mqx_kernel_data
                0x1fff0028        0x4 E:\LED_DMX512\K64_SD_DMX_SLAVE\09_MQXLite\kernel\libkernel.a(mqxlite.o)
                0x1fff0028                _mqx_kernel_data
 *(.jcr*)
                0x1fff002c                . = ALIGN (0x4)
                0x1fff002c                __data_end__ = .
                0x00015364                __DATA_END = (__DATA_ROM + (__data_end__ - __data_start__))

.igot.plt       0x1fff002c        0x0 load address 0x00015364
 .igot.plt      0x00000000        0x0 ./09_MQXLite/psp/cortex_m/core/M4/dispatch.o

.bss            0x1fff002c     0xfc34 load address 0x00015364
                0x1fff002c                . = ALIGN (0x4)
                0x1fff002c                __START_BSS = .
                0x1fff002c                __bss_start__ = .
 *(.bss)
 *(.bss*)
 .bss.start_light.8657
                0x1fff002c        0x2 ./09_MQXLite/app/task_horserace.o
 .bss.green_value.8660
                0x1fff002e        0x1 ./09_MQXLite/app/task_horserace.o
 .bss.blue_value.8661
                0x1fff002f        0x1 ./09_MQXLite/app/task_horserace.o
 .bss.FileParam
                0x1fff0030        0xc ./09_MQXLite/app/task_sdhc.o
 .bss.fileNum   0x1fff003c        0x1 ./09_MQXLite/app/task_sdhc.o
 *fill*         0x1fff003d        0x1 
 .bss.MCUNum    0x1fff003e        0x2 ./09_MQXLite/app/task_sdhc.o
 .bss.chNum     0x1fff0040        0x1 ./09_MQXLite/app/task_sdhc.o
 *fill*         0x1fff0041        0x3 
 .bss.blockNum  0x1fff0044        0x4 ./09_MQXLite/app/task_sdhc.o
 .bss.Flen      0x1fff0048        0x4 ./09_MQXLite/app/task_sdhc.o
 .bss.s_sumLen  0x1fff004c        0x4 ./09_MQXLite/app/task_sdhc.o
 .bss.Block_Index
                0x1fff0050        0x4 ./09_MQXLite/app/task_sdhc.o
 .bss.green_value.8658
                0x1fff0054        0x1 ./09_MQXLite/app/task_waterlamp.o
 .bss.blue_value.8659
                0x1fff0055        0x1 ./09_MQXLite/app/task_waterlamp.o
 .bss.frameCount.8684
                0x1fff0056        0x2 ./08_Source/isr.o
 .bss.DHCP_SIP  0x1fff0058        0x4 ./07_Soft_Component/w5500/dhcp.o
                0x1fff0058                DHCP_SIP
 .bss.DHCP_REAL_SIP
                0x1fff005c        0x4 ./07_Soft_Component/w5500/dhcp.o
                0x1fff005c                DHCP_REAL_SIP
 .bss.dhcp_state
                0x1fff0060        0x1 ./07_Soft_Component/w5500/dhcp.o
                0x1fff0060                dhcp_state
 *fill*         0x1fff0061        0x3 
 .bss.SSIZE     0x1fff0064       0x10 ./07_Soft_Component/w5500/w5500.o
 .bss.RSIZE     0x1fff0074       0x10 ./07_Soft_Component/w5500/w5500.o
 .bss.b_sd      0x1fff0084        0x1 ./07_Soft_Component/comlib_server/comlib_server.o
                0x1fff0084                b_sd
 .bss.g_bSDWaitEvent
                0x1fff0085        0x1 ./07_Soft_Component/comlib_server/comlib_server.o
                0x1fff0085                g_bSDWaitEvent
 .bss.g_bDMXWaitEvent
                0x1fff0086        0x1 ./07_Soft_Component/comlib_server/comlib_server.o
                0x1fff0086                g_bDMXWaitEvent
 .bss.Dev_No    0x1fff0087        0x1 ./06_App_Component/emfs/znFAT.o
                0x1fff0087                Dev_No
 .bss.just_file
                0x1fff0088        0x4 ./06_App_Component/emfs/znFAT.o
                0x1fff0088                just_file
 .bss.s_uart0.6534
                0x1fff008c        0x1 ./05_Driver/uart/uart.o
 *(COMMON)
 *fill*         0x1fff008d        0x3 
 COMMON         0x1fff0090      0xc70 ./09_MQXLite/bsp/mqx_init.o
                0x1fff0090                mqx_interrupt_stack
                0x1fff02a0                mqx_kernel_data
                0x1fff0504                mqx_static_ready_queue
                0x1fff0614                mqx_static_isr_table
                0x1fff0a28                mqx_idle_task_stack
                0x1fff0b98                mqx_system_stack
 COMMON         0x1fff0d00       0xc6 ./09_MQXLite/app/02_task_templates.o
                0x1fff0d00                ConfigMsg
                0x1fff0d24                RecvMsg
                0x1fff0d48                s_tappinfo
 *fill*         0x1fff0dc6        0x2 
 COMMON         0x1fff0dc8     0xe518 ./09_MQXLite/app/03_task_main.o
                0x1fff0dc8                lwevent_group
                0x1fff0dec                g_smallrecvfreelist
                0x1fff0df4                uart_recvBuf
                0x1fff1628                isuartsaveover
                0x1fff162c                task_main_stack
                0x1fffeabc                g_tffreelist
                0x1fffeadc                g_tfdatalist
                0x1fffeafc                g_enetrecvdatalist
                0x1fffeb04                g_largerecvfreelist
                0x1fffeb0c                task_light_stack
                0x1fffef84                g_tLargeBufNode
                0x1ffff010                sdInitArgs
                0x1ffff038                g_tSmallBufNode
                0x1ffff2d8                dt1
 COMMON         0x1ffff2e0        0x1 ./09_MQXLite/app/task_DMX512.o
                0x1ffff2e0                effectflag
 *fill*         0x1ffff2e1        0x3 
 COMMON         0x1ffff2e4      0x206 ./09_MQXLite/app/task_sdhc.o
                0x1ffff2e4                cmd_array
                0x1ffff3e0                fileinfo1
                0x1ffff4e0                lightnum
                0x1ffff4e4                FrameNum
                0x1ffff4e8                timeInterval
 *fill*         0x1ffff4ea        0x2 
 COMMON         0x1ffff4ec      0x108 ./09_MQXLite/app/task_uartsave.o
                0x1ffff4ec                dt2
                0x1ffff4f4                fileinfo2
 COMMON         0x1ffff5f4        0xc ./08_Source/isr.o
                0x1ffff5f4                effects
                0x1ffff5f8                detect_receive
 COMMON         0x1ffff600      0x40c ./07_Soft_Component/w5500/dhcp.o
                0x1ffff600                EXTERN_DHCPBUF
                0x1ffffa00                OLD_SIP
                0x1ffffa04                DHCP_timer
                0x1ffffa08                dhcp_lease_time
 COMMON         0x1ffffa0c       0x34 ./06_App_Component/emfs/deviceio.o
                0x1ffffa0c                ioctl
                0x1ffffa14                inquiryResult
                0x1ffffa38                blkSize
                0x1ffffa3c                numBlks
 COMMON         0x1ffffa40      0x204 ./06_App_Component/emfs/znFAT.o
                0x1ffffa40                pInit_Args
                0x1ffffa44                tmpBuf
 COMMON         0x1ffffc44       0x18 ./05_Driver/sdhc/sdhc.o
                0x1ffffc44                SDHC_Card
 COMMON         0x1ffffc5c        0x4 E:\LED_DMX512\K64_SD_DMX_SLAVE\09_MQXLite\kernel\libkernel.a(task.o)
                0x1ffffc5c                _tad_task_at_flag
                0x1ffffc60                . = ALIGN (0x4)
                0x1ffffc60                __bss_end__ = .
                0x1ffffc60                __END_BSS = .
                0x1ffffc60                __edata = .
                0x1ffffc60                ___m_data_2_ROMStart = .

.m_data_2       0x20000000     0x35f0 load address 0x1ffffc60
                0x20000000                . = ALIGN (0x4)
                0x20000000                ___m_data_2_RAMStart = .
 *(.m_data_2)
 .m_data_2      0x20000000     0x2df0 ./09_MQXLite/app/03_task_main.o
                0x20000000                task_DMX512_stack
                0x20000490                task_sdhc_stack
                0x20000920                task_detect_stack
                0x20000db0                task_effects_stack
                0x20001040                task_waterlamp_stack
                0x200012d0                task_horserace_stack
                0x20001560                task_uartsave_stack
 .m_data_2      0x20002df0      0x800 ./09_MQXLite/app/task_effects.o
                0x20002df0                colorBuf
                0x200035f0                ___m_data_2_RAMEnd = .
                0x200035f0                . = ALIGN (0x4)

.heap           0x200035f0      0x400 load address 0x20003250
                0x200035f0                . = ALIGN (0x8)
                0x200035f0                __end__ = .
                0x200035f0                PROVIDE (end, .)
                0x200035f0                __HeapBase = .
                0x200039f0                . = (. + HEAP_SIZE)
 *fill*         0x200035f0      0x400 
                0x200039f0                __HeapLimit = .

.stack          0x200039f0      0x400 load address 0x20003650
                0x200039f0                . = ALIGN (0x8)
                0x20003df0                . = (. + STACK_SIZE)
 *fill*         0x200039f0      0x400 
                0x20020000                __StackTop = (ORIGIN (m_data_2) + 0x20000)
                0x2001fc00                __StackLimit = (__StackTop - STACK_SIZE)
                0x20020000                PROVIDE (__stack, __StackTop)

.ARM.attributes
                0x00000000       0x35
 *(.ARM.attributes)
 .ARM.attributes
                0x00000000       0x25 ./09_MQXLite/psp/cortex_m/core/M4/dispatch.o
 .ARM.attributes
                0x00000025       0x39 ./09_MQXLite/psp/cortex_m/int_inst.o
 .ARM.attributes
                0x0000005e       0x39 ./09_MQXLite/psp/cortex_m/mem_zero.o
 .ARM.attributes
                0x00000097       0x39 ./09_MQXLite/psp/cortex_m/psp_iinit.o
 .ARM.attributes
                0x000000d0       0x39 ./09_MQXLite/psp/cortex_m/psp_tiad.o
 .ARM.attributes
                0x00000109       0x39 ./09_MQXLite/psp/cortex_m/psp_tinm.o
 .ARM.attributes
                0x00000142       0x39 ./09_MQXLite/psp/cortex_m/sc_irdyq.o
 .ARM.attributes
                0x0000017b       0x39 ./09_MQXLite/psp/cortex_m/stack_bu.o
 .ARM.attributes
                0x000001b4       0x39 ./09_MQXLite/psp/cortex_m/stack_de.o
 .ARM.attributes
                0x000001ed       0x39 ./09_MQXLite/bsp/init_bsp.o
 .ARM.attributes
                0x00000226       0x39 ./09_MQXLite/bsp/mqx_init.o
 .ARM.attributes
                0x0000025f       0x39 ./09_MQXLite/app/02_task_templates.o
 .ARM.attributes
                0x00000298       0x39 ./09_MQXLite/app/03_task_main.o
 .ARM.attributes
                0x000002d1       0x39 ./09_MQXLite/app/task_DMX512.o
 .ARM.attributes
                0x0000030a       0x39 ./09_MQXLite/app/task_detect.o
 .ARM.attributes
                0x00000343       0x39 ./09_MQXLite/app/task_effects.o
 .ARM.attributes
                0x0000037c       0x39 ./09_MQXLite/app/task_horserace.o
 .ARM.attributes
                0x000003b5       0x39 ./09_MQXLite/app/task_light.o
 .ARM.attributes
                0x000003ee       0x39 ./09_MQXLite/app/task_sdhc.o
 .ARM.attributes
                0x00000427       0x39 ./09_MQXLite/app/task_uartsave.o
 .ARM.attributes
                0x00000460       0x39 ./09_MQXLite/app/task_waterlamp.o
 .ARM.attributes
                0x00000499       0x39 ./08_Source/isr.o
 .ARM.attributes
                0x000004d2       0x39 ./08_Source/main.o
 .ARM.attributes
                0x0000050b       0x39 ./07_Soft_Component/w5500/SPI2.o
 .ARM.attributes
                0x00000544       0x39 ./07_Soft_Component/w5500/dhcp.o
 .ARM.attributes
                0x0000057d       0x39 ./07_Soft_Component/w5500/enet.o
 .ARM.attributes
                0x000005b6       0x39 ./07_Soft_Component/w5500/socket.o
 .ARM.attributes
                0x000005ef       0x39 ./07_Soft_Component/w5500/w5500.o
 .ARM.attributes
                0x00000628       0x39 ./07_Soft_Component/printf/printf.o
 .ARM.attributes
                0x00000661       0x39 ./07_Soft_Component/common/common.o
 .ARM.attributes
                0x0000069a       0x39 ./07_Soft_Component/comlib_server/comlib_server.o
 .ARM.attributes
                0x000006d3       0x39 ./07_Soft_Component/buflist/buflist.o
 .ARM.attributes
                0x0000070c       0x39 ./06_App_Component/light/light.o
 .ARM.attributes
                0x00000745       0x39 ./06_App_Component/emfs/deviceio.o
 .ARM.attributes
                0x0000077e       0x39 ./06_App_Component/emfs/znFAT.o
 .ARM.attributes
                0x000007b7       0x39 ./06_App_Component/diskio/diskio.o
 .ARM.attributes
                0x000007f0       0x39 ./06_App_Component/DMX512/DMX512.o
 .ARM.attributes
                0x00000829       0x39 ./05_Driver/uart/uart.o
 .ARM.attributes
                0x00000862       0x39 ./05_Driver/spi/spi.o
 .ARM.attributes
                0x0000089b       0x39 ./05_Driver/sdhc/sdhc.o
 .ARM.attributes
                0x000008d4       0x39 ./05_Driver/gpio/gpio.o
 .ARM.attributes
                0x0000090d       0x25 ./03_MCU/boot.o
 .ARM.attributes
                0x00000932       0x1f ./03_MCU/startup_MK64F12.o
 .ARM.attributes
                0x00000951       0x39 ./03_MCU/system_MK64F12.o
 .ARM.attributes
                0x0000098a       0x39 E:\LED_DMX512\K64_SD_DMX_SLAVE\09_MQXLite\kernel\libkernel.a(int.o)
 .ARM.attributes
                0x000009c3       0x39 E:\LED_DMX512\K64_SD_DMX_SLAVE\09_MQXLite\kernel\libkernel.a(lwevent.o)
 .ARM.attributes
                0x000009fc       0x39 E:\LED_DMX512\K64_SD_DMX_SLAVE\09_MQXLite\kernel\libkernel.a(mqx_utils.o)
 .ARM.attributes
                0x00000a35       0x39 E:\LED_DMX512\K64_SD_DMX_SLAVE\09_MQXLite\kernel\libkernel.a(mqxlite.o)
 .ARM.attributes
                0x00000a6e       0x39 E:\LED_DMX512\K64_SD_DMX_SLAVE\09_MQXLite\kernel\libkernel.a(task.o)
 .ARM.attributes
                0x00000aa7       0x39 E:\LED_DMX512\K64_SD_DMX_SLAVE\09_MQXLite\kernel\libkernel.a(time_ticks.o)
 .ARM.attributes
                0x00000ae0       0x39 E:\LED_DMX512\K64_SD_DMX_SLAVE\09_MQXLite\kernel\libkernel.a(idletask.o)
 .ARM.attributes
                0x00000b19       0x39 E:\LED_DMX512\K64_SD_DMX_SLAVE\09_MQXLite\kernel\libkernel.a(lwsem.o)
 .ARM.attributes
                0x00000b52       0x22 c:/freescale/kds_3.0.0/toolchain/bin/../lib/gcc/arm-none-eabi/4.8.4/armv7e-m/fpu\libgcc.a(_arm_addsubdf3.o)
 .ARM.attributes
                0x00000b74       0x22 c:/freescale/kds_3.0.0/toolchain/bin/../lib/gcc/arm-none-eabi/4.8.4/armv7e-m/fpu\libgcc.a(_arm_muldivdf3.o)
 .ARM.attributes
                0x00000b96       0x22 c:/freescale/kds_3.0.0/toolchain/bin/../lib/gcc/arm-none-eabi/4.8.4/armv7e-m/fpu\libgcc.a(_arm_cmpdf2.o)
 .ARM.attributes
                0x00000bb8       0x22 c:/freescale/kds_3.0.0/toolchain/bin/../lib/gcc/arm-none-eabi/4.8.4/armv7e-m/fpu\libgcc.a(_arm_fixunsdfsi.o)
 .ARM.attributes
                0x00000bda       0x22 c:/freescale/kds_3.0.0/toolchain/bin/../lib/gcc/arm-none-eabi/4.8.4/armv7e-m/fpu\libgcc.a(_aeabi_uldivmod.o)
 .ARM.attributes
                0x00000bfc       0x34 c:/freescale/kds_3.0.0/toolchain/bin/../lib/gcc/arm-none-eabi/4.8.4/armv7e-m/fpu\libgcc.a(_fixunsdfdi.o)
 .ARM.attributes
                0x00000c30       0x34 c:/freescale/kds_3.0.0/toolchain/bin/../lib/gcc/arm-none-eabi/4.8.4/armv7e-m/fpu\libgcc.a(bpabi.o)
 .ARM.attributes
                0x00000c64       0x22 c:/freescale/kds_3.0.0/toolchain/bin/../lib/gcc/arm-none-eabi/4.8.4/armv7e-m/fpu\libgcc.a(_dvmd_tls.o)
 .ARM.attributes
                0x00000c86       0x34 c:/freescale/kds_3.0.0/toolchain/bin/../lib/gcc/arm-none-eabi/4.8.4/armv7e-m/fpu\libgcc.a(_divdi3.o)
 .ARM.attributes
                0x00000cba       0x34 c:/freescale/kds_3.0.0/toolchain/bin/../lib/gcc/arm-none-eabi/4.8.4/armv7e-m/fpu\libgcc.a(_udivdi3.o)
 .ARM.attributes
                0x00000cee       0x34 c:/freescale/kds_3.0.0/toolchain/bin/../lib/gcc/arm-none-eabi/4.8.4/../../../../arm-none-eabi/lib/armv7e-m/fpu\libg_s.a(lib_a-memcpy-stub.o)
 .ARM.attributes
                0x00000d22       0x34 c:/freescale/kds_3.0.0/toolchain/bin/../lib/gcc/arm-none-eabi/4.8.4/../../../../arm-none-eabi/lib/armv7e-m/fpu\libg_s.a(lib_a-memset.o)
 .ARM.attributes
                0x00000d56       0x34 c:/freescale/kds_3.0.0/toolchain/bin/../lib/gcc/arm-none-eabi/4.8.4/../../../../arm-none-eabi/lib/armv7e-m/fpu\libg_s.a(lib_a-strlen.o)
                0x00000001                ASSERT ((__StackLimit >= __HeapLimit), region m_data_2 overflowed with stack and heap)
OUTPUT(K64_DMX_SLAVE.elf elf32-littlearm)

.debug_line     0x00000000    0x1a44a
 .debug_line    0x00000000      0x17d ./09_MQXLite/psp/cortex_m/core/M4/dispatch.o
 .debug_line    0x0000017d      0x4c1 ./09_MQXLite/psp/cortex_m/int_inst.o
 .debug_line    0x0000063e      0x53f ./09_MQXLite/psp/cortex_m/mem_zero.o
 .debug_line    0x00000b7d      0x4b9 ./09_MQXLite/psp/cortex_m/psp_iinit.o
 .debug_line    0x00001036      0x4bc ./09_MQXLite/psp/cortex_m/psp_tiad.o
 .debug_line    0x000014f2      0x4ba ./09_MQXLite/psp/cortex_m/psp_tinm.o
 .debug_line    0x000019ac      0x511 ./09_MQXLite/psp/cortex_m/sc_irdyq.o
 .debug_line    0x00001ebd      0x4c6 ./09_MQXLite/psp/cortex_m/stack_bu.o
 .debug_line    0x00002383      0x4b4 ./09_MQXLite/psp/cortex_m/stack_de.o
 .debug_line    0x00002837      0x5d7 ./09_MQXLite/bsp/init_bsp.o
 .debug_line    0x00002e0e      0x49b ./09_MQXLite/bsp/mqx_init.o
 .debug_line    0x000032a9      0xb7f ./09_MQXLite/app/02_task_templates.o
 .debug_line    0x00003e28      0xc5e ./09_MQXLite/app/03_task_main.o
 .debug_line    0x00004a86      0xbdc ./09_MQXLite/app/task_DMX512.o
 .debug_line    0x00005662      0xba4 ./09_MQXLite/app/task_detect.o
 .debug_line    0x00006206      0xbbd ./09_MQXLite/app/task_effects.o
 .debug_line    0x00006dc3      0xbc2 ./09_MQXLite/app/task_horserace.o
 .debug_line    0x00007985      0xb9a ./09_MQXLite/app/task_light.o
 .debug_line    0x0000851f      0xc3b ./09_MQXLite/app/task_sdhc.o
 .debug_line    0x0000915a      0xbef ./09_MQXLite/app/task_uartsave.o
 .debug_line    0x00009d49      0xbb7 ./09_MQXLite/app/task_waterlamp.o
 .debug_line    0x0000a900      0xc31 ./08_Source/isr.o
 .debug_line    0x0000b531      0xb7b ./08_Source/main.o
 .debug_line    0x0000c0ac      0x696 ./07_Soft_Component/w5500/SPI2.o
 .debug_line    0x0000c742      0x8b7 ./07_Soft_Component/w5500/dhcp.o
 .debug_line    0x0000cff9      0xc0a ./07_Soft_Component/w5500/enet.o
 .debug_line    0x0000dc03      0x751 ./07_Soft_Component/w5500/socket.o
 .debug_line    0x0000e354      0x983 ./07_Soft_Component/w5500/w5500.o
 .debug_line    0x0000ecd7      0x7a9 ./07_Soft_Component/printf/printf.o
 .debug_line    0x0000f480      0x4d4 ./07_Soft_Component/common/common.o
 .debug_line    0x0000f954     0x1b41 ./07_Soft_Component/comlib_server/comlib_server.o
 .debug_line    0x00011495      0x530 ./07_Soft_Component/buflist/buflist.o
 .debug_line    0x000119c5      0x479 ./06_App_Component/light/light.o
 .debug_line    0x00011e3e      0x5a2 ./06_App_Component/emfs/deviceio.o
 .debug_line    0x000123e0     0x14d9 ./06_App_Component/emfs/znFAT.o
 .debug_line    0x000138b9      0x5f9 ./06_App_Component/diskio/diskio.o
 .debug_line    0x00013eb2      0xd3a ./06_App_Component/DMX512/DMX512.o
 .debug_line    0x00014bec      0x5ba ./05_Driver/uart/uart.o
 .debug_line    0x000151a6      0x685 ./05_Driver/spi/spi.o
 .debug_line    0x0001582b      0x686 ./05_Driver/sdhc/sdhc.o
 .debug_line    0x00015eb1      0x51a ./05_Driver/gpio/gpio.o
 .debug_line    0x000163cb       0x57 ./03_MCU/boot.o
 .debug_line    0x00016422       0x6c ./03_MCU/startup_MK64F12.o
 .debug_line    0x0001648e      0x365 ./03_MCU/system_MK64F12.o
 .debug_line    0x000167f3      0x69e E:\LED_DMX512\K64_SD_DMX_SLAVE\09_MQXLite\kernel\libkernel.a(int.o)
 .debug_line    0x00016e91      0x757 E:\LED_DMX512\K64_SD_DMX_SLAVE\09_MQXLite\kernel\libkernel.a(lwevent.o)
 .debug_line    0x000175e8      0x5e7 E:\LED_DMX512\K64_SD_DMX_SLAVE\09_MQXLite\kernel\libkernel.a(mqx_utils.o)
 .debug_line    0x00017bcf      0x874 E:\LED_DMX512\K64_SD_DMX_SLAVE\09_MQXLite\kernel\libkernel.a(mqxlite.o)
 .debug_line    0x00018443      0xbb8 E:\LED_DMX512\K64_SD_DMX_SLAVE\09_MQXLite\kernel\libkernel.a(task.o)
 .debug_line    0x00018ffb      0x812 E:\LED_DMX512\K64_SD_DMX_SLAVE\09_MQXLite\kernel\libkernel.a(time_ticks.o)
 .debug_line    0x0001980d      0x4d9 E:\LED_DMX512\K64_SD_DMX_SLAVE\09_MQXLite\kernel\libkernel.a(idletask.o)
 .debug_line    0x00019ce6      0x764 E:\LED_DMX512\K64_SD_DMX_SLAVE\09_MQXLite\kernel\libkernel.a(lwsem.o)

.debug_info     0x00000000    0x2587b
 .debug_info    0x00000000       0x7b ./09_MQXLite/psp/cortex_m/core/M4/dispatch.o
 .debug_info    0x0000007b      0xa82 ./09_MQXLite/psp/cortex_m/int_inst.o
 .debug_info    0x00000afd      0x16f ./09_MQXLite/psp/cortex_m/mem_zero.o
 .debug_info    0x00000c6c      0x10d ./09_MQXLite/psp/cortex_m/psp_iinit.o
 .debug_info    0x00000d79      0xad2 ./09_MQXLite/psp/cortex_m/psp_tiad.o
 .debug_info    0x0000184b      0xacb ./09_MQXLite/psp/cortex_m/psp_tinm.o
 .debug_info    0x00002316      0xc7d ./09_MQXLite/psp/cortex_m/sc_irdyq.o
 .debug_info    0x00002f93      0x676 ./09_MQXLite/psp/cortex_m/stack_bu.o
 .debug_info    0x00003609      0x453 ./09_MQXLite/psp/cortex_m/stack_de.o
 .debug_info    0x00003a5c     0x1245 ./09_MQXLite/bsp/init_bsp.o
 .debug_info    0x00004ca1      0xd87 ./09_MQXLite/bsp/mqx_init.o
 .debug_info    0x00005a28      0xaf8 ./09_MQXLite/app/02_task_templates.o
 .debug_info    0x00006520     0x1064 ./09_MQXLite/app/03_task_main.o
 .debug_info    0x00007584      0xce0 ./09_MQXLite/app/task_DMX512.o
 .debug_info    0x00008264      0xab3 ./09_MQXLite/app/task_detect.o
 .debug_info    0x00008d17      0xb64 ./09_MQXLite/app/task_effects.o
 .debug_info    0x0000987b      0xb98 ./09_MQXLite/app/task_horserace.o
 .debug_info    0x0000a413      0x9f5 ./09_MQXLite/app/task_light.o
 .debug_info    0x0000ae08      0xf91 ./09_MQXLite/app/task_sdhc.o
 .debug_info    0x0000bd99      0xd23 ./09_MQXLite/app/task_uartsave.o
 .debug_info    0x0000cabc      0xb76 ./09_MQXLite/app/task_waterlamp.o
 .debug_info    0x0000d632      0xcdb ./08_Source/isr.o
 .debug_info    0x0000e30d      0xe6f ./08_Source/main.o
 .debug_info    0x0000f17c      0x4bf ./07_Soft_Component/w5500/SPI2.o
 .debug_info    0x0000f63b      0x88b ./07_Soft_Component/w5500/dhcp.o
 .debug_info    0x0000fec6      0xbe8 ./07_Soft_Component/w5500/enet.o
 .debug_info    0x00010aae      0x3e4 ./07_Soft_Component/w5500/socket.o
 .debug_info    0x00010e92      0x9fc ./07_Soft_Component/w5500/w5500.o
 .debug_info    0x0001188e      0x67d ./07_Soft_Component/printf/printf.o
 .debug_info    0x00011f0b      0x2bf ./07_Soft_Component/common/common.o
 .debug_info    0x000121ca     0x3b22 ./07_Soft_Component/comlib_server/comlib_server.o
 .debug_info    0x00015cec      0x3bd ./07_Soft_Component/buflist/buflist.o
 .debug_info    0x000160a9      0x31b ./06_App_Component/light/light.o
 .debug_info    0x000163c4      0x2f8 ./06_App_Component/emfs/deviceio.o
 .debug_info    0x000166bc     0x2600 ./06_App_Component/emfs/znFAT.o
 .debug_info    0x00018cbc      0x521 ./06_App_Component/diskio/diskio.o
 .debug_info    0x000191dd      0xc35 ./06_App_Component/DMX512/DMX512.o
 .debug_info    0x00019e12      0xcba ./05_Driver/uart/uart.o
 .debug_info    0x0001aacc      0xbd6 ./05_Driver/spi/spi.o
 .debug_info    0x0001b6a2      0x923 ./05_Driver/sdhc/sdhc.o
 .debug_info    0x0001bfc5      0x99b ./05_Driver/gpio/gpio.o
 .debug_info    0x0001c960       0x5e ./03_MCU/boot.o
 .debug_info    0x0001c9be       0x69 ./03_MCU/startup_MK64F12.o
 .debug_info    0x0001ca27      0x767 ./03_MCU/system_MK64F12.o
 .debug_info    0x0001d18e      0xfa7 E:\LED_DMX512\K64_SD_DMX_SLAVE\09_MQXLite\kernel\libkernel.a(int.o)
 .debug_info    0x0001e135     0x10fb E:\LED_DMX512\K64_SD_DMX_SLAVE\09_MQXLite\kernel\libkernel.a(lwevent.o)
 .debug_info    0x0001f230      0xbe1 E:\LED_DMX512\K64_SD_DMX_SLAVE\09_MQXLite\kernel\libkernel.a(mqx_utils.o)
 .debug_info    0x0001fe11      0xe0d E:\LED_DMX512\K64_SD_DMX_SLAVE\09_MQXLite\kernel\libkernel.a(mqxlite.o)
 .debug_info    0x00020c1e     0x20db E:\LED_DMX512\K64_SD_DMX_SLAVE\09_MQXLite\kernel\libkernel.a(task.o)
 .debug_info    0x00022cf9     0x107b E:\LED_DMX512\K64_SD_DMX_SLAVE\09_MQXLite\kernel\libkernel.a(time_ticks.o)
 .debug_info    0x00023d74      0xa4d E:\LED_DMX512\K64_SD_DMX_SLAVE\09_MQXLite\kernel\libkernel.a(idletask.o)
 .debug_info    0x000247c1     0x10ba E:\LED_DMX512\K64_SD_DMX_SLAVE\09_MQXLite\kernel\libkernel.a(lwsem.o)

.debug_abbrev   0x00000000     0x5422
 .debug_abbrev  0x00000000       0x14 ./09_MQXLite/psp/cortex_m/core/M4/dispatch.o
 .debug_abbrev  0x00000014      0x16b ./09_MQXLite/psp/cortex_m/int_inst.o
 .debug_abbrev  0x0000017f       0x9a ./09_MQXLite/psp/cortex_m/mem_zero.o
 .debug_abbrev  0x00000219       0x8c ./09_MQXLite/psp/cortex_m/psp_iinit.o
 .debug_abbrev  0x000002a5      0x144 ./09_MQXLite/psp/cortex_m/psp_tiad.o
 .debug_abbrev  0x000003e9      0x15c ./09_MQXLite/psp/cortex_m/psp_tinm.o
 .debug_abbrev  0x00000545      0x19f ./09_MQXLite/psp/cortex_m/sc_irdyq.o
 .debug_abbrev  0x000006e4      0x138 ./09_MQXLite/psp/cortex_m/stack_bu.o
 .debug_abbrev  0x0000081c       0xfd ./09_MQXLite/psp/cortex_m/stack_de.o
 .debug_abbrev  0x00000919      0x215 ./09_MQXLite/bsp/init_bsp.o
 .debug_abbrev  0x00000b2e      0x157 ./09_MQXLite/bsp/mqx_init.o
 .debug_abbrev  0x00000c85      0x1ae ./09_MQXLite/app/02_task_templates.o
 .debug_abbrev  0x00000e33      0x20c ./09_MQXLite/app/03_task_main.o
 .debug_abbrev  0x0000103f      0x1d8 ./09_MQXLite/app/task_DMX512.o
 .debug_abbrev  0x00001217      0x1af ./09_MQXLite/app/task_detect.o
 .debug_abbrev  0x000013c6      0x1c9 ./09_MQXLite/app/task_effects.o
 .debug_abbrev  0x0000158f      0x1c9 ./09_MQXLite/app/task_horserace.o
 .debug_abbrev  0x00001758      0x1a0 ./09_MQXLite/app/task_light.o
 .debug_abbrev  0x000018f8      0x212 ./09_MQXLite/app/task_sdhc.o
 .debug_abbrev  0x00001b0a      0x1eb ./09_MQXLite/app/task_uartsave.o
 .debug_abbrev  0x00001cf5      0x1c9 ./09_MQXLite/app/task_waterlamp.o
 .debug_abbrev  0x00001ebe      0x202 ./08_Source/isr.o
 .debug_abbrev  0x000020c0      0x200 ./08_Source/main.o
 .debug_abbrev  0x000022c0      0x159 ./07_Soft_Component/w5500/SPI2.o
 .debug_abbrev  0x00002419      0x235 ./07_Soft_Component/w5500/dhcp.o
 .debug_abbrev  0x0000264e      0x205 ./07_Soft_Component/w5500/enet.o
 .debug_abbrev  0x00002853      0x13e ./07_Soft_Component/w5500/socket.o
 .debug_abbrev  0x00002991      0x1f8 ./07_Soft_Component/w5500/w5500.o
 .debug_abbrev  0x00002b89      0x1f2 ./07_Soft_Component/printf/printf.o
 .debug_abbrev  0x00002d7b      0x147 ./07_Soft_Component/common/common.o
 .debug_abbrev  0x00002ec2      0x348 ./07_Soft_Component/comlib_server/comlib_server.o
 .debug_abbrev  0x0000320a      0x15a ./07_Soft_Component/buflist/buflist.o
 .debug_abbrev  0x00003364       0xe4 ./06_App_Component/light/light.o
 .debug_abbrev  0x00003448       0xe7 ./06_App_Component/emfs/deviceio.o
 .debug_abbrev  0x0000352f      0x1f6 ./06_App_Component/emfs/znFAT.o
 .debug_abbrev  0x00003725      0x1f4 ./06_App_Component/diskio/diskio.o
 .debug_abbrev  0x00003919      0x1f8 ./06_App_Component/DMX512/DMX512.o
 .debug_abbrev  0x00003b11      0x22f ./05_Driver/uart/uart.o
 .debug_abbrev  0x00003d40      0x1ec ./05_Driver/spi/spi.o
 .debug_abbrev  0x00003f2c      0x237 ./05_Driver/sdhc/sdhc.o
 .debug_abbrev  0x00004163      0x1a9 ./05_Driver/gpio/gpio.o
 .debug_abbrev  0x0000430c       0x14 ./03_MCU/boot.o
 .debug_abbrev  0x00004320       0x14 ./03_MCU/startup_MK64F12.o
 .debug_abbrev  0x00004334      0x143 ./03_MCU/system_MK64F12.o
 .debug_abbrev  0x00004477      0x22b E:\LED_DMX512\K64_SD_DMX_SLAVE\09_MQXLite\kernel\libkernel.a(int.o)
 .debug_abbrev  0x000046a2      0x1e4 E:\LED_DMX512\K64_SD_DMX_SLAVE\09_MQXLite\kernel\libkernel.a(lwevent.o)
 .debug_abbrev  0x00004886      0x1e8 E:\LED_DMX512\K64_SD_DMX_SLAVE\09_MQXLite\kernel\libkernel.a(mqx_utils.o)
 .debug_abbrev  0x00004a6e      0x1e9 E:\LED_DMX512\K64_SD_DMX_SLAVE\09_MQXLite\kernel\libkernel.a(mqxlite.o)
 .debug_abbrev  0x00004c57      0x2b2 E:\LED_DMX512\K64_SD_DMX_SLAVE\09_MQXLite\kernel\libkernel.a(task.o)
 .debug_abbrev  0x00004f09      0x207 E:\LED_DMX512\K64_SD_DMX_SLAVE\09_MQXLite\kernel\libkernel.a(time_ticks.o)
 .debug_abbrev  0x00005110      0x144 E:\LED_DMX512\K64_SD_DMX_SLAVE\09_MQXLite\kernel\libkernel.a(idletask.o)
 .debug_abbrev  0x00005254      0x1ce E:\LED_DMX512\K64_SD_DMX_SLAVE\09_MQXLite\kernel\libkernel.a(lwsem.o)

.debug_aranges  0x00000000     0x15b0
 .debug_aranges
                0x00000000       0x20 ./09_MQXLite/psp/cortex_m/core/M4/dispatch.o
 .debug_aranges
                0x00000020       0x20 ./09_MQXLite/psp/cortex_m/int_inst.o
 .debug_aranges
                0x00000040       0x20 ./09_MQXLite/psp/cortex_m/mem_zero.o
 .debug_aranges
                0x00000060       0x20 ./09_MQXLite/psp/cortex_m/psp_iinit.o
 .debug_aranges
                0x00000080       0x20 ./09_MQXLite/psp/cortex_m/psp_tiad.o
 .debug_aranges
                0x000000a0       0x20 ./09_MQXLite/psp/cortex_m/psp_tinm.o
 .debug_aranges
                0x000000c0       0x28 ./09_MQXLite/psp/cortex_m/sc_irdyq.o
 .debug_aranges
                0x000000e8       0x20 ./09_MQXLite/psp/cortex_m/stack_bu.o
 .debug_aranges
                0x00000108       0x20 ./09_MQXLite/psp/cortex_m/stack_de.o
 .debug_aranges
                0x00000128       0x40 ./09_MQXLite/bsp/init_bsp.o
 .debug_aranges
                0x00000168       0x18 ./09_MQXLite/bsp/mqx_init.o
 .debug_aranges
                0x00000180       0x48 ./09_MQXLite/app/02_task_templates.o
 .debug_aranges
                0x000001c8       0x68 ./09_MQXLite/app/03_task_main.o
 .debug_aranges
                0x00000230       0x58 ./09_MQXLite/app/task_DMX512.o
 .debug_aranges
                0x00000288       0x50 ./09_MQXLite/app/task_detect.o
 .debug_aranges
                0x000002d8       0x50 ./09_MQXLite/app/task_effects.o
 .debug_aranges
                0x00000328       0x50 ./09_MQXLite/app/task_horserace.o
 .debug_aranges
                0x00000378       0x50 ./09_MQXLite/app/task_light.o
 .debug_aranges
                0x000003c8       0x60 ./09_MQXLite/app/task_sdhc.o
 .debug_aranges
                0x00000428       0x50 ./09_MQXLite/app/task_uartsave.o
 .debug_aranges
                0x00000478       0x50 ./09_MQXLite/app/task_waterlamp.o
 .debug_aranges
                0x000004c8       0x80 ./08_Source/isr.o
 .debug_aranges
                0x00000548       0x50 ./08_Source/main.o
 .debug_aranges
                0x00000598       0x38 ./07_Soft_Component/w5500/SPI2.o
 .debug_aranges
                0x000005d0       0x88 ./07_Soft_Component/w5500/dhcp.o
 .debug_aranges
                0x00000658       0x58 ./07_Soft_Component/w5500/enet.o
 .debug_aranges
                0x000006b0       0x60 ./07_Soft_Component/w5500/socket.o
 .debug_aranges
                0x00000710      0x150 ./07_Soft_Component/w5500/w5500.o
 .debug_aranges
                0x00000860       0x58 ./07_Soft_Component/printf/printf.o
 .debug_aranges
                0x000008b8       0x40 ./07_Soft_Component/common/common.o
 .debug_aranges
                0x000008f8      0x270 ./07_Soft_Component/comlib_server/comlib_server.o
 .debug_aranges
                0x00000b68       0x68 ./07_Soft_Component/buflist/buflist.o
 .debug_aranges
                0x00000bd0       0x30 ./06_App_Component/light/light.o
 .debug_aranges
                0x00000c00       0x48 ./06_App_Component/emfs/deviceio.o
 .debug_aranges
                0x00000c48      0x240 ./06_App_Component/emfs/znFAT.o
 .debug_aranges
                0x00000e88       0x58 ./06_App_Component/diskio/diskio.o
 .debug_aranges
                0x00000ee0       0x68 ./06_App_Component/DMX512/DMX512.o
 .debug_aranges
                0x00000f48       0x70 ./05_Driver/uart/uart.o
 .debug_aranges
                0x00000fb8       0x58 ./05_Driver/spi/spi.o
 .debug_aranges
                0x00001010       0x58 ./05_Driver/sdhc/sdhc.o
 .debug_aranges
                0x00001068       0x70 ./05_Driver/gpio/gpio.o
 .debug_aranges
                0x000010d8       0x20 ./03_MCU/boot.o
 .debug_aranges
                0x000010f8       0x20 ./03_MCU/startup_MK64F12.o
 .debug_aranges
                0x00001118       0x30 ./03_MCU/system_MK64F12.o
 .debug_aranges
                0x00001148       0x90 E:\LED_DMX512\K64_SD_DMX_SLAVE\09_MQXLite\kernel\libkernel.a(int.o)
 .debug_aranges
                0x000011d8       0x80 E:\LED_DMX512\K64_SD_DMX_SLAVE\09_MQXLite\kernel\libkernel.a(lwevent.o)
 .debug_aranges
                0x00001258       0x60 E:\LED_DMX512\K64_SD_DMX_SLAVE\09_MQXLite\kernel\libkernel.a(mqx_utils.o)
 .debug_aranges
                0x000012b8       0x30 E:\LED_DMX512\K64_SD_DMX_SLAVE\09_MQXLite\kernel\libkernel.a(mqxlite.o)
 .debug_aranges
                0x000012e8      0x170 E:\LED_DMX512\K64_SD_DMX_SLAVE\09_MQXLite\kernel\libkernel.a(task.o)
 .debug_aranges
                0x00001458       0xb8 E:\LED_DMX512\K64_SD_DMX_SLAVE\09_MQXLite\kernel\libkernel.a(time_ticks.o)
 .debug_aranges
                0x00001510       0x20 E:\LED_DMX512\K64_SD_DMX_SLAVE\09_MQXLite\kernel\libkernel.a(idletask.o)
 .debug_aranges
                0x00001530       0x80 E:\LED_DMX512\K64_SD_DMX_SLAVE\09_MQXLite\kernel\libkernel.a(lwsem.o)

.debug_ranges   0x00000000     0x1238
 .debug_ranges  0x00000000       0x10 ./09_MQXLite/psp/cortex_m/int_inst.o
 .debug_ranges  0x00000010       0x10 ./09_MQXLite/psp/cortex_m/mem_zero.o
 .debug_ranges  0x00000020       0x10 ./09_MQXLite/psp/cortex_m/psp_iinit.o
 .debug_ranges  0x00000030       0x10 ./09_MQXLite/psp/cortex_m/psp_tiad.o
 .debug_ranges  0x00000040       0x10 ./09_MQXLite/psp/cortex_m/psp_tinm.o
 .debug_ranges  0x00000050       0x18 ./09_MQXLite/psp/cortex_m/sc_irdyq.o
 .debug_ranges  0x00000068       0x10 ./09_MQXLite/psp/cortex_m/stack_bu.o
 .debug_ranges  0x00000078       0x10 ./09_MQXLite/psp/cortex_m/stack_de.o
 .debug_ranges  0x00000088       0x30 ./09_MQXLite/bsp/init_bsp.o
 .debug_ranges  0x000000b8       0x38 ./09_MQXLite/app/02_task_templates.o
 .debug_ranges  0x000000f0       0x58 ./09_MQXLite/app/03_task_main.o
 .debug_ranges  0x00000148       0x48 ./09_MQXLite/app/task_DMX512.o
 .debug_ranges  0x00000190       0x40 ./09_MQXLite/app/task_detect.o
 .debug_ranges  0x000001d0       0x40 ./09_MQXLite/app/task_effects.o
 .debug_ranges  0x00000210       0x40 ./09_MQXLite/app/task_horserace.o
 .debug_ranges  0x00000250       0x40 ./09_MQXLite/app/task_light.o
 .debug_ranges  0x00000290       0x50 ./09_MQXLite/app/task_sdhc.o
 .debug_ranges  0x000002e0       0x40 ./09_MQXLite/app/task_uartsave.o
 .debug_ranges  0x00000320       0x40 ./09_MQXLite/app/task_waterlamp.o
 .debug_ranges  0x00000360       0x70 ./08_Source/isr.o
 .debug_ranges  0x000003d0       0x40 ./08_Source/main.o
 .debug_ranges  0x00000410       0x28 ./07_Soft_Component/w5500/SPI2.o
 .debug_ranges  0x00000438       0x78 ./07_Soft_Component/w5500/dhcp.o
 .debug_ranges  0x000004b0       0x48 ./07_Soft_Component/w5500/enet.o
 .debug_ranges  0x000004f8       0x50 ./07_Soft_Component/w5500/socket.o
 .debug_ranges  0x00000548      0x140 ./07_Soft_Component/w5500/w5500.o
 .debug_ranges  0x00000688       0x48 ./07_Soft_Component/printf/printf.o
 .debug_ranges  0x000006d0       0x30 ./07_Soft_Component/common/common.o
 .debug_ranges  0x00000700      0x260 ./07_Soft_Component/comlib_server/comlib_server.o
 .debug_ranges  0x00000960       0x58 ./07_Soft_Component/buflist/buflist.o
 .debug_ranges  0x000009b8       0x20 ./06_App_Component/light/light.o
 .debug_ranges  0x000009d8       0x38 ./06_App_Component/emfs/deviceio.o
 .debug_ranges  0x00000a10      0x230 ./06_App_Component/emfs/znFAT.o
 .debug_ranges  0x00000c40       0x48 ./06_App_Component/diskio/diskio.o
 .debug_ranges  0x00000c88       0x58 ./06_App_Component/DMX512/DMX512.o
 .debug_ranges  0x00000ce0       0x60 ./05_Driver/uart/uart.o
 .debug_ranges  0x00000d40       0x48 ./05_Driver/spi/spi.o
 .debug_ranges  0x00000d88       0x48 ./05_Driver/sdhc/sdhc.o
 .debug_ranges  0x00000dd0       0x60 ./05_Driver/gpio/gpio.o
 .debug_ranges  0x00000e30       0x20 ./03_MCU/system_MK64F12.o
 .debug_ranges  0x00000e50       0x80 E:\LED_DMX512\K64_SD_DMX_SLAVE\09_MQXLite\kernel\libkernel.a(int.o)
 .debug_ranges  0x00000ed0       0x70 E:\LED_DMX512\K64_SD_DMX_SLAVE\09_MQXLite\kernel\libkernel.a(lwevent.o)
 .debug_ranges  0x00000f40       0x50 E:\LED_DMX512\K64_SD_DMX_SLAVE\09_MQXLite\kernel\libkernel.a(mqx_utils.o)
 .debug_ranges  0x00000f90       0x20 E:\LED_DMX512\K64_SD_DMX_SLAVE\09_MQXLite\kernel\libkernel.a(mqxlite.o)
 .debug_ranges  0x00000fb0      0x160 E:\LED_DMX512\K64_SD_DMX_SLAVE\09_MQXLite\kernel\libkernel.a(task.o)
 .debug_ranges  0x00001110       0xa8 E:\LED_DMX512\K64_SD_DMX_SLAVE\09_MQXLite\kernel\libkernel.a(time_ticks.o)
 .debug_ranges  0x000011b8       0x10 E:\LED_DMX512\K64_SD_DMX_SLAVE\09_MQXLite\kernel\libkernel.a(idletask.o)
 .debug_ranges  0x000011c8       0x70 E:\LED_DMX512\K64_SD_DMX_SLAVE\09_MQXLite\kernel\libkernel.a(lwsem.o)

.debug_macro    0x00000000    0x517b1
 .debug_macro   0x00000000      0x1cf ./09_MQXLite/psp/cortex_m/int_inst.o
 .debug_macro   0x000001cf      0x1cf ./09_MQXLite/psp/cortex_m/mem_zero.o
 .debug_macro   0x0000039e      0x1cf ./09_MQXLite/psp/cortex_m/psp_iinit.o
 .debug_macro   0x0000056d      0x1cf ./09_MQXLite/psp/cortex_m/psp_tiad.o
 .debug_macro   0x0000073c      0x1cf ./09_MQXLite/psp/cortex_m/psp_tinm.o
 .debug_macro   0x0000090b      0x1cf ./09_MQXLite/psp/cortex_m/sc_irdyq.o
 .debug_macro   0x00000ada      0x1cf ./09_MQXLite/psp/cortex_m/stack_bu.o
 .debug_macro   0x00000ca9      0x1cf ./09_MQXLite/psp/cortex_m/stack_de.o
 .debug_macro   0x00000e78      0x225 ./09_MQXLite/bsp/init_bsp.o
 .debug_macro   0x0000109d       0x68 ./09_MQXLite/bsp/init_bsp.o
 .debug_macro   0x00001105    0x175e0 ./09_MQXLite/bsp/init_bsp.o
 .debug_macro   0x000186e5       0x52 ./09_MQXLite/bsp/init_bsp.o
 .debug_macro   0x00018737       0x28 ./09_MQXLite/bsp/init_bsp.o
 .debug_macro   0x0001875f      0x1db ./09_MQXLite/bsp/mqx_init.o
 .debug_macro   0x0001893a      0x41f ./09_MQXLite/app/02_task_templates.o
 .debug_macro   0x00018d59       0x4c ./09_MQXLite/app/02_task_templates.o
 .debug_macro   0x00018da5       0x2e ./09_MQXLite/app/02_task_templates.o
 .debug_macro   0x00018dd3       0x4c ./09_MQXLite/app/02_task_templates.o
 .debug_macro   0x00018e1f       0x4c ./09_MQXLite/app/02_task_templates.o
 .debug_macro   0x00018e6b       0x70 ./09_MQXLite/app/02_task_templates.o
 .debug_macro   0x00018edb      0x30d ./09_MQXLite/app/02_task_templates.o
 .debug_macro   0x000191e8       0x3a ./09_MQXLite/app/02_task_templates.o
 .debug_macro   0x00019222       0x40 ./09_MQXLite/app/02_task_templates.o
 .debug_macro   0x00019262       0x7c ./09_MQXLite/app/02_task_templates.o
 .debug_macro   0x000192de      0x537 ./09_MQXLite/app/02_task_templates.o
 .debug_macro   0x00019815      0x191 ./09_MQXLite/app/02_task_templates.o
 .debug_macro   0x000199a6       0x50 ./09_MQXLite/app/02_task_templates.o
 .debug_macro   0x000199f6       0x1c ./09_MQXLite/app/02_task_templates.o
 .debug_macro   0x00019a12       0x76 ./09_MQXLite/app/02_task_templates.o
 .debug_macro   0x00019a88       0x7c ./09_MQXLite/app/02_task_templates.o
 .debug_macro   0x00019b04       0xa6 ./09_MQXLite/app/02_task_templates.o
 .debug_macro   0x00019baa       0x1d ./09_MQXLite/app/02_task_templates.o
 .debug_macro   0x00019bc7       0x42 ./09_MQXLite/app/02_task_templates.o
 .debug_macro   0x00019c09       0x23 ./09_MQXLite/app/02_task_templates.o
 .debug_macro   0x00019c2c       0x2e ./09_MQXLite/app/02_task_templates.o
 .debug_macro   0x00019c5a       0x3a ./09_MQXLite/app/02_task_templates.o
 .debug_macro   0x00019c94       0x22 ./09_MQXLite/app/02_task_templates.o
 .debug_macro   0x00019cb6      0x3ff ./09_MQXLite/app/02_task_templates.o
 .debug_macro   0x0001a0b5      0x12b ./09_MQXLite/app/02_task_templates.o
 .debug_macro   0x0001a1e0       0x28 ./09_MQXLite/app/02_task_templates.o
 .debug_macro   0x0001a208      0x2aa ./09_MQXLite/app/02_task_templates.o
 .debug_macro   0x0001a4b2      0x41f ./09_MQXLite/app/03_task_main.o
 .debug_macro   0x0001a8d1      0x2aa ./09_MQXLite/app/03_task_main.o
 .debug_macro   0x0001ab7b      0x419 ./09_MQXLite/app/task_DMX512.o
 .debug_macro   0x0001af94      0x419 ./09_MQXLite/app/task_detect.o
 .debug_macro   0x0001b3ad      0x419 ./09_MQXLite/app/task_effects.o
 .debug_macro   0x0001b7c6      0x419 ./09_MQXLite/app/task_horserace.o
 .debug_macro   0x0001bbdf      0x419 ./09_MQXLite/app/task_light.o
 .debug_macro   0x0001bff8      0x419 ./09_MQXLite/app/task_sdhc.o
 .debug_macro   0x0001c411      0x419 ./09_MQXLite/app/task_uartsave.o
 .debug_macro   0x0001c82a      0x419 ./09_MQXLite/app/task_waterlamp.o
 .debug_macro   0x0001cc43      0x43b ./08_Source/isr.o
 .debug_macro   0x0001d07e      0x423 ./08_Source/main.o
 .debug_macro   0x0001d4a1      0x2c5 ./07_Soft_Component/w5500/SPI2.o
 .debug_macro   0x0001d766       0x16 ./07_Soft_Component/w5500/SPI2.o
 .debug_macro   0x0001d77c       0x56 ./07_Soft_Component/w5500/SPI2.o
 .debug_macro   0x0001d7d2       0x1c ./07_Soft_Component/w5500/SPI2.o
 .debug_macro   0x0001d7ee      0x405 ./07_Soft_Component/w5500/SPI2.o
 .debug_macro   0x0001dbf3       0x16 ./07_Soft_Component/w5500/SPI2.o
 .debug_macro   0x0001dc09       0x22 ./07_Soft_Component/w5500/SPI2.o
 .debug_macro   0x0001dc2b      0x27c ./07_Soft_Component/w5500/dhcp.o
 .debug_macro   0x0001dea7       0x4a ./07_Soft_Component/w5500/dhcp.o
 .debug_macro   0x0001def1      0x20f ./07_Soft_Component/w5500/dhcp.o
 .debug_macro   0x0001e100      0x703 ./07_Soft_Component/w5500/dhcp.o
 .debug_macro   0x0001e803       0x34 ./07_Soft_Component/w5500/dhcp.o
 .debug_macro   0x0001e837      0x41d ./07_Soft_Component/w5500/enet.o
 .debug_macro   0x0001ec54       0x52 ./07_Soft_Component/w5500/enet.o
 .debug_macro   0x0001eca6      0x277 ./07_Soft_Component/w5500/socket.o
 .debug_macro   0x0001ef1d      0x294 ./07_Soft_Component/w5500/w5500.o
 .debug_macro   0x0001f1b1      0x25e ./07_Soft_Component/printf/printf.o
 .debug_macro   0x0001f40f      0x198 ./07_Soft_Component/common/common.o
 .debug_macro   0x0001f5a7      0x423 ./07_Soft_Component/comlib_server/comlib_server.o
 .debug_macro   0x0001f9ca       0x1d ./07_Soft_Component/comlib_server/comlib_server.o
 .debug_macro   0x0001f9e7      0x1b0 ./07_Soft_Component/buflist/buflist.o
 .debug_macro   0x0001fb97      0x1b6 ./06_App_Component/light/light.o
 .debug_macro   0x0001fd4d      0x1cc ./06_App_Component/emfs/deviceio.o
 .debug_macro   0x0001ff19      0x307 ./06_App_Component/emfs/deviceio.o
 .debug_macro   0x00020220       0x40 ./06_App_Component/emfs/deviceio.o
 .debug_macro   0x00020260       0x52 ./06_App_Component/emfs/znFAT.o
 .debug_macro   0x000202b2       0x10 ./06_App_Component/emfs/znFAT.o
 .debug_macro   0x000202c2      0x1b0 ./06_App_Component/diskio/diskio.o
 .debug_macro   0x00020472      0x416 ./06_App_Component/DMX512/DMX512.o
 .debug_macro   0x00020888       0x34 ./06_App_Component/DMX512/DMX512.o
 .debug_macro   0x000208bc      0x1a7 ./05_Driver/uart/uart.o
 .debug_macro   0x00020a63      0x267 ./05_Driver/spi/spi.o
 .debug_macro   0x00020cca      0x1a7 ./05_Driver/sdhc/sdhc.o
 .debug_macro   0x00020e71      0x1a7 ./05_Driver/gpio/gpio.o
 .debug_macro   0x00021018       0x90 ./03_MCU/system_MK64F12.o
 .debug_macro   0x000210a8      0x1c6 E:\LED_DMX512\K64_SD_DMX_SLAVE\09_MQXLite\kernel\libkernel.a(int.o)
 .debug_macro   0x0002126e      0x856 E:\LED_DMX512\K64_SD_DMX_SLAVE\09_MQXLite\kernel\libkernel.a(int.o)
 .debug_macro   0x00021ac4       0x68 E:\LED_DMX512\K64_SD_DMX_SLAVE\09_MQXLite\kernel\libkernel.a(int.o)
 .debug_macro   0x00021b2c    0x1773b E:\LED_DMX512\K64_SD_DMX_SLAVE\09_MQXLite\kernel\libkernel.a(int.o)
 .debug_macro   0x00039267      0x1d3 E:\LED_DMX512\K64_SD_DMX_SLAVE\09_MQXLite\kernel\libkernel.a(lwevent.o)
 .debug_macro   0x0003943a       0x10 E:\LED_DMX512\K64_SD_DMX_SLAVE\09_MQXLite\kernel\libkernel.a(lwevent.o)
 .debug_macro   0x0003944a      0x205 E:\LED_DMX512\K64_SD_DMX_SLAVE\09_MQXLite\kernel\libkernel.a(mqx_utils.o)
 .debug_macro   0x0003964f      0x373 E:\LED_DMX512\K64_SD_DMX_SLAVE\09_MQXLite\kernel\libkernel.a(mqxlite.o)
 .debug_macro   0x000399c2       0x22 E:\LED_DMX512\K64_SD_DMX_SLAVE\09_MQXLite\kernel\libkernel.a(mqxlite.o)
 .debug_macro   0x000399e4       0x16 E:\LED_DMX512\K64_SD_DMX_SLAVE\09_MQXLite\kernel\libkernel.a(mqxlite.o)